namespace = "zdoom";
thing
{
x = -928.000;
y = 1440.000;
type = 10704;
angle = 270;
skill1 = true;
skill2 = true;
skill3 = true;
skill4 = true;
skill5 = true;
renderstyle = "";
dormant = true;
single = true;
coop = true;
dm = true;
class1 = true;
class2 = true;
class3 = true;
}

thing
{
x = -928.000;
y = 1248.000;
type = 10704;
angle = 270;
skill1 = true;
skill2 = true;
skill3 = true;
skill4 = true;
skill5 = true;
renderstyle = "";
dormant = true;
single = true;
coop = true;
dm = true;
class1 = true;
class2 = true;
class3 = true;
}

thing
{
x = -800.000;
y = 1120.000;
type = 10510;
angle = 45;
coop = true;
dm = true;
single = true;
skill1 = true;
skill2 = true;
skill3 = true;
skill4 = true;
skill5 = true;
renderstyle = "";
}

thing
{
x = -736.000;
y = 1120.000;
type = 10502;
angle = 90;
coop = true;
dm = true;
single = true;
skill1 = true;
skill2 = true;
skill3 = true;
skill4 = true;
skill5 = true;
renderstyle = "";
}

thing
{
x = -544.000;
y = 1248.000;
type = 10704;
angle = 270;
skill1 = true;
skill2 = true;
skill3 = true;
skill4 = true;
skill5 = true;
renderstyle = "";
dormant = true;
single = true;
coop = true;
dm = true;
class1 = true;
class2 = true;
class3 = true;
height = -8.000000;
}

thing
{
x = -608.000;
y = 1120.000;
type = 10501;
angle = 135;
coop = true;
dm = true;
single = true;
skill1 = true;
skill2 = true;
skill3 = true;
skill4 = true;
skill5 = true;
renderstyle = "";
}

thing
{
x = -736.000;
y = 1376.000;
type = 1;
angle = 270;
skill1 = true;
skill2 = true;
skill3 = true;
skill4 = true;
skill5 = true;
skill6 = true;
skill7 = true;
skill8 = true;
single = true;
coop = true;
dm = true;
class1 = true;
class2 = true;
class3 = true;
class4 = true;
class5 = true;
}

thing
{
x = -672.000;
y = 1120.000;
type = 10511;
angle = 135;
coop = true;
dm = true;
single = true;
skill1 = true;
skill2 = true;
skill3 = true;
skill4 = true;
skill5 = true;
renderstyle = "";
}

thing
{
x = -736.000;
y = 1504.000;
type = 9802;
angle = 270;
height = 32;
arg0 = 255;
arg1 = 128;
arg3 = 128;
arg4 = 120;
skill1 = true;
skill2 = true;
skill3 = true;
skill4 = true;
skill5 = true;
skill6 = true;
skill7 = true;
skill8 = true;
single = true;
coop = true;
dm = true;
class1 = true;
class2 = true;
class3 = true;
class4 = true;
class5 = true;
}

thing
{
x = -544.000;
y = 1440.000;
type = 10704;
angle = 270;
skill1 = true;
skill2 = true;
skill3 = true;
skill4 = true;
skill5 = true;
renderstyle = "";
dormant = true;
single = true;
coop = true;
dm = true;
class1 = true;
class2 = true;
class3 = true;
height = -8.000000;
}

thing
{
x = -736.000;
y = 1184.000;
type = 9025;
angle = 90;
coop = true;
dm = true;
single = true;
skill1 = true;
skill2 = true;
skill3 = true;
skill4 = true;
skill5 = true;
id = 1;
renderstyle = "";
height = 8;
}

thing
{
x = -864.000;
y = 1120.000;
type = 10500;
angle = 45;
coop = true;
dm = true;
single = true;
skill1 = true;
skill2 = true;
skill3 = true;
skill4 = true;
skill5 = true;
renderstyle = "";
}

vertex
{
x = -556.000;
y = 1484.000;
}

vertex
{
x = -544.000;
y = 1472.000;
}

vertex
{
x = -576.000;
y = 1344.000;
}

vertex
{
x = -576.000;
y = 1312.000;
}

vertex
{
x = -576.000;
y = 1088.000;
}

vertex
{
x = -640.000;
y = 1088.000;
}

vertex
{
x = -896.000;
y = 1088.000;
}

vertex
{
x = -896.000;
y = 1152.000;
}

vertex
{
x = -916.000;
y = 1484.000;
}

vertex
{
x = -896.000;
y = 1504.000;
}

vertex
{
x = -916.000;
y = 1396.000;
}

vertex
{
x = -928.000;
y = 1408.000;
}

vertex
{
x = -556.000;
y = 1396.000;
}

vertex
{
x = -576.000;
y = 1376.000;
}

vertex
{
x = -544.000;
y = 1280.000;
}

vertex
{
x = -512.000;
y = 1280.000;
}

vertex
{
x = -544.000;
y = 1216.000;
}

vertex
{
x = -556.000;
y = 1204.000;
}

vertex
{
x = -576.000;
y = 1152.000;
}

vertex
{
x = -704.000;
y = 1088.000;
}

vertex
{
x = -704.000;
y = 960.000;
}

vertex
{
x = -704.000;
y = 904.000;
}

vertex
{
x = -768.000;
y = 1088.000;
}

vertex
{
x = -832.000;
y = 1088.000;
}

vertex
{
x = -896.000;
y = 1184.000;
}

vertex
{
x = -960.000;
y = 1408.000;
}

vertex
{
x = -960.000;
y = 1472.000;
}

vertex
{
x = -960.000;
y = 1280.000;
}

vertex
{
x = -928.000;
y = 1280.000;
}

vertex
{
x = -556.000;
y = 1292.000;
}

vertex
{
x = -576.000;
y = 1184.000;
}

vertex
{
x = -704.000;
y = 1312.000;
}

vertex
{
x = -736.000;
y = 1344.000;
}

vertex
{
x = -512.000;
y = 1216.000;
}

vertex
{
x = -896.000;
y = 1312.000;
}

vertex
{
x = -896.000;
y = 1344.000;
}

vertex
{
x = -916.000;
y = 1204.000;
}

vertex
{
x = -916.000;
y = 1292.000;
}

vertex
{
x = -928.000;
y = 1216.000;
}

vertex
{
x = -960.000;
y = 1216.000;
}

vertex
{
x = -768.000;
y = 1536.000;
}

vertex
{
x = -704.000;
y = 1536.000;
}

vertex
{
x = -576.000;
y = 1536.000;
}

vertex
{
x = -576.000;
y = 1520.000;
}

vertex
{
x = -752.000;
y = 1312.000;
}

vertex
{
x = -752.000;
y = 1248.000;
}

vertex
{
x = -728.000;
y = 1156.000;
}

vertex
{
x = -728.000;
y = 1164.000;
}

vertex
{
x = -896.000;
y = 1536.000;
}

vertex
{
x = -896.000;
y = 1536.250;
}

vertex
{
x = -704.000;
y = 848.000;
}

vertex
{
x = -704.000;
y = 832.000;
}

vertex
{
x = -512.000;
y = 1472.000;
}

vertex
{
x = -544.000;
y = 1408.000;
}

vertex
{
x = -896.000;
y = 1376.000;
}

vertex
{
x = -704.000;
y = 1072.000;
}

vertex
{
x = -768.000;
y = 1072.000;
}

vertex
{
x = -928.000;
y = 1472.000;
}

vertex
{
x = -576.000;
y = 1504.000;
}

vertex
{
x = -768.000;
y = 1312.000;
}

vertex
{
x = -512.000;
y = 1408.000;
}

vertex
{
x = -896.000;
y = 1520.000;
}

vertex
{
x = -751.000;
y = 1416.200;
}

vertex
{
x = -758.857;
y = 1421.000;
}

vertex
{
x = -743.000;
y = 1416.600;
}

vertex
{
x = -644.571;
y = 1467.000;
}

vertex
{
x = -637.143;
y = 1484.000;
}

vertex
{
x = -661.000;
y = 1458.400;
}

vertex
{
x = -654.000;
y = 1467.000;
}

vertex
{
x = -677.000;
y = 1446.200;
}

vertex
{
x = -675.000;
y = 1452.800;
}

vertex
{
x = -711.000;
y = 1421.800;
}

vertex
{
x = -706.000;
y = 1428.400;
}

vertex
{
x = -687.286;
y = 1439.000;
}

vertex
{
x = -720.000;
y = 1248.000;
}

vertex
{
x = -732.000;
y = 1164.000;
}

vertex
{
x = -740.000;
y = 1164.000;
}

vertex
{
x = -960.000;
y = 1152.000;
}

vertex
{
x = -956.000;
y = 1152.000;
}

vertex
{
x = -720.000;
y = 1312.000;
}

vertex
{
x = -960.000;
y = 1148.000;
}

vertex
{
x = -732.000;
y = 1156.000;
}

vertex
{
x = -724.000;
y = 1180.000;
}

vertex
{
x = -724.000;
y = 1188.000;
}

vertex
{
x = -704.000;
y = 1040.000;
}

vertex
{
x = -704.000;
y = 1024.000;
}

vertex
{
x = -721.571;
y = 1417.000;
}

vertex
{
x = -620.000;
y = 1492.000;
}

vertex
{
x = -610.000;
y = 1500.600;
}

vertex
{
x = -768.000;
y = 1080.000;
}

vertex
{
x = -768.000;
y = 1024.000;
}

vertex
{
x = -768.000;
y = 832.000;
}

vertex
{
x = -768.000;
y = 848.000;
}

vertex
{
x = -704.000;
y = 880.000;
}

vertex
{
x = -744.000;
y = 1164.000;
}

vertex
{
x = -744.000;
y = 1156.000;
}

vertex
{
x = -768.000;
y = 1040.000;
}

vertex
{
x = -740.000;
y = 1156.000;
}

vertex
{
x = -832.000;
y = 1536.000;
}

vertex
{
x = -640.000;
y = 1536.000;
}

vertex
{
x = -831.000;
y = 1536.000;
}

vertex
{
x = -895.000;
y = 1535.000;
}

vertex
{
x = -833.000;
y = 1535.000;
}

vertex
{
x = -704.000;
y = 896.000;
}

vertex
{
x = -765.000;
y = 1430.400;
}

vertex
{
x = -774.000;
y = 1436.000;
}

vertex
{
x = -792.000;
y = 1450.200;
}

vertex
{
x = -798.000;
y = 1449.800;
}

vertex
{
x = -808.000;
y = 1454.400;
}

vertex
{
x = -819.000;
y = 1462.000;
}

vertex
{
x = -821.000;
y = 1470.600;
}

vertex
{
x = -835.000;
y = 1475.200;
}

vertex
{
x = -738.000;
y = 1405.000;
}

vertex
{
x = -768.000;
y = 880.000;
}

vertex
{
x = -768.000;
y = 896.000;
}

vertex
{
x = -589.429;
y = 1516.000;
}

vertex
{
x = -768.000;
y = 1472.000;
}

vertex
{
x = -704.000;
y = 1472.000;
}

vertex
{
x = -728.000;
y = 1176.000;
}

vertex
{
x = -744.000;
y = 1176.000;
}

vertex
{
x = -839.000;
y = 1477.800;
}

vertex
{
x = -885.000;
y = 1514.400;
}

vertex
{
x = -732.000;
y = 1168.000;
}

vertex
{
x = -768.000;
y = 1568.000;
}

vertex
{
x = -768.000;
y = 1600.000;
}

vertex
{
x = -779.714;
y = 1441.000;
}

vertex
{
x = -847.000;
y = 1489.400;
}

vertex
{
x = -859.000;
y = 1492.000;
}

vertex
{
x = -748.000;
y = 1188.000;
}

vertex
{
x = -748.000;
y = 1180.000;
}

vertex
{
x = -861.000;
y = 1497.600;
}

vertex
{
x = -875.143;
y = 1502.000;
}

vertex
{
x = -880.000;
y = 1511.800;
}

vertex
{
x = -740.000;
y = 1168.000;
}

vertex
{
x = -704.000;
y = 1080.000;
}

vertex
{
x = -639.000;
y = 1535.000;
}

vertex
{
x = -577.000;
y = 1535.000;
}

vertex
{
x = -704.000;
y = 1568.000;
}

vertex
{
x = -603.000;
y = 1502.200;
}

vertex
{
x = -768.000;
y = 904.000;
}

vertex
{
x = -768.000;
y = 960.000;
}

vertex
{
x = -704.000;
y = 1600.000;
}

vertex
{
x = -1088.000;
y = 1304.000;
}

vertex
{
x = -1088.000;
y = 1344.000;
}

vertex
{
x = -1080.000;
y = 1344.000;
}

vertex
{
x = -1080.000;
y = 1328.000;
}

vertex
{
x = -1080.000;
y = 1304.000;
}

vertex
{
x = -1080.000;
y = 1320.000;
}

vertex
{
x = -1008.000;
y = 1312.000;
}

vertex
{
x = -1008.000;
y = 1304.000;
}

vertex
{
x = -1064.000;
y = 1328.000;
}

vertex
{
x = -1016.000;
y = 1304.000;
}

vertex
{
x = -1064.000;
y = 1320.000;
}

vertex
{
x = -1064.000;
y = 1304.000;
}

vertex
{
x = -1064.000;
y = 1344.000;
}

vertex
{
x = -1056.000;
y = 1344.000;
}

vertex
{
x = -1056.000;
y = 1304.000;
}

vertex
{
x = -1040.000;
y = 1304.000;
}

vertex
{
x = -1040.000;
y = 1328.000;
}

vertex
{
x = -1032.000;
y = 1328.000;
}

vertex
{
x = -1032.000;
y = 1304.000;
}

vertex
{
x = -1040.000;
y = 1336.000;
}

vertex
{
x = -1040.000;
y = 1344.000;
}

vertex
{
x = -1032.000;
y = 1344.000;
}

vertex
{
x = -1032.000;
y = 1336.000;
}

vertex
{
x = -1016.000;
y = 1320.000;
}

vertex
{
x = -1016.000;
y = 1344.000;
}

vertex
{
x = -1008.000;
y = 1344.000;
}

vertex
{
x = -1008.000;
y = 1320.000;
}

vertex
{
x = -1016.000;
y = 1312.000;
}

linedef
{
v1 = 0;
v2 = 1;
sidefront = 0;
id = 666;
blocking = true;
mapped = true;
}

linedef
{
v1 = 2;
v2 = 3;
sidefront = 1;
id = 666;
blocking = true;
mapped = true;
}

linedef
{
v1 = 4;
v2 = 5;
sidefront = 2;
id = 666;
blocking = true;
mapped = true;
}

linedef
{
v1 = 6;
v2 = 7;
sidefront = 3;
id = 666;
blocking = true;
mapped = true;
}

linedef
{
v1 = 8;
v2 = 9;
sidefront = 4;
id = 666;
blocking = true;
mapped = true;
}

linedef
{
v1 = 10;
v2 = 8;
sidefront = 5;
sideback = 6;
twosided = true;
dontdraw = true;
}

linedef
{
v1 = 10;
v2 = 11;
sidefront = 7;
id = 666;
blocking = true;
mapped = true;
}

linedef
{
v1 = 12;
v2 = 13;
sidefront = 8;
id = 666;
blocking = true;
mapped = true;
}

linedef
{
v1 = 14;
v2 = 15;
sidefront = 9;
id = 666;
blocking = true;
mapped = true;
}

linedef
{
v1 = 16;
v2 = 17;
sidefront = 10;
id = 666;
blocking = true;
mapped = true;
}

linedef
{
v1 = 18;
v2 = 4;
sidefront = 11;
id = 666;
blocking = true;
mapped = true;
}

linedef
{
v1 = 5;
v2 = 19;
sidefront = 12;
id = 666;
blocking = true;
mapped = true;
}

linedef
{
v1 = 20;
v2 = 21;
sidefront = 13;
blocking = true;
dontdraw = true;
}

linedef
{
v1 = 22;
v2 = 23;
sidefront = 14;
id = 666;
blocking = true;
mapped = true;
}

linedef
{
v1 = 23;
v2 = 6;
sidefront = 15;
special = 80;
id = 666;
arg0 = 1;
arg2 = 4;
blocking = true;
playeruse = true;
mapped = true;
}

linedef
{
v1 = 7;
v2 = 24;
sidefront = 16;
id = 666;
blocking = true;
mapped = true;
}

linedef
{
v1 = 25;
v2 = 26;
sidefront = 18;
blocking = true;
mapped = true;
}

linedef
{
v1 = 27;
v2 = 28;
sidefront = 19;
id = 666;
blocking = true;
mapped = true;
}

linedef
{
v1 = 7;
v2 = 18;
sidefront = 20;
sideback = 21;
id = 664;
twosided = true;
blocking = true;
dontdraw = true;
blockprojectiles = true;
blockhitscan = true;
mapped = true;
}

linedef
{
v1 = 3;
v2 = 29;
sidefront = 22;
id = 666;
blocking = true;
mapped = true;
}

linedef
{
v1 = 30;
v2 = 18;
sidefront = 23;
id = 666;
blocking = true;
mapped = true;
}

linedef
{
v1 = 31;
v2 = 32;
sidefront = 219;
sideback = 217;
twosided = true;
dontdraw = true;
}

linedef
{
v1 = 33;
v2 = 16;
sidefront = 25;
id = 666;
blocking = true;
mapped = true;
}

linedef
{
v1 = 34;
v2 = 35;
sidefront = 26;
id = 666;
blocking = true;
mapped = true;
}

linedef
{
v1 = 24;
v2 = 36;
sidefront = 27;
id = 666;
blocking = true;
mapped = true;
}

linedef
{
v1 = 28;
v2 = 37;
sidefront = 28;
id = 666;
blocking = true;
mapped = true;
}

linedef
{
v1 = 38;
v2 = 39;
sidefront = 29;
id = 666;
blocking = true;
mapped = true;
}

linedef
{
v1 = 29;
v2 = 17;
sidefront = 30;
sideback = 31;
twosided = true;
dontdraw = true;
}

linedef
{
v1 = 29;
v2 = 14;
sidefront = 32;
id = 666;
blocking = true;
mapped = true;
}

linedef
{
v1 = 17;
v2 = 30;
sidefront = 33;
id = 666;
blocking = true;
mapped = true;
}

linedef
{
v1 = 36;
v2 = 37;
sidefront = 34;
sideback = 35;
twosided = true;
dontdraw = true;
}

linedef
{
v1 = 37;
v2 = 34;
sidefront = 36;
id = 666;
blocking = true;
mapped = true;
}

linedef
{
v1 = 36;
v2 = 38;
sidefront = 37;
id = 666;
blocking = true;
mapped = true;
}

linedef
{
v1 = 40;
v2 = 41;
sidefront = 38;
sideback = 237;
id = 666;
twosided = true;
dontdraw = true;
}

linedef
{
v1 = 42;
v2 = 43;
sidefront = 40;
id = 666;
blocking = true;
mapped = true;
}

linedef
{
v1 = 44;
v2 = 45;
sidefront = 111;
sideback = 231;
twosided = true;
dontdraw = true;
}

linedef
{
v1 = 46;
v2 = 47;
sidefront = 201;
sideback = 209;
twosided = true;
}

linedef
{
v1 = 48;
v2 = 49;
sidefront = 43;
blocking = true;
dontdraw = true;
}

linedef
{
v1 = 50;
v2 = 51;
sidefront = 170;
blocking = true;
dontdraw = true;
}

linedef
{
v1 = 1;
v2 = 52;
sidefront = 45;
id = 666;
blocking = true;
mapped = true;
}

linedef
{
v1 = 53;
v2 = 12;
sidefront = 46;
id = 666;
blocking = true;
mapped = true;
}

linedef
{
v1 = 35;
v2 = 54;
sidefront = 47;
id = 666;
blocking = true;
mapped = true;
}

linedef
{
v1 = 55;
v2 = 56;
sidefront = 114;
sideback = 166;
special = 202;
arg1 = 16;
arg3 = 34;
twosided = true;
playeruse = true;
repeatspecial = true;
}

linedef
{
v1 = 26;
v2 = 57;
sidefront = 49;
id = 666;
blocking = true;
mapped = true;
}

linedef
{
v1 = 0;
v2 = 12;
sidefront = 50;
sideback = 51;
twosided = true;
dontdraw = true;
}

linedef
{
v1 = 58;
v2 = 0;
sidefront = 52;
id = 666;
blocking = true;
mapped = true;
}

linedef
{
v1 = 13;
v2 = 2;
sidefront = 53;
id = 666;
blocking = true;
mapped = true;
}

linedef
{
v1 = 32;
v2 = 59;
sidefront = 149;
sideback = 218;
twosided = true;
dontdraw = true;
}

linedef
{
v1 = 60;
v2 = 53;
sidefront = 55;
id = 666;
blocking = true;
mapped = true;
}

linedef
{
v1 = 9;
v2 = 61;
sidefront = 56;
id = 666;
blocking = true;
}

linedef
{
v1 = 54;
v2 = 10;
sidefront = 57;
id = 666;
blocking = true;
mapped = true;
}

linedef
{
v1 = 57;
v2 = 8;
sidefront = 58;
id = 666;
blocking = true;
mapped = true;
}

linedef
{
v1 = 11;
v2 = 25;
sidefront = 59;
id = 666;
blocking = true;
mapped = true;
}

linedef
{
v1 = 62;
v2 = 63;
sidefront = 97;
sideback = 78;
twosided = true;
dontdraw = true;
}

linedef
{
v1 = 64;
v2 = 62;
sidefront = 77;
sideback = 76;
twosided = true;
dontdraw = true;
}

linedef
{
v1 = 65;
v2 = 66;
sidefront = 151;
sideback = 112;
twosided = true;
dontdraw = true;
}

linedef
{
v1 = 67;
v2 = 68;
sidefront = 140;
sideback = 113;
twosided = true;
dontdraw = true;
}

linedef
{
v1 = 68;
v2 = 65;
sidefront = 119;
sideback = 141;
twosided = true;
dontdraw = true;
}

linedef
{
v1 = 39;
v2 = 27;
sidefront = 66;
blocking = true;
mapped = true;
}

linedef
{
v1 = 69;
v2 = 70;
sidefront = 122;
sideback = 121;
twosided = true;
dontdraw = true;
}

linedef
{
v1 = 70;
v2 = 67;
sidefront = 118;
sideback = 120;
twosided = true;
dontdraw = true;
}

linedef
{
v1 = 71;
v2 = 72;
sidefront = 95;
sideback = 123;
twosided = true;
dontdraw = true;
}

linedef
{
v1 = 73;
v2 = 69;
sidefront = 124;
sideback = 44;
twosided = true;
dontdraw = true;
}

linedef
{
v1 = 15;
v2 = 33;
sidefront = 71;
blocking = true;
mapped = true;
}

linedef
{
v1 = 45;
v2 = 74;
sidefront = 212;
sideback = 232;
twosided = true;
dontdraw = true;
}

linedef
{
v1 = 47;
v2 = 75;
sidefront = 203;
sideback = 210;
twosided = true;
}

linedef
{
v1 = 75;
v2 = 76;
sidefront = 207;
sideback = 186;
twosided = true;
}

linedef
{
v1 = 77;
v2 = 78;
sidefront = 216;
blocking = true;
}

linedef
{
v1 = 79;
v2 = 31;
sidefront = 225;
sideback = 221;
twosided = true;
dontdraw = true;
}

linedef
{
v1 = 74;
v2 = 79;
sidefront = 226;
sideback = 230;
twosided = true;
dontdraw = true;
}

linedef
{
v1 = 52;
v2 = 60;
sidefront = 79;
blocking = true;
mapped = true;
}

linedef
{
v1 = 80;
v2 = 77;
sidefront = 224;
blocking = true;
}

linedef
{
v1 = 81;
v2 = 46;
sidefront = 183;
sideback = 110;
twosided = true;
}

linedef
{
v1 = 82;
v2 = 83;
sidefront = 228;
sideback = 211;
twosided = true;
}

linedef
{
v1 = 84;
v2 = 85;
sidefront = 180;
blocking = true;
dontdraw = true;
}

linedef
{
v1 = 72;
v2 = 73;
sidefront = 125;
sideback = 126;
twosided = true;
dontdraw = true;
}

linedef
{
v1 = 78;
v2 = 80;
sidefront = 215;
special = 160;
blocking = true;
arg0 = 5;
arg1 = 1;
arg2 = 2;
arg3 = 255;
}

linedef
{
v1 = 86;
v2 = 71;
sidefront = 99;
sideback = 96;
twosided = true;
dontdraw = true;
}

linedef
{
v1 = 66;
v2 = 87;
sidefront = 152;
sideback = 163;
twosided = true;
dontdraw = true;
}

linedef
{
v1 = 87;
v2 = 88;
sidefront = 159;
sideback = 182;
twosided = true;
dontdraw = true;
}

linedef
{
v1 = 56;
v2 = 89;
sidefront = 83;
blocking = true;
}

linedef
{
v1 = 85;
v2 = 90;
sidefront = 177;
sideback = 173;
twosided = true;
dontdraw = true;
}

linedef
{
v1 = 91;
v2 = 92;
sidefront = 85;
blocking = true;
dontdraw = true;
}

linedef
{
v1 = 93;
v2 = 50;
sidefront = 157;
dontpegbottom = true;
blocking = true;
dontdraw = true;
}

linedef
{
v1 = 94;
v2 = 95;
sidefront = 86;
sideback = 214;
twosided = true;
}

linedef
{
v1 = 96;
v2 = 84;
sidefront = 187;
sideback = 181;
special = 202;
arg1 = 16;
arg3 = 34;
twosided = true;
dontdraw = true;
playeruse = true;
repeatspecial = true;
}

linedef
{
v1 = 81;
v2 = 75;
sidefront = 220;
sideback = 94;
twosided = true;
}

linedef
{
v1 = 95;
v2 = 97;
sidefront = 129;
sideback = 206;
twosided = true;
}

linedef
{
v1 = 59;
v2 = 44;
sidefront = 191;
sideback = 222;
twosided = true;
dontdraw = true;
}

linedef
{
v1 = 97;
v2 = 81;
sidefront = 92;
sideback = 127;
twosided = true;
}

linedef
{
v1 = 48;
v2 = 98;
sidefront = 102;
sideback = 103;
id = 666;
twosided = true;
}

linedef
{
v1 = 41;
v2 = 99;
sidefront = 104;
id = 666;
blocking = true;
mapped = true;
}

linedef
{
v1 = 98;
v2 = 100;
sidefront = 106;
blocking = true;
dontdraw = true;
}

linedef
{
v1 = 101;
v2 = 102;
sidefront = 274;
sideback = 109;
twosided = true;
}

linedef
{
v1 = 103;
v2 = 93;
sidefront = 235;
blocking = true;
dontdraw = true;
}

linedef
{
v1 = 92;
v2 = 50;
sidefront = 61;
sideback = 144;
special = 202;
arg1 = 16;
arg3 = 34;
twosided = true;
dontdraw = true;
playeruse = true;
repeatspecial = true;
}

linedef
{
v1 = 104;
v2 = 105;
sidefront = 75;
sideback = 98;
twosided = true;
dontdraw = true;
}

linedef
{
v1 = 63;
v2 = 104;
sidefront = 54;
sideback = 87;
twosided = true;
dontdraw = true;
}

linedef
{
v1 = 106;
v2 = 107;
sidefront = 100;
sideback = 74;
twosided = true;
dontdraw = true;
}

linedef
{
v1 = 108;
v2 = 109;
sidefront = 160;
sideback = 164;
twosided = true;
dontdraw = true;
}

linedef
{
v1 = 109;
v2 = 110;
sidefront = 142;
sideback = 156;
twosided = true;
dontdraw = true;
}

linedef
{
v1 = 110;
v2 = 111;
sidefront = 145;
sideback = 143;
twosided = true;
dontdraw = true;
}

linedef
{
v1 = 61;
v2 = 48;
sidefront = 154;
id = 666;
blocking = true;
mapped = true;
}

linedef
{
v1 = 43;
v2 = 58;
sidefront = 199;
id = 666;
blocking = true;
mapped = true;
}

linedef
{
v1 = 112;
v2 = 86;
sidefront = 162;
sideback = 153;
twosided = true;
dontdraw = true;
}

linedef
{
v1 = 76;
v2 = 97;
sidefront = 84;
sideback = 93;
twosided = true;
}

linedef
{
v1 = 76;
v2 = 94;
sidefront = 200;
sideback = 213;
twosided = true;
}

linedef
{
v1 = 112;
v2 = 64;
sidefront = 197;
sideback = 196;
twosided = true;
dontdraw = true;
}

linedef
{
v1 = 93;
v2 = 113;
sidefront = 62;
sideback = 65;
special = 80;
arg0 = 5;
twosided = true;
dontdraw = true;
playeruse = true;
repeatspecial = true;
}

linedef
{
v1 = 113;
v2 = 114;
sidefront = 63;
blocking = true;
dontdraw = true;
}

linedef
{
v1 = 92;
v2 = 113;
sidefront = 169;
dontpegbottom = true;
blocking = true;
dontdraw = true;
}

linedef
{
v1 = 115;
v2 = 43;
sidefront = 172;
sideback = 176;
twosided = true;
dontdraw = true;
}

linedef
{
v1 = 55;
v2 = 84;
sidefront = 42;
dontpegbottom = true;
blocking = true;
dontdraw = true;
}

linedef
{
v1 = 85;
v2 = 20;
sidefront = 174;
blocking = true;
dontdraw = true;
}

linedef
{
v1 = 98;
v2 = 116;
sidefront = 130;
sideback = 131;
twosided = true;
dontdraw = true;
}

linedef
{
v1 = 116;
v2 = 117;
sidefront = 132;
sideback = 133;
twosided = true;
dontdraw = true;
}

linedef
{
v1 = 117;
v2 = 99;
sidefront = 134;
sideback = 135;
twosided = true;
dontdraw = true;
}

linedef
{
v1 = 118;
v2 = 119;
sidefront = 89;
sideback = 90;
twosided = true;
}

linedef
{
v1 = 107;
v2 = 108;
sidefront = 101;
sideback = 41;
twosided = true;
dontdraw = true;
}

linedef
{
v1 = 111;
v2 = 120;
sidefront = 147;
sideback = 146;
twosided = true;
dontdraw = true;
}

linedef
{
v1 = 121;
v2 = 61;
sidefront = 155;
sideback = 198;
twosided = true;
dontdraw = true;
}

linedef
{
v1 = 122;
v2 = 118;
sidefront = 60;
sideback = 208;
twosided = true;
}

linedef
{
v1 = 89;
v2 = 22;
sidefront = 244;
blocking = true;
}

linedef
{
v1 = 123;
v2 = 124;
sidefront = 39;
blocking = true;
mapped = true;
}

linedef
{
v1 = 75;
v2 = 122;
sidefront = 202;
sideback = 205;
twosided = true;
}

linedef
{
v1 = 40;
v2 = 123;
sidefront = 242;
blocking = true;
mapped = true;
}

linedef
{
v1 = 22;
v2 = 19;
sidefront = 234;
sideback = 158;
twosided = true;
dontdraw = true;
}

linedef
{
v1 = 105;
v2 = 125;
sidefront = 81;
sideback = 82;
twosided = true;
dontdraw = true;
}

linedef
{
v1 = 125;
v2 = 106;
sidefront = 73;
sideback = 24;
twosided = true;
dontdraw = true;
}

linedef
{
v1 = 126;
v2 = 127;
sidefront = 80;
sideback = 165;
twosided = true;
dontdraw = true;
}

linedef
{
v1 = 120;
v2 = 126;
sidefront = 148;
sideback = 136;
twosided = true;
dontdraw = true;
}

linedef
{
v1 = 128;
v2 = 129;
sidefront = 137;
sideback = 227;
twosided = true;
}

linedef
{
v1 = 127;
v2 = 130;
sidefront = 72;
sideback = 17;
twosided = true;
dontdraw = true;
}

linedef
{
v1 = 130;
v2 = 131;
sidefront = 138;
sideback = 115;
twosided = true;
dontdraw = true;
}

linedef
{
v1 = 83;
v2 = 128;
sidefront = 233;
sideback = 223;
special = 80;
twosided = true;
playeruse = true;
arg0 = 666;
repeatspecial = true;
}

linedef
{
v1 = 132;
v2 = 121;
sidefront = 139;
sideback = 161;
twosided = true;
dontdraw = true;
}

linedef
{
v1 = 131;
v2 = 132;
sidefront = 116;
sideback = 117;
twosided = true;
dontdraw = true;
}

linedef
{
v1 = 133;
v2 = 76;
sidefront = 150;
sideback = 195;
twosided = true;
}

linedef
{
v1 = 134;
v2 = 89;
sidefront = 245;
sideback = 128;
twosided = true;
dontdraw = true;
}

linedef
{
v1 = 49;
v2 = 98;
sidefront = 167;
blocking = true;
mapped = true;
}

linedef
{
v1 = 135;
v2 = 136;
sidefront = 108;
sideback = 168;
twosided = true;
}

linedef
{
v1 = 133;
v2 = 122;
sidefront = 91;
sideback = 204;
twosided = true;
}

linedef
{
v1 = 100;
v2 = 40;
sidefront = 240;
id = 666;
blocking = true;
mapped = true;
}

linedef
{
v1 = 99;
v2 = 42;
sidefront = 241;
blocking = true;
mapped = true;
}

linedef
{
v1 = 137;
v2 = 41;
sidefront = 238;
blocking = true;
mapped = true;
}

linedef
{
v1 = 129;
v2 = 82;
sidefront = 229;
sideback = 192;
twosided = true;
}

linedef
{
v1 = 88;
v2 = 138;
sidefront = 178;
sideback = 171;
twosided = true;
dontdraw = true;
}

linedef
{
v1 = 114;
v2 = 139;
sidefront = 175;
blocking = true;
dontdraw = true;
}

linedef
{
v1 = 140;
v2 = 90;
sidefront = 48;
blocking = true;
dontdraw = true;
}

linedef
{
v1 = 139;
v2 = 140;
sidefront = 70;
blocking = true;
dontdraw = true;
}

linedef
{
v1 = 21;
v2 = 103;
sidefront = 69;
blocking = true;
dontdraw = true;
}

linedef
{
v1 = 96;
v2 = 56;
sidefront = 184;
dontpegbottom = true;
blocking = true;
dontdraw = true;
}

linedef
{
v1 = 90;
v2 = 96;
sidefront = 179;
blocking = true;
dontdraw = true;
}

linedef
{
v1 = 19;
v2 = 134;
sidefront = 185;
blocking = true;
}

linedef
{
v1 = 20;
v2 = 140;
sidefront = 188;
sideback = 189;
id = 7;
twosided = true;
arg2 = 3;
arg0 = 6;
dontdraw = true;
}

linedef
{
v1 = 138;
v2 = 115;
sidefront = 190;
sideback = 88;
twosided = true;
dontdraw = true;
}

linedef
{
v1 = 51;
v2 = 91;
sidefront = 67;
blocking = true;
dontdraw = true;
}

linedef
{
v1 = 134;
v2 = 55;
sidefront = 243;
blocking = true;
}

linedef
{
v1 = 119;
v2 = 133;
sidefront = 193;
sideback = 194;
twosided = true;
}

linedef
{
v1 = 124;
v2 = 141;
sidefront = 105;
blocking = true;
mapped = true;
}

linedef
{
v1 = 123;
v2 = 137;
sidefront = 236;
sideback = 107;
special = 243;
twosided = true;
repeatspecial = true;
playeruse = true;
playerpush = true;
playercross = true;
dontdraw = true;
}

linedef
{
v1 = 114;
v2 = 103;
sidefront = 68;
sideback = 64;
twosided = true;
dontdraw = true;
}

linedef
{
v1 = 141;
v2 = 137;
sidefront = 239;
blocking = true;
mapped = true;
}

linedef
{
v1 = 142;
v2 = 143;
sidefront = 246;
blocking = true;
mapped = true;
}

linedef
{
v1 = 143;
v2 = 144;
sidefront = 247;
blocking = true;
mapped = true;
}

linedef
{
v1 = 144;
v2 = 145;
sidefront = 248;
blocking = true;
mapped = true;
}

linedef
{
v1 = 146;
v2 = 142;
sidefront = 249;
blocking = true;
mapped = true;
}

linedef
{
v1 = 147;
v2 = 146;
sidefront = 250;
blocking = true;
mapped = true;
}

linedef
{
v1 = 148;
v2 = 149;
sidefront = 257;
blocking = true;
mapped = true;
}

linedef
{
v1 = 145;
v2 = 150;
sidefront = 252;
blocking = true;
mapped = true;
}

linedef
{
v1 = 149;
v2 = 151;
sidefront = 253;
blocking = true;
mapped = true;
}

linedef
{
v1 = 152;
v2 = 147;
sidefront = 254;
blocking = true;
mapped = true;
}

linedef
{
v1 = 153;
v2 = 152;
sidefront = 256;
blocking = true;
mapped = true;
}

linedef
{
v1 = 150;
v2 = 154;
sidefront = 258;
blocking = true;
mapped = true;
}

linedef
{
v1 = 154;
v2 = 155;
sidefront = 259;
blocking = true;
mapped = true;
}

linedef
{
v1 = 155;
v2 = 156;
sidefront = 260;
blocking = true;
mapped = true;
}

linedef
{
v1 = 156;
v2 = 153;
sidefront = 261;
blocking = true;
mapped = true;
}

linedef
{
v1 = 157;
v2 = 158;
sidefront = 262;
blocking = true;
mapped = true;
}

linedef
{
v1 = 158;
v2 = 159;
sidefront = 263;
blocking = true;
mapped = true;
}

linedef
{
v1 = 159;
v2 = 160;
sidefront = 264;
blocking = true;
mapped = true;
}

linedef
{
v1 = 160;
v2 = 157;
sidefront = 265;
blocking = true;
mapped = true;
}

linedef
{
v1 = 161;
v2 = 162;
sidefront = 266;
blocking = true;
mapped = true;
}

linedef
{
v1 = 162;
v2 = 163;
sidefront = 267;
blocking = true;
mapped = true;
}

linedef
{
v1 = 163;
v2 = 164;
sidefront = 268;
blocking = true;
mapped = true;
}

linedef
{
v1 = 164;
v2 = 161;
sidefront = 269;
blocking = true;
mapped = true;
}

linedef
{
v1 = 165;
v2 = 166;
sidefront = 270;
blocking = true;
mapped = true;
}

linedef
{
v1 = 166;
v2 = 167;
sidefront = 271;
blocking = true;
mapped = true;
}

linedef
{
v1 = 167;
v2 = 168;
sidefront = 272;
blocking = true;
mapped = true;
}

linedef
{
v1 = 168;
v2 = 165;
sidefront = 273;
blocking = true;
mapped = true;
}

linedef
{
v1 = 151;
v2 = 169;
sidefront = 255;
blocking = true;
mapped = true;
}

linedef
{
v1 = 169;
v2 = 148;
sidefront = 251;
blocking = true;
mapped = true;
}

sidedef
{
sector = 5;
texturemiddle = "DRDC32";
texturebottom = "DRDC40";
offsetx_mid = 46;
}

sidedef
{
sector = 3;
texturemiddle = "DRDC27";
texturebottom = "DRDC40";
}

sidedef
{
sector = 0;
texturemiddle = "DRDC27";
texturebottom = "DRDC40";
}

sidedef
{
sector = 0;
texturemiddle = "DRDC27";
texturebottom = "DRDC40";
}

sidedef
{
sector = 3;
texturemiddle = "DRDC32";
texturebottom = "DRDC40";
offsetx_mid = 35;
}

sidedef
{
sector = 3;
texturetop = "DRDC11";
}

sidedef
{
sector = 4;
}

sidedef
{
sector = 4;
texturemiddle = "DRDC32";
texturebottom = "DRDC40";
offsetx_mid = 60;
}

sidedef
{
sector = 3;
texturemiddle = "DRDC32";
texturebottom = "DRDC40";
offsetx = 4;
offsetx_mid = 16;
}

sidedef
{
sector = 2;
texturemiddle = "DRDC32";
texturebottom = "DRDC40";
}

sidedef
{
sector = 2;
texturemiddle = "DRDC32";
texturebottom = "DRDC40";
}

sidedef
{
sector = 0;
texturemiddle = "DRDC27";
texturebottom = "DRDC40";
}

sidedef
{
sector = 0;
texturemiddle = "DRDC27";
texturebottom = "DRDC40";
}

sidedef
{
sector = 13;
texturemiddle = "DRDC36";
}

sidedef
{
sector = 0;
texturemiddle = "DRDC27";
texturebottom = "DRDC40";
}

sidedef
{
sector = 0;
texturemiddle = "CGR_MSG";
texturebottom = "DRDC35";
}

sidedef
{
sector = 3;
texturemiddle = "DRDC27";
texturebottom = "DRDC40";
}

sidedef
{
sector = 3;
}

sidedef
{
sector = 4;
texturetop = "RPWAL23";
texturemiddle = "DRDC34";
texturebottom = "DRDC11";
offsetx = 1;
}

sidedef
{
sector = 1;
texturemiddle = "DRDC32";
texturebottom = "DRDC40";
}

sidedef
{
sector = 0;
texturemiddle = "DRPGZ010";
texturebottom = "DRDC27";
}

sidedef
{
sector = 3;
texturemiddle = "DRPGZ010";
}

sidedef
{
sector = 3;
texturemiddle = "DRDC32";
texturebottom = "DRDC40";
offsetx = 3;
offsetx_mid = 32;
}

sidedef
{
sector = 3;
texturemiddle = "DRDC27";
texturebottom = "DRDC40";
offsetx_mid = 32;
}

sidedef
{
sector = 3;
}

sidedef
{
sector = 2;
texturemiddle = "DRDC32";
offsetx = 46;
offsetx_mid = 51;
}

sidedef
{
sector = 3;
texturemiddle = "DRDC27";
texturebottom = "DRDC40";
offsetx_mid = 32;
}

sidedef
{
sector = 3;
texturemiddle = "DRDC32";
texturebottom = "DRDC40";
offsetx_mid = 32;
}

sidedef
{
sector = 1;
texturemiddle = "DRDC32";
texturebottom = "DRDC40";
offsetx_mid = 35;
}

sidedef
{
sector = 1;
texturemiddle = "DRDC32";
texturebottom = "DRDC40";
offsetx_mid = 3;
}

sidedef
{
sector = 3;
texturetop = "DRDC11";
}

sidedef
{
sector = 2;
}

sidedef
{
sector = 2;
texturemiddle = "DRDC32";
texturebottom = "DRDC40";
offsetx = 3;
offsetx_mid = 60;
}

sidedef
{
sector = 3;
texturemiddle = "DRDC32";
texturebottom = "DRDC40";
offsetx_mid = 16;
}

sidedef
{
sector = 3;
texturetop = "DRDC11";
}

sidedef
{
sector = 1;
}

sidedef
{
sector = 3;
texturemiddle = "DRDC32";
texturebottom = "DRDC40";
offsetx_mid = 51;
}

sidedef
{
sector = 1;
texturemiddle = "DRDC32";
texturebottom = "DRDC40";
offsetx_mid = 60;
}

sidedef
{
sector = 27;
texturemiddle = "reac2";
offsetx = 64;
}

sidedef
{
sector = 28;
texturemiddle = "reac2";
offsetx = 32;
}

sidedef
{
sector = 22;
texturemiddle = "DRDC32";
texturebottom = "DRDC40";
offsetx_mid = -14;
}

sidedef
{
sector = 3;
}

sidedef
{
sector = 23;
texturemiddle = "DRDC10";
offsetx_mid = 16;
}

sidedef
{
sector = 18;
texturemiddle = "DRDC11";
offsetx = 47;
}

sidedef
{
sector = 22;
}

sidedef
{
sector = 5;
texturemiddle = "DRDC32";
texturebottom = "DRDC40";
offsetx_mid = 63;
}

sidedef
{
sector = 5;
texturemiddle = "DRDC32";
texturebottom = "DRDC40";
offsetx = 15;
}

sidedef
{
sector = 3;
texturemiddle = "DRDC27";
texturebottom = "DRDC40";
}

sidedef
{
sector = 12;
texturemiddle = "DRDC36";
}

sidedef
{
sector = 4;
texturemiddle = "DRDC32";
texturebottom = "DRDC40";
offsetx_mid = -14;
}

sidedef
{
sector = 3;
texturetop = "DRDC11";
}

sidedef
{
sector = 5;
}

sidedef
{
sector = 3;
texturemiddle = "DRDC32";
texturebottom = "DRDC40";
offsetx_mid = 18;
}

sidedef
{
sector = 3;
texturemiddle = "DRDC27";
texturebottom = "DRDC40";
offsetx_mid = 32;
}

sidedef
{
sector = 22;
}

sidedef
{
sector = 5;
texturemiddle = "DRDC32";
offsetx_mid = 51;
}

sidedef
{
sector = 3;
texturemiddle = "DRDC32";
texturebottom = "DRDC40";
offsetx_mid = 63;
}

sidedef
{
sector = 3;
texturemiddle = "DRDC32";
texturebottom = "DRDC40";
offsetx_mid = 32;
}

sidedef
{
sector = 4;
texturemiddle = "DRDC32";
texturebottom = "DRDC40";
offsetx_mid = 18;
}

sidedef
{
sector = 4;
texturemiddle = "DRDC32";
texturebottom = "DRDC40";
offsetx_mid = 3;
}

sidedef
{
sector = 3;
}

sidedef
{
sector = 15;
texturetop = "DRDC0";
}

sidedef
{
sector = 16;
texturetop = "DRDC8";
}

sidedef
{
sector = 16;
texturemiddle = "DRDC36";
offsetx_mid = 48;
}

sidedef
{
sector = 13;
}

sidedef
{
sector = 17;
}

sidedef
{
sector = 1;
texturetop = "RPWAL23";
texturemiddle = "DRDC34";
texturebottom = "DRDC11";
}

sidedef
{
sector = 15;
texturemiddle = "REAC2";
}

sidedef
{
sector = 16;
}

sidedef
{
sector = 13;
texturemiddle = "DRDC36";
offsetx_mid = 56;
}

sidedef
{
sector = 13;
texturemiddle = "DRDC36";
offsetx_mid = 8;
}

sidedef
{
sector = 2;
texturetop = "RPWAL23";
texturemiddle = "DRDC34";
texturebottom = "DRDC40";
offsetx = -16;
offsetx_mid = 16;
}

sidedef
{
sector = 22;
}

sidedef
{
sector = 22;
}

sidedef
{
sector = 3;
}

sidedef
{
sector = 22;
}

sidedef
{
sector = 3;
}

sidedef
{
sector = 22;
}

sidedef
{
sector = 3;
}

sidedef
{
sector = 5;
texturetop = "RPWAL23";
texturemiddle = "DRDC34";
texturebottom = "DRDC40";
offsetx = -16;
offsetx_mid = 16;
}

sidedef
{
sector = 22;
}

sidedef
{
sector = 22;
}

sidedef
{
sector = 3;
}

sidedef
{
sector = 14;
texturemiddle = "DRDC10";
offsetx_mid = 48;
}

sidedef
{
sector = 25;
texturetop = "DRDC27";
offsety = -24;
}

sidedef
{
sector = 15;
texturemiddle = "DRDC10";
}

sidedef
{
sector = 3;
}

sidedef
{
sector = 3;
}

sidedef
{
sector = 22;
}

sidedef
{
sector = 3;
}

sidedef
{
sector = 11;
}

sidedef
{
sector = 6;
}

sidedef
{
sector = 3;
texturetop = "DRDC27";
offsetx = 4;
offsety = -24;
}

sidedef
{
sector = 24;
}

sidedef
{
sector = 24;
}

sidedef
{
sector = 3;
}

sidedef
{
sector = 22;
}

sidedef
{
sector = 22;
}

sidedef
{
sector = 3;
}

sidedef
{
sector = 3;
}

sidedef
{
sector = 22;
}

sidedef
{
sector = 22;
}

sidedef
{
sector = 22;
texturetop = "DRDC36";
texturebottom = "DRDC11";
offsetx = 64;
}

sidedef
{
sector = 18;
texturebottom = "DRDC11";
offsetx = 47;
}

sidedef
{
sector = 27;
texturetop = "REAC1";
texturemiddle = "REAC1";
texturebottom = "DRDC11";
offsetx = 64;
offsety = 4;
scalex_top = -1;
scalex_mid = -1;
}

sidedef
{
sector = 28;
texturemiddle = "reac2";
}

sidedef
{
sector = 27;
texturetop = "DRDC11";
texturemiddle = "DRDC11";
offsetx = 111;
}

sidedef
{
sector = 28;
}

sidedef
{
sector = 22;
texturemiddle = "DRPGZ002";
}

sidedef
{
sector = 22;
}

sidedef
{
sector = 26;
}

sidedef
{
sector = 3;
}

sidedef
{
sector = 22;
}

sidedef
{
sector = 22;
}

sidedef
{
sector = 14;
texturetop = "reac2";
}

sidedef
{
sector = 3;
}

sidedef
{
sector = 22;
}

sidedef
{
sector = 3;
}

sidedef
{
sector = 3;
}

sidedef
{
sector = 3;
}

sidedef
{
sector = 22;
}

sidedef
{
sector = 22;
}

sidedef
{
sector = 3;
}

sidedef
{
sector = 22;
}

sidedef
{
sector = 3;
}

sidedef
{
sector = 3;
}

sidedef
{
sector = 22;
}

sidedef
{
sector = 24;
offsetx = 4;
}

sidedef
{
sector = 14;
}

sidedef
{
sector = 3;
}

sidedef
{
sector = 22;
}

sidedef
{
sector = 27;
}

sidedef
{
sector = 22;
}

sidedef
{
sector = 27;
}

sidedef
{
sector = 22;
}

sidedef
{
sector = 27;
}

sidedef
{
sector = 3;
}

sidedef
{
sector = 3;
texturebottom = "CGR_LC10";
offsetx = 32;
offsety = 16;
}

sidedef
{
sector = 22;
}

sidedef
{
sector = 22;
}

sidedef
{
sector = 3;
}

sidedef
{
sector = 22;
}

sidedef
{
sector = 22;
}

sidedef
{
sector = 3;
}

sidedef
{
sector = 17;
}

sidedef
{
sector = 22;
}

sidedef
{
sector = 3;
}

sidedef
{
sector = 22;
}

sidedef
{
sector = 22;
}

sidedef
{
sector = 3;
}

sidedef
{
sector = 3;
}

sidedef
{
sector = 3;
}

sidedef
{
sector = 3;
}

sidedef
{
sector = 22;
}

sidedef
{
sector = 22;
texturemiddle = "DRDC32";
texturebottom = "DRDC40";
offsetx_mid = 15;
offsetx_bottom = 16;
}

sidedef
{
sector = 22;
}

sidedef
{
sector = 3;
}

sidedef
{
sector = 17;
texturemiddle = "DRDC10";
offsetx_mid = 16;
}

sidedef
{
sector = 0;
texturebottom = "DRDC11";
}

sidedef
{
sector = 3;
}

sidedef
{
sector = 22;
}

sidedef
{
sector = 3;
}

sidedef
{
sector = 3;
}

sidedef
{
sector = 22;
}

sidedef
{
sector = 3;
}

sidedef
{
sector = 3;
}

sidedef
{
sector = 23;
}

sidedef
{
sector = 18;
texturetop = "DRDC11";
texturemiddle = "DRDC11";
offsetx = 47;
}

sidedef
{
sector = 22;
}

sidedef
{
sector = 17;
texturemiddle = "DRDC10";
offsetx_mid = 16;
}

sidedef
{
sector = 15;
texturemiddle = "DRDC10";
offsetx_mid = 48;
}

sidedef
{
sector = 22;
}

sidedef
{
sector = 3;
}

sidedef
{
sector = 12;
}

sidedef
{
sector = 12;
texturemiddle = "DRDC36";
}

sidedef
{
sector = 13;
texturemiddle = "DRDC36";
}

sidedef
{
sector = 22;
}

sidedef
{
sector = 19;
}

sidedef
{
sector = 3;
}

sidedef
{
sector = 19;
texturemiddle = "DRDC36";
}

sidedef
{
sector = 19;
texturemiddle = "DRDC36";
offsetx_mid = 48;
}

sidedef
{
sector = 23;
}

sidedef
{
sector = 22;
}

sidedef
{
sector = 3;
offsetx = 12;
}

sidedef
{
sector = 23;
texturemiddle = "DRDC10";
offsetx_mid = 16;
}

sidedef
{
sector = 20;
texturemiddle = "DRDC10";
}

sidedef
{
sector = 24;
}

sidedef
{
sector = 19;
texturetop = "DRDC9";
scalex_top = -1;
}

sidedef
{
sector = 12;
}

sidedef
{
sector = 13;
}

sidedef
{
sector = 3;
}

sidedef
{
sector = 3;
}

sidedef
{
sector = 7;
}

sidedef
{
sector = 3;
}

sidedef
{
sector = 11;
}

sidedef
{
sector = 6;
}

sidedef
{
sector = 3;
}

sidedef
{
sector = 22;
}

sidedef
{
sector = 3;
}

sidedef
{
sector = 3;
texturemiddle = "DRDC32";
texturebottom = "DRDC40";
offsetx_mid = 2;
offsetx_bottom = 16;
}

sidedef
{
sector = 3;
}

sidedef
{
sector = 3;
}

sidedef
{
sector = 3;
}

sidedef
{
sector = 3;
}

sidedef
{
sector = 11;
}

sidedef
{
sector = 6;
}

sidedef
{
sector = 25;
offsetx = 12;
}

sidedef
{
sector = 6;
texturetop = "DRDC27";
offsety = -24;
}

sidedef
{
sector = 11;
}

sidedef
{
sector = 26;
}

sidedef
{
sector = 26;
}

sidedef
{
sector = 7;
}

sidedef
{
sector = 3;
}

sidedef
{
sector = 25;
}

sidedef
{
sector = 25;
}

sidedef
{
sector = 8;
texturemiddle = "SILVER1";
scalex_mid = 6;
scaley_mid = 9;
}

sidedef
{
sector = 8;
texturemiddle = "SILVER1";
scalex_mid = 6;
scaley_mid = 9;
}

sidedef
{
sector = 10;
}

sidedef
{
sector = 10;
}

sidedef
{
sector = 3;
}

sidedef
{
sector = 26;
texturetop = "DRDC27";
offsety = -24;
}

sidedef
{
sector = 10;
}

sidedef
{
sector = 10;
}

sidedef
{
sector = 7;
}

sidedef
{
sector = 8;
texturemiddle = "SILVER1";
scalex_mid = 6;
scaley_mid = 9;
}

sidedef
{
sector = 3;
}

sidedef
{
sector = 3;
}

sidedef
{
sector = 7;
}

sidedef
{
sector = 3;
texturebottom = "CGR_LC10";
offsetx = 32;
offsety = 16;
}

sidedef
{
sector = 3;
texturebottom = "CGR_UAC";
offsetx = 19;
offsety = 16;
}

sidedef
{
sector = 10;
}

sidedef
{
sector = 10;
}

sidedef
{
sector = 10;
}

sidedef
{
sector = 3;
texturebottom = "CGR_LC1";
offsetx = 19;
offsety = 16;
}

sidedef
{
sector = 20;
}

sidedef
{
sector = 16;
texturemiddle = "DRDC36";
}

sidedef
{
sector = 21;
}

sidedef
{
sector = 21;
texturemiddle = "reac2";
texturebottom = "reac2";
}

sidedef
{
sector = 21;
texturemiddle = "reac2";
offsetx = 32;
}

sidedef
{
sector = 28;
texturemiddle = "reac2";
}

sidedef
{
sector = 27;
texturetop = "REAC1";
texturemiddle = "reac1";
texturebottom = "DRDC11";
offsetx = 65;
offsety = 4;
}

sidedef
{
sector = 22;
texturetop = "DRDC11";
texturemiddle = "DRDC36";
}

sidedef
{
sector = 21;
texturemiddle = "reac2";
}

sidedef
{
sector = 14;
texturemiddle = "DRDC10";
offsetx = 8;
}

sidedef
{
sector = 20;
texturemiddle = "DRDC10";
offsetx = 8;
offsetx_mid = 48;
}

sidedef
{
sector = 20;
texturemiddle = "DRPGZ005";
offsety = -5;
}

sidedef
{
sector = 29;
texturemiddle = "STONE2";
}

sidedef
{
sector = 29;
texturemiddle = "STONE2";
}

sidedef
{
sector = 29;
texturemiddle = "STONE2";
}

sidedef
{
sector = 29;
texturemiddle = "STONE2";
}

sidedef
{
sector = 29;
texturemiddle = "STONE2";
offsetx = 24;
}

sidedef
{
sector = 31;
texturemiddle = "STONE2";
}

sidedef
{
sector = 29;
texturemiddle = "STONE2";
}

sidedef
{
sector = 31;
texturemiddle = "STONE2";
}

sidedef
{
sector = 29;
texturemiddle = "STONE2";
}

sidedef
{
sector = 31;
texturemiddle = "STONE2";
}

sidedef
{
sector = 29;
texturemiddle = "STONE2";
}

sidedef
{
sector = 31;
texturemiddle = "STONE2";
}

sidedef
{
sector = 29;
texturemiddle = "STONE2";
}

sidedef
{
sector = 29;
texturemiddle = "STONE2";
}

sidedef
{
sector = 29;
texturemiddle = "STONE2";
}

sidedef
{
sector = 29;
texturemiddle = "STONE2";
}

sidedef
{
sector = 32;
texturemiddle = "STONE2";
}

sidedef
{
sector = 32;
texturemiddle = "STONE2";
}

sidedef
{
sector = 32;
texturemiddle = "STONE2";
}

sidedef
{
sector = 32;
texturemiddle = "STONE2";
}

sidedef
{
sector = 9;
texturemiddle = "STONE2";
}

sidedef
{
sector = 9;
texturemiddle = "STONE2";
}

sidedef
{
sector = 9;
texturemiddle = "STONE2";
}

sidedef
{
sector = 9;
texturemiddle = "STONE2";
}

sidedef
{
sector = 30;
texturemiddle = "STONE2";
}

sidedef
{
sector = 30;
texturemiddle = "STONE2";
}

sidedef
{
sector = 30;
texturemiddle = "STONE2";
}

sidedef
{
sector = 30;
texturemiddle = "STONE2";
}

sidedef
{
sector = 22;
texturemiddle = "DRPGZ002";
}

sector
{
texturefloor = "DRDC68";
textureceiling = "DRDC62";
heightceiling = 72;
lightlevel = 125;
id = 666;
}

sector
{
texturefloor = "DRDC68";
textureceiling = "DRDC62";
heightfloor = 8;
heightceiling = 72;
lightlevel = 150;
id = 667;
}

sector
{
texturefloor = "DRDC68";
textureceiling = "DRDC62";
heightfloor = 8;
heightceiling = 72;
lightlevel = 150;
id = 667;
}

sector
{
texturefloor = "DRDC68";
textureceiling = "DRDC62";
heightfloor = 8;
heightceiling = 72;
lightlevel = 125;
id = 666;
}

sector
{
texturefloor = "DRDC68";
textureceiling = "DRDC62";
heightfloor = 8;
heightceiling = 72;
lightlevel = 150;
id = 667;
}

sector
{
texturefloor = "DRDC68";
textureceiling = "DRDC62";
heightfloor = 8;
heightceiling = 72;
lightlevel = 150;
id = 667;
}

sector
{
texturefloor = "DRDC68";
textureceiling = "DRDC62";
heightfloor = 8;
heightceiling = 72;
lightlevel = 125;
id = 5;
}

sector
{
texturefloor = "CGR_LC10";
textureceiling = "DRDC62";
heightfloor = 32;
heightceiling = 72;
lightlevel = 125;
id = 666;
ypanningfloor = -8;
}

sector
{
texturefloor = "FLAT23";
textureceiling = "FLAT23";
heightfloor = 40;
heightceiling = 52;
lightlevel = 250;
}

sector
{
texturefloor = "DRDC65";
textureceiling = "DRDC65";
}

sector
{
texturefloor = "DRDC68";
textureceiling = "DRDC62";
heightfloor = 8;
heightceiling = 72;
lightlevel = 125;
id = 6;
}

sector
{
texturefloor = "DRDC68";
textureceiling = "DRDC62";
heightfloor = 8;
heightceiling = 72;
lightlevel = 125;
id = 5;
}

sector
{
texturefloor = "DRDC36";
textureceiling = "DRDC36";
heightceiling = 64;
lightlevel = 125;
rotationfloor = 90;
ceilingglowcolor = 16711680;
rotationceiling = 90;
ceilingglowheight = 1;
xpanningceiling = -128;
ypanningceiling = -128;
}

sector
{
texturefloor = "DRDC36";
textureceiling = "DRDC36";
heightceiling = 64;
lightlevel = 125;
rotationfloor = 90;
ceilingglowcolor = 16711680;
rotationceiling = 90;
ceilingglowheight = 1;
xpanningceiling = -128;
ypanningceiling = -128;
}

sector
{
texturefloor = "DRDC68";
textureceiling = "DRDC62";
heightceiling = 72;
lightlevel = 125;
rotationfloor = 90;
xpanningfloor = -32;
}

sector
{
texturefloor = "FLOOR0_5";
textureceiling = "FLAT3";
heightceiling = 64;
lightlevel = 125;
rotationfloor = 90;
xpanningfloor = -32;
}

sector
{
texturefloor = "DRDC36";
textureceiling = "DRDC36";
heightceiling = 64;
lightlevel = 125;
rotationfloor = 90;
ceilingglowcolor = 16711680;
rotationceiling = 90;
ceilingglowheight = 1;
xpanningceiling = -128;
ypanningceiling = -128;
}

sector
{
texturefloor = "DRDC10";
textureceiling = "FLAT20";
lightlevel = 125;
rotationfloor = 90;
ypanningfloor = 24;
}

sector
{
texturefloor = "RROCK05";
textureceiling = "BLOOD1";
heightfloor = -56;
heightceiling = 8;
lightlevel = 125;
}

sector
{
texturefloor = "DRDC36";
textureceiling = "DRDC36";
heightceiling = 64;
lightlevel = 125;
rotationfloor = 90;
ceilingglowcolor = 16711680;
rotationceiling = 90;
ceilingglowheight = 1;
xpanningceiling = -128;
ypanningceiling = -128;
}

sector
{
texturefloor = "DRDC68";
textureceiling = "DRDC62";
heightceiling = 72;
lightlevel = 125;
rotationfloor = 90;
xpanningfloor = -32;
}

sector
{
texturefloor = "reac2";
textureceiling = "reac2";
heightfloor = -32;
heightceiling = 72;
lightlevel = 125;
}

sector
{
texturefloor = "DRDC68";
textureceiling = "DRDC62";
heightfloor = 8;
heightceiling = 72;
lightlevel = 125;
}

sector
{
texturefloor = "DRDC10";
textureceiling = "FLAT20";
lightlevel = 125;
rotationfloor = 90;
ypanningfloor = 24;
}

sector
{
texturefloor = "DRDC68";
textureceiling = "BLOOD1";
heightfloor = 8;
heightceiling = 40;
lightlevel = 125;
id = 5;
}

sector
{
texturefloor = "DRDC68";
textureceiling = "DRDC62";
heightfloor = 8;
heightceiling = 72;
lightlevel = 125;
id = 5;
}

sector
{
texturefloor = "DRDC68";
textureceiling = "DRDC62";
heightfloor = 8;
heightceiling = 72;
lightlevel = 125;
id = 5;
}

sector
{
texturefloor = "DRDC68";
textureceiling = "DRDC62";
heightfloor = 8;
heightceiling = 72;
lightlevel = 125;
}

sector
{
texturefloor = "reac2";
textureceiling = "reac2";
heightfloor = -32;
heightceiling = 72;
lightlevel = 125;
}

sector
{
texturefloor = "DRDC65";
textureceiling = "DRDC65";
}

sector
{
texturefloor = "reac2";
textureceiling = "reac2";
}

sector
{
texturefloor = "reac2";
textureceiling = "reac2";
}

sector
{
texturefloor = "DRDC65";
textureceiling = "DRDC65";
}

