namespace = "zdoom";
thing
{
x = -544.000;
y = -352.000;
type = 1;
angle = 90;
arg0 = 1;
skill1 = true;
skill2 = true;
skill3 = true;
skill4 = true;
skill5 = true;
class3 = true;
renderstyle = "";
single = true;
coop = true;
dm = true;
class1 = true;
class2 = true;
id = 220;
comment = "6:28";
}

thing
{
x = 32.000;
y = -416.000;
type = 1;
angle = 90;
skill1 = true;
skill2 = true;
skill3 = true;
skill4 = true;
skill5 = true;
skill6 = true;
skill7 = true;
skill8 = true;
single = true;
coop = true;
dm = true;
class1 = true;
class2 = true;
class3 = true;
class4 = true;
class5 = true;
id = 509;
comment = "15:29";
}

thing
{
x = -608.000;
y = -288.000;
type = 1;
arg0 = 2;
skill1 = true;
skill2 = true;
skill3 = true;
skill4 = true;
skill5 = true;
renderstyle = "";
class3 = true;
single = true;
coop = true;
dm = true;
class1 = true;
class2 = true;
id = 187;
comment = "5:27";
}

thing
{
x = -544.000;
y = -224.000;
type = 1;
angle = 270;
arg0 = 3;
skill1 = true;
skill2 = true;
skill3 = true;
skill4 = true;
skill5 = true;
renderstyle = "";
class3 = true;
single = true;
coop = true;
dm = true;
class1 = true;
class2 = true;
id = 218;
comment = "6:26";
}

thing
{
x = -608.000;
y = 160.000;
type = 1;
arg0 = 4;
skill1 = true;
skill2 = true;
skill3 = true;
skill4 = true;
skill5 = true;
renderstyle = "";
class3 = true;
single = true;
coop = true;
dm = true;
class1 = true;
class2 = true;
id = 180;
comment = "5:20";
}

thing
{
x = -608.000;
y = 288.000;
type = 1;
arg0 = 5;
skill1 = true;
skill2 = true;
skill3 = true;
skill4 = true;
skill5 = true;
renderstyle = "";
class3 = true;
single = true;
coop = true;
dm = true;
class1 = true;
class2 = true;
id = 178;
comment = "5:18";
}

thing
{
x = 672.000;
y = 288.000;
type = 1;
angle = 180;
arg0 = 6;
skill1 = true;
skill2 = true;
skill3 = true;
skill4 = true;
skill5 = true;
renderstyle = "";
class3 = true;
single = true;
coop = true;
dm = true;
class1 = true;
class2 = true;
id = 786;
comment = "24:18";
}

thing
{
x = 672.000;
y = 160.000;
type = 1;
angle = 180;
arg0 = 7;
skill1 = true;
skill2 = true;
skill3 = true;
skill4 = true;
skill5 = true;
renderstyle = "";
class3 = true;
single = true;
coop = true;
dm = true;
class1 = true;
class2 = true;
id = 788;
comment = "24:20";
}

thing
{
x = -352.000;
y = -96.000;
type = 10501;
angle = 45;
coop = true;
dm = true;
single = true;
skill1 = true;
skill2 = true;
skill3 = true;
skill4 = true;
skill5 = true;
arg0 = 40;
special = 80;
id = 312;
comment = "9:24";
renderstyle = "";
}

thing
{
x = 32.000;
y = -352.000;
type = 10813;
coop = true;
dm = true;
single = true;
skill1 = true;
skill2 = true;
skill3 = true;
skill4 = true;
skill5 = true;
arg0 = 60;
special = 80;
id = 508;
comment = "15:28";
renderstyle = "";
}

thing
{
x = -224.000;
y = -96.000;
type = 2028;
angle = 270;
skill1 = true;
skill2 = true;
skill3 = true;
skill4 = true;
skill5 = true;
skill6 = true;
skill7 = true;
skill8 = true;
single = true;
coop = true;
dm = true;
class1 = true;
class2 = true;
class3 = true;
class4 = true;
class5 = true;
id = 376;
comment = "11:24";
}

thing
{
x = -32.000;
y = -352.000;
type = 2028;
angle = 270;
skill1 = true;
skill2 = true;
skill3 = true;
skill4 = true;
skill5 = true;
skill6 = true;
skill7 = true;
skill8 = true;
single = true;
coop = true;
dm = true;
class1 = true;
class2 = true;
class3 = true;
class4 = true;
class5 = true;
id = 476;
comment = "14:28";
}

thing
{
x = 96.000;
y = -352.000;
type = 2028;
angle = 270;
skill1 = true;
skill2 = true;
skill3 = true;
skill4 = true;
skill5 = true;
skill6 = true;
skill7 = true;
skill8 = true;
single = true;
coop = true;
dm = true;
class1 = true;
class2 = true;
class3 = true;
class4 = true;
class5 = true;
id = 540;
comment = "16:28";
}

thing
{
x = -352.000;
y = 32.000;
type = 10511;
angle = 315;
coop = true;
dm = true;
single = true;
skill1 = true;
skill2 = true;
skill3 = true;
skill4 = true;
skill5 = true;
arg0 = 29;
special = 80;
id = 310;
comment = "9:22";
renderstyle = "";
}

thing
{
x = -288.000;
y = 32.000;
type = 10815;
coop = true;
dm = true;
single = true;
skill1 = true;
skill2 = true;
skill3 = true;
skill4 = true;
skill5 = true;
arg0 = 30;
special = 80;
id = 342;
comment = "10:22";
renderstyle = "";
}

thing
{
x = 96.000;
y = 224.000;
type = 10703;
angle = 270;
skill1 = true;
skill2 = true;
skill3 = true;
skill4 = true;
skill5 = true;
skill6 = true;
skill7 = true;
skill8 = true;
single = true;
coop = true;
dm = true;
class1 = true;
class2 = true;
class3 = true;
class4 = true;
class5 = true;
id = 531;
comment = "16:19";
}

thing
{
x = -416.000;
y = -32.000;
type = 10554;
coop = true;
dm = true;
single = true;
skill1 = true;
skill2 = true;
skill3 = true;
skill4 = true;
skill5 = true;
arg0 = 34;
special = 80;
id = 279;
comment = "8:23";
}

thing
{
x = -96.000;
y = -32.000;
type = 10813;
coop = true;
dm = true;
single = true;
skill1 = true;
skill2 = true;
skill3 = true;
skill4 = true;
skill5 = true;
arg0 = 35;
special = 80;
id = 439;
comment = "13:23";
renderstyle = "";
}

thing
{
x = 160.000;
y = -32.000;
type = 10813;
coop = true;
dm = true;
single = true;
skill1 = true;
skill2 = true;
skill3 = true;
skill4 = true;
skill5 = true;
arg0 = 36;
special = 80;
id = 567;
comment = "17:23";
renderstyle = "";
}

thing
{
x = -224.000;
y = 32.000;
type = 2028;
angle = 270;
skill1 = true;
skill2 = true;
skill3 = true;
skill4 = true;
skill5 = true;
skill6 = true;
skill7 = true;
skill8 = true;
single = true;
coop = true;
dm = true;
class1 = true;
class2 = true;
class3 = true;
class4 = true;
class5 = true;
id = 374;
comment = "11:22";
}

thing
{
x = 368.000;
y = -288.000;
type = 10265;
angle = 180;
height = 48;
arg0 = 2;
arg1 = 255;
skill1 = true;
skill2 = true;
skill3 = true;
skill4 = true;
skill5 = true;
skill6 = true;
skill7 = true;
skill8 = true;
single = true;
coop = true;
dm = true;
class1 = true;
class2 = true;
class3 = true;
class4 = true;
class5 = true;
id = 667;
comment = "20:27";
}

thing
{
x = 32.000;
y = 96.000;
type = 10813;
coop = true;
dm = true;
single = true;
skill1 = true;
skill2 = true;
skill3 = true;
skill4 = true;
skill5 = true;
arg0 = 27;
special = 80;
id = 501;
comment = "15:21";
renderstyle = "";
}

thing
{
x = 352.000;
y = 32.000;
type = 10815;
coop = true;
dm = true;
single = true;
skill1 = true;
skill2 = true;
skill3 = true;
skill4 = true;
skill5 = true;
arg0 = 32;
special = 80;
id = 662;
comment = "20:22";
renderstyle = "";
}

thing
{
x = -544.000;
y = -352.000;
type = 10813;
coop = true;
dm = true;
single = true;
skill1 = true;
skill2 = true;
skill3 = true;
skill4 = true;
skill5 = true;
arg0 = 59;
special = 80;
id = 220;
comment = "6:28";
renderstyle = "";
}

thing
{
x = 32.000;
y = 32.000;
type = 10813;
coop = true;
dm = true;
single = true;
skill1 = true;
skill2 = true;
skill3 = true;
skill4 = true;
skill5 = true;
arg0 = 31;
special = 80;
id = 502;
comment = "15:22";
renderstyle = "";
}

thing
{
x = -480.000;
y = 160.000;
type = 9001;
angle = 135;
arg0 = 6;
skill1 = true;
skill2 = true;
skill3 = true;
skill4 = true;
skill5 = true;
renderstyle = "";
single = true;
coop = true;
dm = true;
class1 = true;
class2 = true;
class3 = true;
id = 18;
comment = "7:20";
}

thing
{
x = 352.000;
y = 64.000;
type = 9800;
height = 32;
arg0 = 50;
arg1 = 50;
arg2 = 255;
arg3 = 64;
skill1 = true;
skill2 = true;
skill3 = true;
skill4 = true;
skill5 = true;
skill6 = true;
skill7 = true;
skill8 = true;
single = true;
coop = true;
dm = true;
class1 = true;
class2 = true;
class3 = true;
class4 = true;
class5 = true;
id = 661;
comment = "20:21";
}

thing
{
x = 352.000;
y = 128.000;
type = 9800;
height = 32;
arg0 = 50;
arg1 = 50;
arg2 = 255;
arg3 = 32;
skill1 = true;
skill2 = true;
skill3 = true;
skill4 = true;
skill5 = true;
skill6 = true;
skill7 = true;
skill8 = true;
single = true;
coop = true;
dm = true;
class1 = true;
class2 = true;
class3 = true;
class4 = true;
class5 = true;
id = 660;
comment = "20:20";
}

thing
{
x = 352.000;
y = -128.000;
type = 9800;
angle = 180;
height = 32;
arg0 = 255;
arg1 = 50;
arg2 = 50;
arg3 = 64;
skill1 = true;
skill2 = true;
skill3 = true;
skill4 = true;
skill5 = true;
skill6 = true;
skill7 = true;
skill8 = true;
single = true;
coop = true;
dm = true;
class1 = true;
class2 = true;
class3 = true;
class4 = true;
class5 = true;
id = 664;
comment = "20:24";
}

thing
{
x = 352.000;
y = -192.000;
type = 9800;
angle = 180;
height = 32;
arg0 = 255;
arg1 = 50;
arg2 = 50;
arg3 = 32;
skill1 = true;
skill2 = true;
skill3 = true;
skill4 = true;
skill5 = true;
skill6 = true;
skill7 = true;
skill8 = true;
single = true;
coop = true;
dm = true;
class1 = true;
class2 = true;
class3 = true;
class4 = true;
class5 = true;
id = 665;
comment = "20:25";
}

thing
{
x = -288.000;
y = -128.000;
type = 9800;
angle = 180;
height = 32;
arg0 = 255;
arg1 = 255;
arg2 = 50;
arg3 = 32;
skill1 = true;
skill2 = true;
skill3 = true;
skill4 = true;
skill5 = true;
skill6 = true;
skill7 = true;
skill8 = true;
single = true;
coop = true;
dm = true;
class1 = true;
class2 = true;
class3 = true;
class4 = true;
class5 = true;
id = 344;
comment = "10:24";
}

thing
{
x = -288.000;
y = -192.000;
type = 9800;
angle = 180;
height = 32;
arg0 = 255;
arg1 = 255;
arg2 = 50;
arg3 = 32;
skill1 = true;
skill2 = true;
skill3 = true;
skill4 = true;
skill5 = true;
skill6 = true;
skill7 = true;
skill8 = true;
single = true;
coop = true;
dm = true;
class1 = true;
class2 = true;
class3 = true;
class4 = true;
class5 = true;
id = 345;
comment = "10:25";
}

thing
{
x = -288.000;
y = 128.000;
type = 9800;
angle = 180;
height = 32;
arg0 = 50;
arg1 = 255;
arg2 = 50;
arg3 = 32;
skill1 = true;
skill2 = true;
skill3 = true;
skill4 = true;
skill5 = true;
skill6 = true;
skill7 = true;
skill8 = true;
single = true;
coop = true;
dm = true;
class1 = true;
class2 = true;
class3 = true;
class4 = true;
class5 = true;
id = 340;
comment = "10:20";
}

thing
{
x = -288.000;
y = 64.000;
type = 9800;
angle = 180;
height = 32;
arg0 = 50;
arg1 = 255;
arg2 = 50;
arg3 = 32;
skill1 = true;
skill2 = true;
skill3 = true;
skill4 = true;
skill5 = true;
skill6 = true;
skill7 = true;
skill8 = true;
single = true;
coop = true;
dm = true;
class1 = true;
class2 = true;
class3 = true;
class4 = true;
class5 = true;
id = 341;
comment = "10:21";
}

thing
{
x = -320.000;
y = 224.000;
type = 9800;
angle = 180;
height = 32;
arg0 = 50;
arg1 = 255;
arg2 = 50;
arg3 = 32;
skill1 = true;
skill2 = true;
skill3 = true;
skill4 = true;
skill5 = true;
skill6 = true;
skill7 = true;
skill8 = true;
single = true;
coop = true;
dm = true;
class1 = true;
class2 = true;
class3 = true;
class4 = true;
class5 = true;
id = 307;
comment = "9:19";
}

thing
{
x = -320.000;
y = -288.000;
type = 9800;
angle = 180;
height = 32;
arg0 = 255;
arg1 = 255;
arg2 = 50;
arg3 = 32;
skill1 = true;
skill2 = true;
skill3 = true;
skill4 = true;
skill5 = true;
skill6 = true;
skill7 = true;
skill8 = true;
single = true;
coop = true;
dm = true;
class1 = true;
class2 = true;
class3 = true;
class4 = true;
class5 = true;
id = 315;
comment = "9:27";
}

thing
{
x = 384.000;
y = -288.000;
type = 9800;
angle = 180;
height = 32;
arg0 = 255;
arg1 = 50;
arg2 = 50;
arg3 = 32;
skill1 = true;
skill2 = true;
skill3 = true;
skill4 = true;
skill5 = true;
skill6 = true;
skill7 = true;
skill8 = true;
single = true;
coop = true;
dm = true;
class1 = true;
class2 = true;
class3 = true;
class4 = true;
class5 = true;
id = 667;
comment = "20:27";
}

thing
{
x = 384.000;
y = 224.000;
type = 9800;
height = 32;
arg0 = 50;
arg1 = 50;
arg2 = 255;
arg3 = 32;
skill1 = true;
skill2 = true;
skill3 = true;
skill4 = true;
skill5 = true;
skill6 = true;
skill7 = true;
skill8 = true;
single = true;
coop = true;
dm = true;
class1 = true;
class2 = true;
class3 = true;
class4 = true;
class5 = true;
id = 659;
comment = "20:19";
}

thing
{
x = 32.000;
y = 384.000;
type = 9800;
angle = 180;
height = 32.000000;
arg0 = 255;
arg1 = 150;
arg2 = 50;
arg3 = 16;
skill1 = true;
skill2 = true;
skill3 = true;
skill4 = true;
skill5 = true;
id = 1496;
renderstyle = "";
single = true;
coop = true;
dm = true;
class1 = true;
class2 = true;
class3 = true;
comment = "15:16";
}

thing
{
x = -64.000;
y = 288.000;
type = 9800;
angle = 180;
height = 32.000000;
arg0 = 50;
arg1 = 255;
arg2 = 50;
arg3 = 16;
skill1 = true;
skill2 = true;
skill3 = true;
skill4 = true;
skill5 = true;
single = true;
coop = true;
dm = true;
class1 = true;
class2 = true;
class3 = true;
renderstyle = "";
id = 4340;
comment = "13:18";
}

thing
{
x = -384.000;
y = -32.000;
type = 9800;
angle = 180;
height = 32.000000;
arg0 = 50;
arg1 = 255;
arg2 = 50;
arg3 = 16;
skill1 = true;
skill2 = true;
skill3 = true;
skill4 = true;
skill5 = true;
single = true;
coop = true;
dm = true;
class1 = true;
class2 = true;
class3 = true;
renderstyle = "";
id = 2790;
comment = "8:23";
}

thing
{
x = 448.000;
y = -32.000;
type = 9800;
angle = 180;
height = 32;
arg0 = 50;
arg1 = 255;
arg2 = 50;
arg3 = 16;
skill1 = true;
skill2 = true;
skill3 = true;
skill4 = true;
skill5 = true;
skill6 = true;
skill7 = true;
skill8 = true;
single = true;
coop = true;
dm = true;
class1 = true;
class2 = true;
class3 = true;
class4 = true;
class5 = true;
id = 695;
comment = "21:23";
}

thing
{
x = -64.000;
y = -224.000;
type = 9800;
angle = 180;
height = 32.000000;
arg0 = 50;
arg1 = 255;
arg2 = 50;
arg3 = 16;
skill1 = true;
skill2 = true;
skill3 = true;
skill4 = true;
skill5 = true;
single = true;
coop = true;
dm = true;
class1 = true;
class2 = true;
class3 = true;
renderstyle = "";
id = 4420;
comment = "13:26";
}

thing
{
x = 128.000;
y = -224.000;
type = 9800;
angle = 180;
height = 32;
arg0 = 50;
arg1 = 255;
arg2 = 50;
arg3 = 16;
skill1 = true;
skill2 = true;
skill3 = true;
skill4 = true;
skill5 = true;
skill6 = true;
skill7 = true;
skill8 = true;
single = true;
coop = true;
dm = true;
class1 = true;
class2 = true;
class3 = true;
class4 = true;
class5 = true;
id = 538;
comment = "16:26";
}

thing
{
x = -288.000;
y = -32.000;
type = 10714;
renderstyle = "";
coop = true;
dm = true;
single = true;
skill1 = true;
skill2 = true;
skill3 = true;
skill4 = true;
skill5 = true;
}

thing
{
x = 224.000;
y = -32.000;
type = 10714;
renderstyle = "";
coop = true;
dm = true;
single = true;
skill1 = true;
skill2 = true;
skill3 = true;
skill4 = true;
skill5 = true;
}

thing
{
x = -160.000;
y = -32.000;
type = 10714;
renderstyle = "";
coop = true;
dm = true;
single = true;
skill1 = true;
skill2 = true;
skill3 = true;
skill4 = true;
skill5 = true;
}

thing
{
x = -544.000;
y = -288.000;
type = 10714;
renderstyle = "";
coop = true;
dm = true;
single = true;
skill1 = true;
skill2 = true;
skill3 = true;
skill4 = true;
skill5 = true;
}

thing
{
x = 32.000;
y = 416.000;
type = 10555;
angle = 270;
coop = true;
dm = true;
single = true;
skill1 = true;
skill2 = true;
skill3 = true;
skill4 = true;
skill5 = true;
renderstyle = "";
id = 496;
comment = "15:16";
}

thing
{
x = -32.000;
y = -96.000;
type = 10750;
angle = 270;
skill1 = true;
skill2 = true;
skill3 = true;
skill4 = true;
skill5 = true;
renderstyle = "";
single = true;
coop = true;
dm = true;
class1 = true;
class2 = true;
class3 = true;
id = 472;
comment = "14:24";
}

thing
{
x = -32.000;
y = -160.000;
type = 10702;
skill1 = true;
skill2 = true;
skill3 = true;
skill4 = true;
skill5 = true;
renderstyle = "";
single = true;
coop = true;
dm = true;
class1 = true;
class2 = true;
class3 = true;
id = 473;
comment = "14:25";
}

thing
{
x = 96.000;
y = -96.000;
type = 10703;
angle = 270;
skill1 = true;
skill2 = true;
skill3 = true;
skill4 = true;
skill5 = true;
renderstyle = "";
single = true;
coop = true;
dm = true;
class1 = true;
class2 = true;
class3 = true;
id = 536;
comment = "16:24";
}

thing
{
x = 32.000;
y = 288.000;
type = 10714;
renderstyle = "";
coop = true;
dm = true;
single = true;
skill1 = true;
skill2 = true;
skill3 = true;
skill4 = true;
skill5 = true;
}

thing
{
x = 352.000;
y = -32.000;
type = 10714;
renderstyle = "";
coop = true;
dm = true;
single = true;
skill1 = true;
skill2 = true;
skill3 = true;
skill4 = true;
skill5 = true;
}

thing
{
x = 416.000;
y = 32.000;
type = 10706;
angle = 225;
skill1 = true;
skill2 = true;
skill3 = true;
skill4 = true;
renderstyle = "";
single = true;
coop = true;
dm = true;
class1 = true;
class2 = true;
class3 = true;
id = 694;
comment = "21:22";
}

thing
{
x = 288.000;
y = 32.000;
type = 2028;
angle = 270;
skill1 = true;
skill2 = true;
skill3 = true;
skill4 = true;
skill5 = true;
skill6 = true;
skill7 = true;
skill8 = true;
single = true;
coop = true;
dm = true;
class1 = true;
class2 = true;
class3 = true;
class4 = true;
class5 = true;
id = 630;
comment = "19:22";
}

thing
{
x = 32.000;
y = 96.000;
type = 10714;
renderstyle = "";
coop = true;
dm = true;
single = true;
skill1 = true;
skill2 = true;
skill3 = true;
skill4 = true;
skill5 = true;
}

thing
{
x = 288.000;
y = -96.000;
type = 2028;
angle = 270;
skill1 = true;
skill2 = true;
skill3 = true;
skill4 = true;
skill5 = true;
skill6 = true;
skill7 = true;
skill8 = true;
single = true;
coop = true;
dm = true;
class1 = true;
class2 = true;
class3 = true;
class4 = true;
class5 = true;
id = 632;
comment = "19:24";
}

thing
{
x = -544.000;
y = 224.000;
type = 10714;
renderstyle = "";
coop = true;
dm = true;
single = true;
skill1 = true;
skill2 = true;
skill3 = true;
skill4 = true;
skill5 = true;
}

thing
{
x = 544.000;
y = 288.000;
type = 9001;
angle = 315;
arg0 = 6;
skill1 = true;
skill2 = true;
skill3 = true;
skill4 = true;
skill5 = true;
renderstyle = "";
single = true;
coop = true;
dm = true;
class1 = true;
class2 = true;
class3 = true;
id = 18;
comment = "22:18";
}

thing
{
x = 544.000;
y = 160.000;
type = 10706;
angle = 90;
skill1 = true;
skill2 = true;
skill3 = true;
skill4 = true;
renderstyle = "";
single = true;
coop = true;
dm = true;
class1 = true;
class2 = true;
class3 = true;
id = 724;
comment = "22:20";
}

thing
{
x = -480.000;
y = -224.000;
type = 9001;
angle = 225;
arg0 = 6;
skill1 = true;
skill2 = true;
skill3 = true;
skill4 = true;
skill5 = true;
renderstyle = "";
single = true;
coop = true;
dm = true;
class1 = true;
class2 = true;
class3 = true;
id = 18;
comment = "7:26";
}

thing
{
x = -480.000;
y = -352.000;
type = 10703;
angle = 270;
skill1 = true;
skill2 = true;
skill3 = true;
skill4 = true;
skill5 = true;
renderstyle = "";
single = true;
coop = true;
dm = true;
class1 = true;
class2 = true;
class3 = true;
id = 252;
comment = "7:28";
}

thing
{
x = 608.000;
y = 224.000;
type = 10714;
renderstyle = "";
coop = true;
dm = true;
single = true;
skill1 = true;
skill2 = true;
skill3 = true;
skill4 = true;
skill5 = true;
}

thing
{
x = -608.000;
y = -224.000;
type = 10702;
skill1 = true;
skill2 = true;
skill3 = true;
skill4 = true;
skill5 = true;
renderstyle = "";
single = true;
coop = true;
dm = true;
class1 = true;
class2 = true;
class3 = true;
id = 186;
comment = "5:26";
}

thing
{
x = -608.000;
y = -352.000;
type = 10510;
angle = 45;
coop = true;
dm = true;
single = true;
skill1 = true;
skill2 = true;
skill3 = true;
skill4 = true;
skill5 = true;
arg0 = 58;
special = 80;
id = 188;
comment = "5:28";
renderstyle = "";
}

thing
{
x = -480.000;
y = -224.000;
type = 10705;
angle = 225;
arg0 = 6;
skill1 = true;
skill2 = true;
skill3 = true;
skill4 = true;
skill5 = true;
renderstyle = "";
single = true;
coop = true;
dm = true;
class1 = true;
class2 = true;
class3 = true;
id = 19;
comment = "7:26";
}

thing
{
x = 544.000;
y = 288.000;
type = 10705;
angle = 315;
arg0 = 6;
skill1 = true;
skill2 = true;
skill3 = true;
skill4 = true;
skill5 = true;
renderstyle = "";
single = true;
coop = true;
dm = true;
class1 = true;
class2 = true;
class3 = true;
id = 19;
comment = "22:18";
}

thing
{
x = -480.000;
y = 160.000;
type = 10705;
angle = 135;
arg0 = 6;
skill1 = true;
skill2 = true;
skill3 = true;
skill4 = true;
skill5 = true;
renderstyle = "";
single = true;
coop = true;
dm = true;
class1 = true;
class2 = true;
class3 = true;
id = 19;
comment = "7:20";
}

thing
{
x = -32.000;
y = 224.000;
type = 10707;
coop = true;
dm = true;
single = true;
skill1 = true;
skill2 = true;
skill3 = true;
skill4 = true;
skill5 = true;
renderstyle = "";
id = 466;
comment = "14:18";
}

thing
{
x = 480.000;
y = -32.000;
type = 10554;
coop = true;
dm = true;
single = true;
skill1 = true;
skill2 = true;
skill3 = true;
skill4 = true;
skill5 = true;
arg0 = 38;
special = 80;
id = 727;
comment = "22:23";
}

thing
{
x = -32.000;
y = 352.000;
type = 10500;
angle = 315;
coop = true;
dm = true;
single = true;
skill1 = true;
skill2 = true;
skill3 = true;
skill4 = true;
skill5 = true;
arg0 = 2;
special = 80;
id = 465;
comment = "14:17";
renderstyle = "";
}

thing
{
x = 96.000;
y = 352.000;
type = 10512;
angle = 225;
coop = true;
dm = true;
single = true;
skill1 = true;
skill2 = true;
skill3 = true;
skill4 = true;
skill5 = true;
arg0 = 3;
special = 80;
id = 529;
comment = "16:17";
renderstyle = "";
}

thing
{
x = 352.000;
y = -224.000;
type = 10500;
angle = 90;
coop = true;
dm = true;
single = true;
skill1 = true;
skill2 = true;
skill3 = true;
skill4 = true;
skill5 = true;
arg0 = 52;
special = 80;
id = 666;
comment = "20:26";
renderstyle = "";
}

thing
{
x = -32.000;
y = -288.000;
type = 10500;
coop = true;
dm = true;
single = true;
skill1 = true;
skill2 = true;
skill3 = true;
skill4 = true;
skill5 = true;
arg0 = 57;
special = 80;
id = 475;
comment = "14:27";
renderstyle = "";
}

thing
{
x = -288.000;
y = -96.000;
type = 10815;
coop = true;
dm = true;
single = true;
skill1 = true;
skill2 = true;
skill3 = true;
skill4 = true;
skill5 = true;
arg0 = 41;
special = 80;
id = 344;
comment = "10:24";
renderstyle = "";
}

thing
{
x = -608.000;
y = 288.000;
type = 10813;
coop = true;
dm = true;
single = true;
skill1 = true;
skill2 = true;
skill3 = true;
skill4 = true;
skill5 = true;
arg0 = 7;
special = 80;
id = 178;
comment = "5:18";
renderstyle = "";
}

thing
{
x = -480.000;
y = 288.000;
type = 10520;
angle = 225;
coop = true;
dm = true;
single = true;
skill1 = true;
skill2 = true;
skill3 = true;
skill4 = true;
skill5 = true;
arg0 = 8;
special = 80;
id = 242;
comment = "7:18";
renderstyle = "";
}

thing
{
x = -96.000;
y = 288.000;
type = 10554;
coop = true;
dm = true;
single = true;
skill1 = true;
skill2 = true;
skill3 = true;
skill4 = true;
skill5 = true;
arg0 = 9;
special = 80;
id = 434;
comment = "13:18";
}

thing
{
x = 672.000;
y = 288.000;
type = 10813;
coop = true;
dm = true;
single = true;
skill1 = true;
skill2 = true;
skill3 = true;
skill4 = true;
skill5 = true;
arg0 = 10;
special = 80;
id = 818;
comment = "25:18";
renderstyle = "";
}

thing
{
x = 416.000;
y = -96.000;
type = 10521;
angle = 135;
coop = true;
dm = true;
single = true;
skill1 = true;
skill2 = true;
skill3 = true;
skill4 = true;
skill5 = true;
arg0 = 43;
special = 80;
id = 696;
comment = "21:24";
renderstyle = "";
}

thing
{
x = -288.000;
y = -224.000;
type = 10815;
coop = true;
dm = true;
single = true;
skill1 = true;
skill2 = true;
skill3 = true;
skill4 = true;
skill5 = true;
arg0 = 49;
special = 80;
id = 346;
comment = "10:26";
renderstyle = "";
}

thing
{
x = -544.000;
y = -224.000;
type = 10813;
coop = true;
dm = true;
single = true;
skill1 = true;
skill2 = true;
skill3 = true;
skill4 = true;
skill5 = true;
arg0 = 48;
special = 80;
id = 218;
comment = "6:26";
renderstyle = "";
}

thing
{
x = -608.000;
y = 224.000;
type = 10501;
coop = true;
dm = true;
single = true;
skill1 = true;
skill2 = true;
skill3 = true;
skill4 = true;
skill5 = true;
arg0 = 14;
special = 80;
id = 179;
comment = "5:19";
renderstyle = "";
}

thing
{
x = 672.000;
y = 224.000;
type = 10500;
angle = 180;
coop = true;
dm = true;
single = true;
skill1 = true;
skill2 = true;
skill3 = true;
skill4 = true;
skill5 = true;
arg0 = 15;
special = 80;
id = 819;
comment = "25:19";
renderstyle = "";
}

thing
{
x = 224.000;
y = -32.000;
type = 10813;
coop = true;
dm = true;
single = true;
skill1 = true;
skill2 = true;
skill3 = true;
skill4 = true;
skill5 = true;
arg0 = 37;
special = 80;
id = 599;
comment = "18:23";
renderstyle = "";
}

thing
{
x = -608.000;
y = -288.000;
type = 10813;
coop = true;
dm = true;
single = true;
skill1 = true;
skill2 = true;
skill3 = true;
skill4 = true;
skill5 = true;
arg0 = 56;
special = 80;
id = 187;
comment = "5:27";
renderstyle = "";
}

thing
{
x = 352.000;
y = -96.000;
type = 10815;
coop = true;
dm = true;
single = true;
skill1 = true;
skill2 = true;
skill3 = true;
skill4 = true;
skill5 = true;
arg0 = 42;
special = 80;
id = 664;
comment = "20:24";
renderstyle = "";
}

thing
{
x = -608.000;
y = 160.000;
type = 10813;
coop = true;
dm = true;
single = true;
skill1 = true;
skill2 = true;
skill3 = true;
skill4 = true;
skill5 = true;
arg0 = 19;
special = 80;
id = 180;
comment = "5:20";
renderstyle = "";
}

thing
{
x = -288.000;
y = 160.000;
type = 10815;
coop = true;
dm = true;
single = true;
skill1 = true;
skill2 = true;
skill3 = true;
skill4 = true;
skill5 = true;
arg0 = 20;
special = 80;
id = 340;
comment = "10:20";
renderstyle = "";
}

thing
{
x = 352.000;
y = 160.000;
type = 10815;
coop = true;
dm = true;
single = true;
skill1 = true;
skill2 = true;
skill3 = true;
skill4 = true;
skill5 = true;
arg0 = 21;
special = 80;
id = 660;
comment = "20:20";
renderstyle = "";
}

thing
{
x = 672.000;
y = 160.000;
type = 10813;
coop = true;
dm = true;
single = true;
skill1 = true;
skill2 = true;
skill3 = true;
skill4 = true;
skill5 = true;
arg0 = 22;
special = 80;
id = 820;
comment = "25:20";
renderstyle = "";
}

thing
{
x = 96.000;
y = -160.000;
type = 10520;
angle = 225;
coop = true;
dm = true;
single = true;
skill1 = true;
skill2 = true;
skill3 = true;
skill4 = true;
skill5 = true;
arg0 = 46;
special = 80;
id = 537;
comment = "16:25";
renderstyle = "";
}

thing
{
x = -96.000;
y = -224.000;
type = 10554;
coop = true;
dm = true;
single = true;
skill1 = true;
skill2 = true;
skill3 = true;
skill4 = true;
skill5 = true;
arg0 = 50;
special = 80;
id = 442;
comment = "13:26";
}

thing
{
x = 160.000;
y = -224.000;
type = 10554;
coop = true;
dm = true;
single = true;
skill1 = true;
skill2 = true;
skill3 = true;
skill4 = true;
skill5 = true;
arg0 = 51;
special = 80;
id = 570;
comment = "17:26";
}

thing
{
x = 32.000;
y = -32.000;
type = 10714;
renderstyle = "";
coop = true;
dm = true;
single = true;
skill1 = true;
skill2 = true;
skill3 = true;
skill4 = true;
skill5 = true;
}

thing
{
x = 32.000;
y = -160.000;
type = 10714;
renderstyle = "";
coop = true;
dm = true;
single = true;
skill1 = true;
skill2 = true;
skill3 = true;
skill4 = true;
skill5 = true;
}

thing
{
x = 32.000;
y = -288.000;
type = 10714;
renderstyle = "";
coop = true;
dm = true;
single = true;
skill1 = true;
skill2 = true;
skill3 = true;
skill4 = true;
skill5 = true;
}

vertex
{
x = 448.000;
y = 192.000;
}

vertex
{
x = 448.000;
y = 256.000;
}

vertex
{
x = -512.000;
y = 256.000;
}

vertex
{
x = -512.000;
y = 192.000;
}

vertex
{
x = 0.000;
y = 0.000;
}

vertex
{
x = 64.000;
y = 0.000;
}

vertex
{
x = -384.000;
y = 192.000;
}

vertex
{
x = -384.000;
y = 256.000;
}

vertex
{
x = 64.000;
y = 256.000;
}

vertex
{
x = 0.000;
y = 256.000;
}

vertex
{
x = 640.000;
y = 256.000;
}

vertex
{
x = 640.000;
y = 192.000;
}

vertex
{
x = -576.000;
y = -256.000;
}

vertex
{
x = -512.000;
y = -256.000;
}

vertex
{
x = -576.000;
y = 256.000;
}

vertex
{
x = -512.000;
y = -320.000;
}

vertex
{
x = -576.000;
y = -320.000;
}

vertex
{
x = -192.000;
y = 0.000;
}

vertex
{
x = -160.000;
y = 0.000;
}

vertex
{
x = 384.000;
y = -64.000;
}

vertex
{
x = 320.000;
y = -64.000;
}

vertex
{
x = 64.000;
y = -64.000;
}

vertex
{
x = 64.000;
y = 320.000;
}

vertex
{
x = 0.000;
y = -64.000;
}

vertex
{
x = 0.000;
y = 320.000;
}

vertex
{
x = -32.000;
y = -384.000;
}

vertex
{
x = 96.000;
y = -384.000;
}

vertex
{
x = 64.000;
y = -472.000;
}

vertex
{
x = 0.000;
y = -472.000;
}

vertex
{
x = -160.000;
y = -64.000;
}

vertex
{
x = -192.000;
y = -64.000;
}

vertex
{
x = 384.000;
y = 0.000;
}

vertex
{
x = 64.000;
y = -448.000;
}

vertex
{
x = -512.000;
y = 320.000;
}

vertex
{
x = -448.000;
y = 320.000;
}

vertex
{
x = 576.000;
y = 256.000;
}

vertex
{
x = 576.000;
y = 192.000;
}

vertex
{
x = 0.000;
y = -448.000;
}

vertex
{
x = 0.000;
y = -416.000;
}

vertex
{
x = 64.000;
y = -416.000;
}

vertex
{
x = -64.000;
y = -384.000;
}

vertex
{
x = -64.000;
y = -320.000;
}

vertex
{
x = -384.000;
y = -320.000;
}

vertex
{
x = -416.000;
y = -320.000;
}

vertex
{
x = 128.000;
y = -384.000;
}

vertex
{
x = 96.000;
y = 0.000;
}

vertex
{
x = 128.000;
y = 0.000;
}

vertex
{
x = -320.000;
y = 0.000;
}

vertex
{
x = -256.000;
y = 0.000;
}

vertex
{
x = 64.000;
y = 32.000;
}

vertex
{
x = 64.000;
y = 64.000;
}

vertex
{
x = -32.000;
y = 0.000;
}

vertex
{
x = 0.000;
y = 32.000;
}

vertex
{
x = 0.000;
y = 64.000;
}

vertex
{
x = -352.000;
y = 256.000;
}

vertex
{
x = 792.000;
y = 256.000;
}

vertex
{
x = 768.000;
y = 256.000;
}

vertex
{
x = 768.000;
y = 320.000;
}

vertex
{
x = 792.000;
y = 320.000;
}

vertex
{
x = 0.000;
y = 160.000;
}

vertex
{
x = -32.000;
y = 192.000;
}

vertex
{
x = 0.000;
y = 128.000;
}

vertex
{
x = 96.000;
y = 192.000;
}

vertex
{
x = 64.000;
y = 160.000;
}

vertex
{
x = 64.000;
y = 128.000;
}

vertex
{
x = -512.000;
y = -472.000;
}

vertex
{
x = -576.000;
y = -472.000;
}

vertex
{
x = -64.000;
y = 192.000;
}

vertex
{
x = -64.000;
y = 256.000;
}

vertex
{
x = 0.000;
y = -320.000;
}

vertex
{
x = 0.000;
y = -256.000;
}

vertex
{
x = 640.000;
y = 320.000;
}

vertex
{
x = 704.000;
y = 320.000;
}

vertex
{
x = 128.000;
y = 192.000;
}

vertex
{
x = 128.000;
y = 384.000;
}

vertex
{
x = 128.000;
y = 320.000;
}

vertex
{
x = -64.000;
y = 384.000;
}

vertex
{
x = 0.000;
y = 384.000;
}

vertex
{
x = -128.000;
y = 0.000;
}

vertex
{
x = -64.000;
y = 0.000;
}

vertex
{
x = 128.000;
y = -320.000;
}

vertex
{
x = -64.000;
y = -96.000;
}

vertex
{
x = -96.000;
y = -64.000;
}

vertex
{
x = -64.000;
y = -128.000;
}

vertex
{
x = -64.000;
y = -256.000;
}

vertex
{
x = 384.000;
y = 128.000;
}

vertex
{
x = 384.000;
y = 104.000;
}

vertex
{
x = -192.000;
y = -96.000;
}

vertex
{
x = -128.000;
y = -64.000;
}

vertex
{
x = -192.000;
y = 32.000;
}

vertex
{
x = -576.000;
y = 192.000;
}

vertex
{
x = -64.000;
y = -192.000;
}

vertex
{
x = -192.000;
y = 64.000;
}

vertex
{
x = 792.000;
y = 128.000;
}

vertex
{
x = 768.000;
y = 128.000;
}

vertex
{
x = 64.000;
y = -192.000;
}

vertex
{
x = 0.000;
y = -192.000;
}

vertex
{
x = -384.000;
y = 64.000;
}

vertex
{
x = -320.000;
y = 64.000;
}

vertex
{
x = -384.000;
y = -128.000;
}

vertex
{
x = -384.000;
y = -64.000;
}

vertex
{
x = -192.000;
y = -128.000;
}

vertex
{
x = -256.000;
y = -128.000;
}

vertex
{
x = 792.000;
y = 192.000;
}

vertex
{
x = -320.000;
y = 88.000;
}

vertex
{
x = -256.000;
y = 104.000;
}

vertex
{
x = -320.000;
y = 104.000;
}

vertex
{
x = -256.000;
y = 88.000;
}

vertex
{
x = -256.000;
y = 64.000;
}

vertex
{
x = -256.000;
y = 224.000;
}

vertex
{
x = -256.000;
y = 128.000;
}

vertex
{
x = -320.000;
y = 128.000;
}

vertex
{
x = -640.000;
y = 320.000;
}

vertex
{
x = -576.000;
y = 320.000;
}

vertex
{
x = -320.000;
y = -192.000;
}

vertex
{
x = -320.000;
y = -168.000;
}

vertex
{
x = -256.000;
y = -152.000;
}

vertex
{
x = -320.000;
y = -152.000;
}

vertex
{
x = -256.000;
y = -168.000;
}

vertex
{
x = -256.000;
y = -288.000;
}

vertex
{
x = -288.000;
y = -320.000;
}

vertex
{
x = -256.000;
y = -192.000;
}

vertex
{
x = -320.000;
y = -128.000;
}

vertex
{
x = 64.000;
y = -128.000;
}

vertex
{
x = -288.000;
y = 256.000;
}

vertex
{
x = -320.000;
y = 160.000;
}

vertex
{
x = -352.000;
y = 192.000;
}

vertex
{
x = 384.000;
y = -232.000;
}

vertex
{
x = 408.000;
y = -264.000;
}

vertex
{
x = -416.000;
y = 192.000;
}

vertex
{
x = -448.000;
y = 160.000;
}

vertex
{
x = -448.000;
y = 288.000;
}

vertex
{
x = -416.000;
y = 256.000;
}

vertex
{
x = 64.000;
y = -320.000;
}

vertex
{
x = -448.000;
y = 128.000;
}

vertex
{
x = -512.000;
y = 128.000;
}

vertex
{
x = -640.000;
y = 192.000;
}

vertex
{
x = -640.000;
y = 256.000;
}

vertex
{
x = 256.000;
y = -64.000;
}

vertex
{
x = 224.000;
y = -64.000;
}

vertex
{
x = -320.000;
y = -64.000;
}

vertex
{
x = 128.000;
y = 256.000;
}

vertex
{
x = -640.000;
y = 128.000;
}

vertex
{
x = 0.000;
y = -128.000;
}

vertex
{
x = -704.000;
y = 192.000;
}

vertex
{
x = -680.000;
y = 192.000;
}

vertex
{
x = -664.000;
y = 128.000;
}

vertex
{
x = -664.000;
y = 192.000;
}

vertex
{
x = -680.000;
y = 128.000;
}

vertex
{
x = -704.000;
y = 128.000;
}

vertex
{
x = -704.000;
y = 320.000;
}

vertex
{
x = -680.000;
y = 320.000;
}

vertex
{
x = -664.000;
y = 256.000;
}

vertex
{
x = -664.000;
y = 320.000;
}

vertex
{
x = -680.000;
y = 256.000;
}

vertex
{
x = 576.000;
y = 128.000;
}

vertex
{
x = 512.000;
y = 128.000;
}

vertex
{
x = -704.000;
y = 256.000;
}

vertex
{
x = -352.000;
y = -256.000;
}

vertex
{
x = -320.000;
y = -224.000;
}

vertex
{
x = -448.000;
y = -192.000;
}

vertex
{
x = -448.000;
y = -224.000;
}

vertex
{
x = -448.000;
y = -352.000;
}

vertex
{
x = -352.000;
y = -320.000;
}

vertex
{
x = -416.000;
y = -256.000;
}

vertex
{
x = -384.000;
y = -256.000;
}

vertex
{
x = -640.000;
y = -192.000;
}

vertex
{
x = -576.000;
y = -192.000;
}

vertex
{
x = -640.000;
y = -384.000;
}

vertex
{
x = -640.000;
y = -320.000;
}

vertex
{
x = -448.000;
y = -384.000;
}

vertex
{
x = -512.000;
y = -384.000;
}

vertex
{
x = 768.000;
y = 192.000;
}

vertex
{
x = -664.000;
y = -320.000;
}

vertex
{
x = -680.000;
y = -320.000;
}

vertex
{
x = -576.000;
y = -424.000;
}

vertex
{
x = -576.000;
y = -408.000;
}

vertex
{
x = -576.000;
y = -168.000;
}

vertex
{
x = -576.000;
y = -152.000;
}

vertex
{
x = -576.000;
y = -384.000;
}

vertex
{
x = -512.000;
y = -192.000;
}

vertex
{
x = -640.000;
y = -256.000;
}

vertex
{
x = -664.000;
y = -256.000;
}

vertex
{
x = -704.000;
y = -320.000;
}

vertex
{
x = -680.000;
y = -256.000;
}

vertex
{
x = -704.000;
y = -256.000;
}

vertex
{
x = -728.000;
y = -256.000;
}

vertex
{
x = -728.000;
y = -320.000;
}

vertex
{
x = 480.000;
y = 256.000;
}

vertex
{
x = 320.000;
y = 128.000;
}

vertex
{
x = -512.000;
y = -168.000;
}

vertex
{
x = -576.000;
y = -128.000;
}

vertex
{
x = -512.000;
y = -152.000;
}

vertex
{
x = -512.000;
y = -128.000;
}

vertex
{
x = 224.000;
y = 0.000;
}

vertex
{
x = 256.000;
y = 0.000;
}

vertex
{
x = -512.000;
y = -104.000;
}

vertex
{
x = -576.000;
y = -104.000;
}

vertex
{
x = 320.000;
y = 0.000;
}

vertex
{
x = -512.000;
y = -424.000;
}

vertex
{
x = -512.000;
y = -448.000;
}

vertex
{
x = -512.000;
y = -408.000;
}

vertex
{
x = -576.000;
y = -448.000;
}

vertex
{
x = 64.000;
y = -256.000;
}

vertex
{
x = -64.000;
y = 320.000;
}

vertex
{
x = 416.000;
y = 192.000;
}

vertex
{
x = -256.000;
y = -64.000;
}

vertex
{
x = 128.000;
y = -96.000;
}

vertex
{
x = 128.000;
y = -128.000;
}

vertex
{
x = 160.000;
y = -64.000;
}

vertex
{
x = 192.000;
y = -64.000;
}

vertex
{
x = 192.000;
y = 0.000;
}

vertex
{
x = -576.000;
y = 128.000;
}

vertex
{
x = 640.000;
y = 128.000;
}

vertex
{
x = 384.000;
y = -192.000;
}

vertex
{
x = 256.000;
y = 32.000;
}

vertex
{
x = 256.000;
y = -96.000;
}

vertex
{
x = 256.000;
y = -128.000;
}

vertex
{
x = -728.000;
y = 256.000;
}

vertex
{
x = 448.000;
y = -128.000;
}

vertex
{
x = 384.000;
y = -128.000;
}

vertex
{
x = 448.000;
y = 64.000;
}

vertex
{
x = 448.000;
y = 0.000;
}

vertex
{
x = 256.000;
y = 64.000;
}

vertex
{
x = 320.000;
y = 64.000;
}

vertex
{
x = 384.000;
y = -152.000;
}

vertex
{
x = 320.000;
y = -168.000;
}

vertex
{
x = 384.000;
y = -168.000;
}

vertex
{
x = 320.000;
y = -152.000;
}

vertex
{
x = 320.000;
y = -128.000;
}

vertex
{
x = 320.000;
y = -296.000;
}

vertex
{
x = 320.000;
y = -192.000;
}

vertex
{
x = 416.000;
y = 256.000;
}

vertex
{
x = 384.000;
y = 160.000;
}

vertex
{
x = 320.000;
y = 88.000;
}

vertex
{
x = 384.000;
y = 88.000;
}

vertex
{
x = 320.000;
y = 104.000;
}

vertex
{
x = 320.000;
y = 224.000;
}

vertex
{
x = 352.000;
y = 256.000;
}

vertex
{
x = 384.000;
y = 64.000;
}

vertex
{
x = -384.000;
y = 0.000;
}

vertex
{
x = 408.000;
y = -328.000;
}

vertex
{
x = 448.000;
y = -64.000;
}

vertex
{
x = 704.000;
y = 192.000;
}

vertex
{
x = 728.000;
y = 192.000;
}

vertex
{
x = 744.000;
y = 192.000;
}

vertex
{
x = 744.000;
y = 128.000;
}

vertex
{
x = 512.000;
y = 160.000;
}

vertex
{
x = 480.000;
y = 192.000;
}

vertex
{
x = 728.000;
y = 128.000;
}

vertex
{
x = 512.000;
y = 288.000;
}

vertex
{
x = 352.000;
y = -328.000;
}

vertex
{
x = 704.000;
y = 128.000;
}

vertex
{
x = 512.000;
y = 320.000;
}

vertex
{
x = 576.000;
y = 320.000;
}

vertex
{
x = 704.000;
y = 256.000;
}

vertex
{
x = 128.000;
y = -192.000;
}

vertex
{
x = 128.000;
y = -256.000;
}

vertex
{
x = 744.000;
y = 256.000;
}

vertex
{
x = 728.000;
y = 320.000;
}

vertex
{
x = 728.000;
y = 256.000;
}

vertex
{
x = 744.000;
y = 320.000;
}

vertex
{
x = 64.000;
y = 384.000;
}

vertex
{
x = -728.000;
y = 192.000;
}

vertex
{
x = -728.000;
y = 128.000;
}

vertex
{
x = -728.000;
y = 320.000;
}

linedef
{
v1 = 0;
v2 = 1;
sidefront = 36;
sideback = 203;
twosided = true;
dontdraw = true;
}

linedef
{
v1 = 2;
v2 = 3;
sidefront = 140;
sideback = 335;
twosided = true;
dontdraw = true;
}

linedef
{
v1 = 4;
v2 = 5;
sidefront = 227;
sideback = 304;
twosided = true;
dontdraw = true;
}

linedef
{
v1 = 6;
v2 = 7;
sidefront = 14;
sideback = 15;
twosided = true;
dontdraw = true;
}

linedef
{
v1 = 8;
v2 = 9;
sidefront = 9;
sideback = 226;
twosided = true;
dontdraw = true;
}

linedef
{
v1 = 10;
v2 = 11;
sidefront = 385;
sideback = 393;
twosided = true;
dontdraw = true;
}

linedef
{
v1 = 12;
v2 = 13;
sidefront = 62;
sideback = 254;
twosided = true;
dontdraw = true;
}

linedef
{
v1 = 14;
v2 = 2;
sidefront = 135;
sideback = 341;
twosided = true;
dontdraw = true;
}

linedef
{
v1 = 15;
v2 = 16;
sidefront = 126;
sideback = 44;
twosided = true;
dontdraw = true;
}

linedef
{
v1 = 17;
v2 = 18;
sidefront = 390;
sideback = 5;
twosided = true;
dontdraw = true;
}

linedef
{
v1 = 19;
v2 = 20;
sidefront = 330;
sideback = 11;
twosided = true;
dontdraw = true;
}

linedef
{
v1 = 5;
v2 = 21;
sidefront = 24;
sideback = 198;
twosided = true;
dontdraw = true;
}

linedef
{
v1 = 22;
v2 = 8;
sidefront = 7;
sideback = 362;
twosided = true;
dontdraw = true;
}

linedef
{
v1 = 21;
v2 = 23;
sidefront = 331;
sideback = 326;
twosided = true;
dontdraw = true;
}

linedef
{
v1 = 13;
v2 = 15;
sidefront = 269;
sideback = 76;
twosided = true;
dontdraw = true;
}

linedef
{
v1 = 9;
v2 = 24;
sidefront = 383;
sideback = 73;
twosided = true;
dontdraw = true;
}

linedef
{
v1 = 25;
v2 = 26;
sidefront = 151;
sideback = 359;
twosided = true;
dontdraw = true;
}

linedef
{
v1 = 27;
v2 = 28;
sidefront = 19;
special = 80;
arg0 = 3001;
playeruse = true;
repeatspecial = true;
blocking = true;
}

linedef
{
v1 = 29;
v2 = 30;
sidefront = 122;
sideback = 3;
twosided = true;
dontdraw = true;
}

linedef
{
v1 = 31;
v2 = 19;
sidefront = 82;
sideback = 313;
twosided = true;
dontdraw = true;
}

linedef
{
v1 = 32;
v2 = 27;
sidefront = 23;
blocking = true;
}

linedef
{
v1 = 33;
v2 = 34;
sidefront = 131;
blocking = true;
}

linedef
{
v1 = 35;
v2 = 10;
sidefront = 13;
sideback = 394;
twosided = true;
dontdraw = true;
}

linedef
{
v1 = 36;
v2 = 35;
sidefront = 12;
sideback = 16;
twosided = true;
dontdraw = true;
}

linedef
{
v1 = 28;
v2 = 37;
sidefront = 27;
blocking = true;
}

linedef
{
v1 = 37;
v2 = 32;
sidefront = 28;
sideback = 29;
twosided = true;
}

linedef
{
v1 = 38;
v2 = 25;
sidefront = 30;
blocking = true;
}

linedef
{
v1 = 37;
v2 = 38;
sidefront = 31;
blocking = true;
}

linedef
{
v1 = 26;
v2 = 39;
sidefront = 32;
blocking = true;
}

linedef
{
v1 = 39;
v2 = 32;
sidefront = 33;
blocking = true;
}

linedef
{
v1 = 40;
v2 = 41;
sidefront = 34;
blocking = true;
}

linedef
{
v1 = 25;
v2 = 40;
sidefront = 35;
blocking = true;
}

linedef
{
v1 = 42;
v2 = 43;
sidefront = 409;
blocking = true;
}

linedef
{
v1 = 44;
v2 = 26;
sidefront = 37;
blocking = true;
}

linedef
{
v1 = 45;
v2 = 46;
sidefront = 38;
blocking = true;
}

linedef
{
v1 = 47;
v2 = 48;
sidefront = 369;
sideback = 130;
twosided = true;
dontdraw = true;
}

linedef
{
v1 = 49;
v2 = 45;
sidefront = 40;
blocking = true;
}

linedef
{
v1 = 50;
v2 = 49;
sidefront = 41;
blocking = true;
}

linedef
{
v1 = 51;
v2 = 52;
sidefront = 42;
blocking = true;
}

linedef
{
v1 = 52;
v2 = 53;
sidefront = 43;
blocking = true;
}

linedef
{
v1 = 7;
v2 = 54;
sidefront = 408;
blocking = true;
}

linedef
{
v1 = 55;
v2 = 56;
sidefront = 45;
blocking = true;
}

linedef
{
v1 = 57;
v2 = 58;
sidefront = 46;
blocking = true;
}

linedef
{
v1 = 59;
v2 = 60;
sidefront = 47;
blocking = true;
}

linedef
{
v1 = 61;
v2 = 59;
sidefront = 48;
blocking = true;
}

linedef
{
v1 = 62;
v2 = 63;
sidefront = 49;
blocking = true;
}

linedef
{
v1 = 63;
v2 = 64;
sidefront = 50;
blocking = true;
}

linedef
{
v1 = 65;
v2 = 66;
sidefront = 51;
special = 74;
arg0 = 3;
playeruse = true;
repeatspecial = true;
blocking = true;
dontdraw = true;
}

linedef
{
v1 = 67;
v2 = 68;
sidefront = 53;
blocking = true;
}

linedef
{
v1 = 64;
v2 = 50;
sidefront = 54;
blocking = true;
}

linedef
{
v1 = 69;
v2 = 70;
sidefront = 18;
sideback = 189;
twosided = true;
dontdraw = true;
}

linedef
{
v1 = 60;
v2 = 67;
sidefront = 56;
blocking = true;
}

linedef
{
v1 = 71;
v2 = 72;
sidefront = 298;
blocking = true;
}

linedef
{
v1 = 73;
v2 = 62;
sidefront = 58;
blocking = true;
}

linedef
{
v1 = 74;
v2 = 75;
sidefront = 59;
blocking = true;
}

linedef
{
v1 = 76;
v2 = 77;
sidefront = 60;
blocking = true;
}

linedef
{
v1 = 78;
v2 = 79;
sidefront = 61;
blocking = true;
}

linedef
{
v1 = 80;
v2 = 44;
sidefront = 406;
blocking = true;
}

linedef
{
v1 = 81;
v2 = 82;
sidefront = 63;
blocking = true;
}

linedef
{
v1 = 83;
v2 = 81;
sidefront = 403;
blocking = true;
}

linedef
{
v1 = 41;
v2 = 84;
sidefront = 405;
blocking = true;
}

linedef
{
v1 = 85;
v2 = 86;
sidefront = 66;
blocking = true;
}

linedef
{
v1 = 56;
v2 = 57;
sidefront = 67;
sideback = 68;
twosided = true;
dontdraw = true;
}

linedef
{
v1 = 29;
v2 = 87;
sidefront = 69;
blocking = true;
}

linedef
{
v1 = 82;
v2 = 88;
sidefront = 70;
blocking = true;
}

linedef
{
v1 = 89;
v2 = 18;
sidefront = 71;
blocking = true;
}

linedef
{
v1 = 3;
v2 = 90;
sidefront = 111;
sideback = 25;
twosided = true;
dontdraw = true;
}

linedef
{
v1 = 91;
v2 = 83;
sidefront = 400;
blocking = true;
}

linedef
{
v1 = 92;
v2 = 89;
sidefront = 74;
blocking = true;
}

linedef
{
v1 = 93;
v2 = 94;
sidefront = 75;
blocking = true;
}

linedef
{
v1 = 95;
v2 = 96;
sidefront = 6;
sideback = 396;
twosided = true;
dontdraw = true;
}

linedef
{
v1 = 97;
v2 = 98;
sidefront = 77;
blocking = true;
}

linedef
{
v1 = 99;
v2 = 100;
sidefront = 78;
blocking = true;
}

linedef
{
v1 = 101;
v2 = 102;
sidefront = 79;
blocking = true;
}

linedef
{
v1 = 87;
v2 = 101;
sidefront = 80;
blocking = true;
}

linedef
{
v1 = 103;
v2 = 93;
sidefront = 81;
special = 74;
arg0 = 9;
playeruse = true;
repeatspecial = true;
blocking = true;
dontdraw = true;
}

linedef
{
v1 = 98;
v2 = 104;
sidefront = 83;
blocking = true;
}

linedef
{
v1 = 105;
v2 = 106;
sidefront = 84;
sideback = 85;
special = 80;
twosided = true;
playeruse = true;
repeatspecial = true;
arg3 = 7;
arg0 = 3010;
}

linedef
{
v1 = 105;
v2 = 107;
sidefront = 86;
dontpegbottom = true;
blocking = true;
}

linedef
{
v1 = 98;
v2 = 108;
sidefront = 87;
sideback = 88;
twosided = true;
dontdraw = true;
}

linedef
{
v1 = 109;
v2 = 110;
sidefront = 89;
blocking = true;
}

linedef
{
v1 = 107;
v2 = 108;
sidefront = 90;
blocking = true;
}

linedef
{
v1 = 104;
v2 = 107;
sidefront = 91;
sideback = 92;
special = 80;
twosided = true;
playeruse = true;
repeatspecial = true;
arg3 = 7;
arg0 = 3010;
}

linedef
{
v1 = 104;
v2 = 106;
sidefront = 93;
dontpegbottom = true;
blocking = true;
}

linedef
{
v1 = 106;
v2 = 111;
sidefront = 94;
blocking = true;
}

linedef
{
v1 = 112;
v2 = 113;
sidefront = 95;
blocking = true;
}

linedef
{
v1 = 108;
v2 = 92;
sidefront = 96;
blocking = true;
}

linedef
{
v1 = 114;
v2 = 115;
sidefront = 97;
blocking = true;
}

linedef
{
v1 = 116;
v2 = 117;
sidefront = 98;
sideback = 99;
special = 80;
twosided = true;
playeruse = true;
repeatspecial = true;
arg3 = 3;
arg0 = 3010;
}

linedef
{
v1 = 116;
v2 = 118;
sidefront = 100;
dontpegbottom = true;
blocking = true;
}

linedef
{
v1 = 119;
v2 = 120;
sidefront = 101;
blocking = true;
}

linedef
{
v1 = 102;
v2 = 116;
sidefront = 102;
blocking = true;
}

linedef
{
v1 = 118;
v2 = 121;
sidefront = 103;
blocking = true;
}

linedef
{
v1 = 115;
v2 = 118;
sidefront = 104;
sideback = 105;
special = 80;
twosided = true;
playeruse = true;
repeatspecial = true;
arg3 = 3;
arg0 = 3010;
}

linedef
{
v1 = 115;
v2 = 117;
sidefront = 106;
dontpegbottom = true;
blocking = true;
}

linedef
{
v1 = 117;
v2 = 122;
sidefront = 107;
blocking = true;
}

linedef
{
v1 = 122;
v2 = 102;
sidefront = 108;
sideback = 109;
twosided = true;
dontdraw = true;
}

linedef
{
v1 = 122;
v2 = 99;
sidefront = 110;
blocking = true;
}

linedef
{
v1 = 123;
v2 = 95;
sidefront = 4;
sideback = 387;
twosided = true;
dontdraw = true;
}

linedef
{
v1 = 54;
v2 = 124;
sidefront = 112;
blocking = true;
}

linedef
{
v1 = 124;
v2 = 109;
sidefront = 113;
blocking = true;
}

linedef
{
v1 = 125;
v2 = 126;
sidefront = 114;
blocking = true;
}

linedef
{
v1 = 127;
v2 = 128;
sidefront = 115;
blocking = true;
}

linedef
{
v1 = 129;
v2 = 130;
sidefront = 116;
blocking = true;
}

linedef
{
v1 = 126;
v2 = 6;
sidefront = 117;
blocking = true;
}

linedef
{
v1 = 131;
v2 = 132;
sidefront = 118;
blocking = true;
}

linedef
{
v1 = 132;
v2 = 7;
sidefront = 119;
blocking = true;
}

linedef
{
v1 = 30;
v2 = 17;
sidefront = 389;
sideback = 255;
twosided = true;
dontdraw = true;
}

linedef
{
v1 = 34;
v2 = 131;
sidefront = 121;
blocking = true;
}

linedef
{
v1 = 133;
v2 = 69;
sidefront = 1;
sideback = 197;
twosided = true;
dontdraw = true;
}

linedef
{
v1 = 130;
v2 = 134;
sidefront = 123;
blocking = true;
}

linedef
{
v1 = 134;
v2 = 135;
sidefront = 124;
blocking = true;
}

linedef
{
v1 = 136;
v2 = 137;
sidefront = 125;
blocking = true;
}

linedef
{
v1 = 138;
v2 = 139;
sidefront = 2;
sideback = 391;
twosided = true;
dontdraw = true;
}

linedef
{
v1 = 140;
v2 = 47;
sidefront = 248;
sideback = 358;
twosided = true;
dontdraw = true;
}

linedef
{
v1 = 112;
v2 = 137;
sidefront = 128;
sideback = 129;
twosided = true;
dontdraw = true;
}

linedef
{
v1 = 90;
v2 = 14;
sidefront = 132;
sideback = 57;
twosided = true;
dontdraw = true;
}

linedef
{
v1 = 75;
v2 = 141;
sidefront = 379;
blocking = true;
playeruse = true;
repeatspecial = true;
}

linedef
{
v1 = 61;
v2 = 64;
sidefront = 212;
sideback = 220;
twosided = true;
dontdraw = true;
}

linedef
{
v1 = 136;
v2 = 142;
sidefront = 133;
sideback = 134;
twosided = true;
dontdraw = true;
}

linedef
{
v1 = 96;
v2 = 143;
sidefront = 222;
sideback = 395;
twosided = true;
dontdraw = true;
}

linedef
{
v1 = 144;
v2 = 145;
sidefront = 136;
blocking = true;
}

linedef
{
v1 = 146;
v2 = 147;
sidefront = 137;
sideback = 138;
special = 80;
twosided = true;
playeruse = true;
repeatspecial = true;
arg0 = 3002;
}

linedef
{
v1 = 146;
v2 = 148;
sidefront = 139;
dontpegbottom = true;
blocking = true;
}

linedef
{
v1 = 11;
v2 = 36;
sidefront = 386;
sideback = 17;
twosided = true;
dontdraw = true;
}

linedef
{
v1 = 142;
v2 = 146;
sidefront = 141;
blocking = true;
}

linedef
{
v1 = 148;
v2 = 149;
sidefront = 142;
blocking = true;
}

linedef
{
v1 = 145;
v2 = 148;
sidefront = 143;
sideback = 144;
special = 80;
twosided = true;
playeruse = true;
repeatspecial = true;
arg0 = 3002;
}

linedef
{
v1 = 145;
v2 = 147;
sidefront = 145;
dontpegbottom = true;
blocking = true;
}

linedef
{
v1 = 147;
v2 = 136;
sidefront = 146;
blocking = true;
}

linedef
{
v1 = 150;
v2 = 151;
sidefront = 147;
blocking = true;
}

linedef
{
v1 = 152;
v2 = 153;
sidefront = 148;
sideback = 149;
special = 80;
twosided = true;
playeruse = true;
repeatspecial = true;
arg0 = 3002;
}

linedef
{
v1 = 152;
v2 = 154;
sidefront = 150;
dontpegbottom = true;
blocking = true;
}

linedef
{
v1 = 155;
v2 = 156;
sidefront = 240;
blocking = true;
}

linedef
{
v1 = 137;
v2 = 152;
sidefront = 152;
blocking = true;
}

linedef
{
v1 = 154;
v2 = 157;
sidefront = 153;
blocking = true;
}

linedef
{
v1 = 151;
v2 = 154;
sidefront = 154;
sideback = 155;
special = 80;
twosided = true;
playeruse = true;
repeatspecial = true;
arg0 = 3002;
}

linedef
{
v1 = 151;
v2 = 153;
sidefront = 156;
dontpegbottom = true;
blocking = true;
}

linedef
{
v1 = 153;
v2 = 112;
sidefront = 157;
blocking = true;
}

linedef
{
v1 = 121;
v2 = 119;
sidefront = 158;
blocking = true;
}

linedef
{
v1 = 121;
v2 = 114;
sidefront = 159;
sideback = 160;
twosided = true;
dontdraw = true;
}

linedef
{
v1 = 158;
v2 = 159;
sidefront = 161;
blocking = true;
}

linedef
{
v1 = 160;
v2 = 161;
sidefront = 162;
blocking = true;
}

linedef
{
v1 = 43;
v2 = 162;
sidefront = 163;
blocking = true;
}

linedef
{
v1 = 163;
v2 = 42;
sidefront = 164;
blocking = true;
}

linedef
{
v1 = 161;
v2 = 164;
sidefront = 165;
blocking = true;
}

linedef
{
v1 = 164;
v2 = 165;
sidefront = 166;
blocking = true;
}

linedef
{
v1 = 111;
v2 = 110;
sidefront = 167;
sideback = 168;
twosided = true;
dontdraw = true;
}

linedef
{
v1 = 166;
v2 = 167;
sidefront = 169;
blocking = true;
}

linedef
{
v1 = 168;
v2 = 169;
sidefront = 170;
blocking = true;
}

linedef
{
v1 = 170;
v2 = 171;
sidefront = 171;
blocking = true;
}

linedef
{
v1 = 162;
v2 = 170;
sidefront = 172;
blocking = true;
}

linedef
{
v1 = 94;
v2 = 172;
sidefront = 173;
sideback = 174;
twosided = true;
dontdraw = true;
}

linedef
{
v1 = 173;
v2 = 174;
sidefront = 175;
dontpegbottom = true;
blocking = true;
}

linedef
{
v1 = 175;
v2 = 176;
sidefront = 176;
dontpegbottom = true;
blocking = true;
}

linedef
{
v1 = 177;
v2 = 178;
sidefront = 177;
dontpegbottom = true;
blocking = true;
}

linedef
{
v1 = 179;
v2 = 168;
sidefront = 178;
blocking = true;
}

linedef
{
v1 = 180;
v2 = 160;
sidefront = 179;
blocking = true;
}

linedef
{
v1 = 181;
v2 = 166;
sidefront = 180;
blocking = true;
}

linedef
{
v1 = 181;
v2 = 169;
sidefront = 181;
sideback = 182;
twosided = true;
dontdraw = true;
}

linedef
{
v1 = 182;
v2 = 181;
sidefront = 183;
blocking = true;
}

linedef
{
v1 = 173;
v2 = 182;
sidefront = 184;
sideback = 185;
special = 80;
twosided = true;
playeruse = true;
repeatspecial = true;
arg0 = 3002;
}

linedef
{
v1 = 174;
v2 = 183;
sidefront = 186;
blocking = true;
}

linedef
{
v1 = 184;
v2 = 182;
sidefront = 187;
dontpegbottom = true;
blocking = true;
}

linedef
{
v1 = 185;
v2 = 184;
sidefront = 188;
blocking = true;
}

linedef
{
v1 = 165;
v2 = 42;
sidefront = 20;
sideback = 21;
twosided = true;
dontdraw = true;
}

linedef
{
v1 = 169;
v2 = 173;
sidefront = 190;
blocking = true;
}

linedef
{
v1 = 184;
v2 = 174;
sidefront = 191;
sideback = 192;
special = 80;
twosided = true;
playeruse = true;
repeatspecial = true;
arg0 = 3002;
}

linedef
{
v1 = 185;
v2 = 183;
sidefront = 193;
sideback = 194;
twosided = true;
dontdraw = true;
}

linedef
{
v1 = 186;
v2 = 185;
sidefront = 195;
blocking = true;
}

linedef
{
v1 = 187;
v2 = 186;
sidefront = 196;
special = 74;
arg0 = 4;
playeruse = true;
repeatspecial = true;
blocking = true;
dontdraw = true;
}

linedef
{
v1 = 1;
v2 = 188;
sidefront = 414;
blocking = true;
}

linedef
{
v1 = 85;
v2 = 189;
sidefront = 22;
sideback = 26;
twosided = true;
dontdraw = true;
}

linedef
{
v1 = 141;
v2 = 73;
sidefront = 380;
blocking = true;
}

linedef
{
v1 = 143;
v2 = 123;
sidefront = 224;
sideback = 388;
twosided = true;
dontdraw = true;
}

linedef
{
v1 = 183;
v2 = 187;
sidefront = 202;
blocking = true;
}

linedef
{
v1 = 165;
v2 = 158;
sidefront = 410;
blocking = true;
}

linedef
{
v1 = 167;
v2 = 180;
sidefront = 204;
sideback = 205;
twosided = true;
dontdraw = true;
}

linedef
{
v1 = 190;
v2 = 180;
sidefront = 206;
blocking = true;
}

linedef
{
v1 = 177;
v2 = 190;
sidefront = 207;
sideback = 208;
special = 80;
twosided = true;
playeruse = true;
repeatspecial = true;
arg0 = 3002;
}

linedef
{
v1 = 178;
v2 = 191;
sidefront = 209;
blocking = true;
}

linedef
{
v1 = 192;
v2 = 190;
sidefront = 210;
dontpegbottom = true;
blocking = true;
}

linedef
{
v1 = 193;
v2 = 192;
sidefront = 211;
blocking = true;
}

linedef
{
v1 = 194;
v2 = 195;
sidefront = 199;
sideback = 8;
twosided = true;
dontdraw = true;
}

linedef
{
v1 = 167;
v2 = 177;
sidefront = 213;
blocking = true;
}

linedef
{
v1 = 192;
v2 = 178;
sidefront = 214;
sideback = 215;
special = 80;
twosided = true;
playeruse = true;
repeatspecial = true;
arg0 = 3002;
}

linedef
{
v1 = 191;
v2 = 193;
sidefront = 216;
sideback = 217;
twosided = true;
dontdraw = true;
}

linedef
{
v1 = 196;
v2 = 193;
sidefront = 218;
blocking = true;
}

linedef
{
v1 = 197;
v2 = 196;
sidefront = 219;
special = 74;
arg0 = 5;
playeruse = true;
repeatspecial = true;
blocking = true;
dontdraw = true;
}

linedef
{
v1 = 110;
v2 = 105;
sidefront = 221;
blocking = true;
}

linedef
{
v1 = 23;
v2 = 4;
sidefront = 52;
sideback = 364;
twosided = true;
dontdraw = true;
}

linedef
{
v1 = 111;
v2 = 125;
sidefront = 223;
blocking = true;
}

linedef
{
v1 = 20;
v2 = 198;
sidefront = 239;
sideback = 10;
twosided = true;
dontdraw = true;
}

linedef
{
v1 = 191;
v2 = 197;
sidefront = 225;
blocking = true;
}

linedef
{
v1 = 84;
v2 = 91;
sidefront = 399;
special = 80;
blocking = true;
playeruse = true;
repeatspecial = true;
arg0 = 3999;
}

linedef
{
v1 = 24;
v2 = 22;
sidefront = 384;
sideback = 64;
twosided = true;
dontdraw = true;
}

linedef
{
v1 = 199;
v2 = 200;
sidefront = 228;
blocking = true;
}

linedef
{
v1 = 175;
v2 = 199;
sidefront = 229;
sideback = 230;
special = 80;
twosided = true;
playeruse = true;
repeatspecial = true;
arg0 = 3002;
}

linedef
{
v1 = 176;
v2 = 179;
sidefront = 231;
blocking = true;
}

linedef
{
v1 = 201;
v2 = 199;
sidefront = 232;
dontpegbottom = true;
blocking = true;
}

linedef
{
v1 = 171;
v2 = 201;
sidefront = 233;
blocking = true;
}

linedef
{
v1 = 179;
v2 = 171;
sidefront = 234;
sideback = 235;
twosided = true;
dontdraw = true;
}

linedef
{
v1 = 202;
v2 = 175;
sidefront = 236;
blocking = true;
}

linedef
{
v1 = 201;
v2 = 176;
sidefront = 237;
sideback = 238;
special = 80;
twosided = true;
playeruse = true;
repeatspecial = true;
arg0 = 3002;
}

linedef
{
v1 = 70;
v2 = 203;
sidefront = 55;
sideback = 398;
twosided = true;
dontdraw = true;
}

linedef
{
v1 = 204;
v2 = 76;
sidefront = 378;
blocking = true;
}

linedef
{
v1 = 0;
v2 = 205;
sidefront = 413;
blocking = true;
}

linedef
{
v1 = 66;
v2 = 202;
sidefront = 242;
blocking = true;
}

linedef
{
v1 = 195;
v2 = 138;
sidefront = 201;
sideback = 392;
twosided = true;
dontdraw = true;
}

linedef
{
v1 = 200;
v2 = 65;
sidefront = 244;
blocking = true;
}

linedef
{
v1 = 202;
v2 = 200;
sidefront = 245;
sideback = 246;
twosided = true;
dontdraw = true;
}

linedef
{
v1 = 53;
v2 = 61;
sidefront = 247;
blocking = true;
}

linedef
{
v1 = 48;
v2 = 206;
sidefront = 39;
sideback = 127;
twosided = true;
dontdraw = true;
}

linedef
{
v1 = 120;
v2 = 163;
sidefront = 249;
blocking = true;
}

linedef
{
v1 = 207;
v2 = 208;
sidefront = 250;
blocking = true;
}

linedef
{
v1 = 209;
v2 = 207;
sidefront = 251;
blocking = true;
}

linedef
{
v1 = 210;
v2 = 209;
sidefront = 252;
blocking = true;
}

linedef
{
v1 = 46;
v2 = 211;
sidefront = 253;
blocking = true;
}

linedef
{
v1 = 135;
v2 = 212;
sidefront = 412;
blocking = true;
}

linedef
{
v1 = 213;
v2 = 155;
sidefront = 415;
blocking = true;
}

linedef
{
v1 = 214;
v2 = 127;
sidefront = 256;
blocking = true;
}

linedef
{
v1 = 194;
v2 = 215;
sidefront = 257;
blocking = true;
}

linedef
{
v1 = 211;
v2 = 194;
sidefront = 258;
blocking = true;
}

linedef
{
v1 = 216;
v2 = 139;
sidefront = 259;
blocking = true;
}

linedef
{
v1 = 139;
v2 = 210;
sidefront = 260;
blocking = true;
}

linedef
{
v1 = 18;
v2 = 78;
sidefront = 261;
blocking = true;
}

linedef
{
v1 = 217;
v2 = 216;
sidefront = 262;
blocking = true;
}

linedef
{
v1 = 79;
v2 = 51;
sidefront = 263;
blocking = true;
}

linedef
{
v1 = 157;
v2 = 218;
sidefront = 264;
blocking = true;
}

linedef
{
v1 = 219;
v2 = 220;
sidefront = 265;
blocking = true;
}

linedef
{
v1 = 221;
v2 = 222;
sidefront = 266;
blocking = true;
}

linedef
{
v1 = 223;
v2 = 224;
sidefront = 267;
blocking = true;
}

linedef
{
v1 = 215;
v2 = 223;
sidefront = 268;
blocking = true;
}

linedef
{
v1 = 81;
v2 = 207;
sidefront = 381;
sideback = 382;
twosided = true;
dontdraw = true;
}

linedef
{
v1 = 220;
v2 = 225;
sidefront = 270;
blocking = true;
}

linedef
{
v1 = 226;
v2 = 227;
sidefront = 271;
sideback = 272;
special = 80;
twosided = true;
playeruse = true;
repeatspecial = true;
arg3 = 1;
arg0 = 3010;
}

linedef
{
v1 = 226;
v2 = 228;
sidefront = 273;
dontpegbottom = true;
blocking = true;
}

linedef
{
v1 = 220;
v2 = 229;
sidefront = 274;
sideback = 275;
twosided = true;
dontdraw = true;
}

linedef
{
v1 = 230;
v2 = 231;
sidefront = 276;
blocking = true;
}

linedef
{
v1 = 228;
v2 = 229;
sidefront = 277;
blocking = true;
}

linedef
{
v1 = 225;
v2 = 228;
sidefront = 278;
sideback = 279;
special = 80;
twosided = true;
playeruse = true;
repeatspecial = true;
arg3 = 1;
arg0 = 3010;
}

linedef
{
v1 = 225;
v2 = 227;
sidefront = 280;
dontpegbottom = true;
blocking = true;
}

linedef
{
v1 = 227;
v2 = 214;
sidefront = 281;
blocking = true;
}

linedef
{
v1 = 232;
v2 = 1;
sidefront = 282;
blocking = true;
}

linedef
{
v1 = 229;
v2 = 217;
sidefront = 283;
blocking = true;
}

linedef
{
v1 = 233;
v2 = 85;
sidefront = 284;
blocking = true;
}

linedef
{
v1 = 234;
v2 = 235;
sidefront = 285;
sideback = 286;
special = 80;
twosided = true;
playeruse = true;
repeatspecial = true;
arg3 = 2;
arg0 = 3010;
}

linedef
{
v1 = 234;
v2 = 236;
sidefront = 287;
dontpegbottom = true;
blocking = true;
}

linedef
{
v1 = 237;
v2 = 238;
sidefront = 288;
blocking = true;
}

linedef
{
v1 = 224;
v2 = 234;
sidefront = 289;
blocking = true;
}

linedef
{
v1 = 236;
v2 = 189;
sidefront = 290;
blocking = true;
}

linedef
{
v1 = 86;
v2 = 236;
sidefront = 291;
sideback = 292;
special = 80;
twosided = true;
playeruse = true;
repeatspecial = true;
arg3 = 2;
arg0 = 3010;
}

linedef
{
v1 = 86;
v2 = 235;
sidefront = 293;
dontpegbottom = true;
blocking = true;
}

linedef
{
v1 = 235;
v2 = 239;
sidefront = 294;
blocking = true;
}

linedef
{
v1 = 239;
v2 = 224;
sidefront = 295;
sideback = 296;
twosided = true;
dontdraw = true;
}

linedef
{
v1 = 239;
v2 = 221;
sidefront = 297;
blocking = true;
}

linedef
{
v1 = 212;
v2 = 142;
sidefront = 411;
blocking = true;
}

linedef
{
v1 = 240;
v2 = 97;
sidefront = 300;
blocking = true;
}

linedef
{
v1 = 100;
v2 = 240;
sidefront = 301;
special = 80;
blocking = true;
playeruse = true;
repeatspecial = true;
arg0 = 3999;
}

linedef
{
v1 = 128;
v2 = 241;
sidefront = 302;
special = 74;
arg0 = 10;
blocking = true;
playeruse = true;
repeatspecial = true;
dontdraw = true;
}

linedef
{
v1 = 222;
v2 = 242;
sidefront = 303;
special = 80;
blocking = true;
playeruse = true;
repeatspecial = true;
arg0 = 3999;
}

linedef
{
v1 = 6;
v2 = 129;
sidefront = 407;
blocking = true;
}

linedef
{
v1 = 243;
v2 = 244;
sidefront = 305;
blocking = true;
}

linedef
{
v1 = 245;
v2 = 172;
sidefront = 306;
blocking = true;
}

linedef
{
v1 = 246;
v2 = 245;
sidefront = 307;
sideback = 308;
special = 80;
twosided = true;
playeruse = true;
repeatspecial = true;
arg0 = 3002;
}

linedef
{
v1 = 242;
v2 = 219;
sidefront = 309;
blocking = true;
}

linedef
{
v1 = 247;
v2 = 248;
sidefront = 310;
blocking = true;
}

linedef
{
v1 = 246;
v2 = 249;
sidefront = 311;
dontpegbottom = true;
blocking = true;
}

linedef
{
v1 = 248;
v2 = 0;
sidefront = 312;
blocking = true;
}

linedef
{
v1 = 16;
v2 = 12;
sidefront = 65;
sideback = 241;
twosided = true;
dontdraw = true;
}

linedef
{
v1 = 238;
v2 = 232;
sidefront = 314;
blocking = true;
}

linedef
{
v1 = 188;
v2 = 250;
sidefront = 315;
blocking = true;
}

linedef
{
v1 = 251;
v2 = 230;
sidefront = 316;
blocking = true;
}

linedef
{
v1 = 249;
v2 = 252;
sidefront = 317;
blocking = true;
}

linedef
{
v1 = 205;
v2 = 233;
sidefront = 318;
blocking = true;
}

linedef
{
v1 = 159;
v2 = 114;
sidefront = 319;
blocking = true;
}

linedef
{
v1 = 252;
v2 = 213;
sidefront = 320;
blocking = true;
}

linedef
{
v1 = 156;
v2 = 247;
sidefront = 321;
blocking = true;
}

linedef
{
v1 = 172;
v2 = 103;
sidefront = 322;
blocking = true;
}

linedef
{
v1 = 250;
v2 = 253;
sidefront = 323;
blocking = true;
}

linedef
{
v1 = 253;
v2 = 254;
sidefront = 324;
blocking = true;
}

linedef
{
v1 = 255;
v2 = 243;
sidefront = 325;
blocking = true;
}

linedef
{
v1 = 256;
v2 = 257;
sidefront = 401;
special = 80;
blocking = true;
playeruse = true;
repeatspecial = true;
arg0 = 3999;
}

linedef
{
v1 = 189;
v2 = 237;
sidefront = 327;
blocking = true;
}

linedef
{
v1 = 252;
v2 = 243;
sidefront = 328;
sideback = 329;
twosided = true;
dontdraw = true;
}

linedef
{
v1 = 198;
v2 = 31;
sidefront = 243;
sideback = 361;
twosided = true;
dontdraw = true;
}

linedef
{
v1 = 241;
v2 = 251;
sidefront = 120;
blocking = true;
}

linedef
{
v1 = 231;
v2 = 226;
sidefront = 332;
blocking = true;
}

linedef
{
v1 = 255;
v2 = 72;
sidefront = 333;
sideback = 334;
twosided = true;
dontdraw = true;
}

linedef
{
v1 = 206;
v2 = 140;
sidefront = 72;
sideback = 360;
twosided = true;
dontdraw = true;
}

linedef
{
v1 = 56;
v2 = 258;
sidefront = 336;
blocking = true;
}

linedef
{
v1 = 259;
v2 = 260;
sidefront = 337;
sideback = 338;
special = 80;
twosided = true;
playeruse = true;
repeatspecial = true;
arg0 = 3002;
}

linedef
{
v1 = 259;
v2 = 261;
sidefront = 339;
dontpegbottom = true;
blocking = true;
}

linedef
{
v1 = 58;
v2 = 55;
sidefront = 340;
special = 74;
arg0 = 8;
playeruse = true;
repeatspecial = true;
blocking = true;
dontdraw = true;
}

linedef
{
v1 = 72;
v2 = 259;
sidefront = 342;
blocking = true;
}

linedef
{
v1 = 261;
v2 = 57;
sidefront = 343;
blocking = true;
}

linedef
{
v1 = 258;
v2 = 261;
sidefront = 344;
sideback = 345;
special = 80;
twosided = true;
playeruse = true;
repeatspecial = true;
arg0 = 3002;
}

linedef
{
v1 = 258;
v2 = 260;
sidefront = 346;
dontpegbottom = true;
blocking = true;
}

linedef
{
v1 = 260;
v2 = 255;
sidefront = 347;
blocking = true;
}

linedef
{
v1 = 94;
v2 = 246;
sidefront = 348;
blocking = true;
}

linedef
{
v1 = 244;
v2 = 249;
sidefront = 349;
sideback = 350;
special = 80;
twosided = true;
playeruse = true;
repeatspecial = true;
arg0 = 3002;
}

linedef
{
v1 = 244;
v2 = 245;
sidefront = 351;
dontpegbottom = true;
blocking = true;
}

linedef
{
v1 = 77;
v2 = 262;
sidefront = 352;
blocking = true;
playeruse = true;
repeatspecial = true;
}

linedef
{
v1 = 262;
v2 = 74;
sidefront = 353;
blocking = true;
}

linedef
{
v1 = 144;
v2 = 149;
sidefront = 354;
sideback = 355;
twosided = true;
dontdraw = true;
}

linedef
{
v1 = 263;
v2 = 144;
sidefront = 356;
blocking = true;
}

linedef
{
v1 = 264;
v2 = 263;
sidefront = 357;
special = 74;
arg0 = 6;
playeruse = true;
repeatspecial = true;
blocking = true;
dontdraw = true;
}

linedef
{
v1 = 113;
v2 = 33;
sidefront = 200;
blocking = true;
}

linedef
{
v1 = 203;
v2 = 133;
sidefront = 0;
sideback = 397;
twosided = true;
dontdraw = true;
}

linedef
{
v1 = 254;
v2 = 71;
sidefront = 299;
blocking = true;
}

linedef
{
v1 = 208;
v2 = 256;
sidefront = 404;
blocking = true;
}

linedef
{
v1 = 149;
v2 = 264;
sidefront = 363;
blocking = true;
}

linedef
{
v1 = 257;
v2 = 80;
sidefront = 402;
blocking = true;
}

linedef
{
v1 = 150;
v2 = 157;
sidefront = 365;
sideback = 366;
twosided = true;
dontdraw = true;
}

linedef
{
v1 = 265;
v2 = 150;
sidefront = 367;
blocking = true;
}

linedef
{
v1 = 218;
v2 = 265;
sidefront = 368;
special = 74;
arg0 = 7;
playeruse = true;
repeatspecial = true;
blocking = true;
dontdraw = true;
}

linedef
{
v1 = 88;
v2 = 78;
sidefront = 370;
sideback = 371;
twosided = true;
dontdraw = true;
}

linedef
{
v1 = 88;
v2 = 29;
sidefront = 372;
blocking = true;
}

linedef
{
v1 = 53;
v2 = 50;
sidefront = 373;
sideback = 374;
twosided = true;
dontdraw = true;
}

linedef
{
v1 = 211;
v2 = 210;
sidefront = 375;
sideback = 376;
twosided = true;
dontdraw = true;
}

linedef
{
v1 = 68;
v2 = 204;
sidefront = 377;
special = 80;
blocking = true;
playeruse = true;
repeatspecial = true;
arg0 = 3999;
}

sidedef
{
sector = 40;
}

sidedef
{
sector = 40;
}

sidedef
{
sector = 46;
}

sidedef
{
sector = 3;
}

sidedef
{
sector = 27;
}

sidedef
{
sector = 3;
}

sidedef
{
sector = 27;
}

sidedef
{
sector = 12;
}

sidedef
{
sector = 16;
}

sidedef
{
sector = 12;
}

sidedef
{
sector = 16;
}

sidedef
{
sector = 16;
}

sidedef
{
sector = 48;
}

sidedef
{
sector = 48;
}

sidedef
{
sector = 25;
}

sidedef
{
sector = 58;
}

sidedef
{
sector = 6;
}

sidedef
{
sector = 6;
}

sidedef
{
sector = 40;
}

sidedef
{
sector = 4;
texturemiddle = "DRDC6";
scalex_mid = -1;
}

sidedef
{
sector = 34;
}

sidedef
{
sector = 15;
}

sidedef
{
sector = 56;
}

sidedef
{
sector = 4;
texturemiddle = "DRDC10";
}

sidedef
{
sector = 11;
}

sidedef
{
sector = 58;
}

sidedef
{
sector = 36;
}

sidedef
{
sector = 4;
texturemiddle = "DRDC10";
offsetx_mid = 48;
}

sidedef
{
sector = 4;
}

sidedef
{
sector = 7;
}

sidedef
{
sector = 7;
texturemiddle = "DRDC34";
scalex_mid = 1.400000;
}

sidedef
{
sector = 7;
texturemiddle = "DRDC34";
offsetx_mid = -1;
scalex_mid = 2.100000;
}

sidedef
{
sector = 7;
texturemiddle = "DRDC34";
offsetx_mid = 1;
scalex_mid = 1.400000;
}

sidedef
{
sector = 7;
texturemiddle = "DRDC34";
offsetx_mid = -2;
scalex_mid = 2.100000;
}

sidedef
{
sector = 26;
texturemiddle = "DRDC34";
}

sidedef
{
sector = 26;
texturemiddle = "DRDC34";
offsetx_mid = -2;
scalex_mid = 2.100000;
}

sidedef
{
sector = 6;
}

sidedef
{
sector = 26;
texturemiddle = "DRDC34";
offsetx_mid = -3;
scalex_mid = 2.100000;
}

sidedef
{
sector = 0;
texturemiddle = "DRDC34";
scalex_mid = 2.100000;
offsetx_mid = -2;
}

sidedef
{
sector = 53;
}

sidedef
{
sector = 0;
texturemiddle = "DRDC34";
scalex_mid = 1.400000;
}

sidedef
{
sector = 0;
texturemiddle = "DRDC34";
offsetx_mid = -1;
scalex_mid = 2.100000;
}

sidedef
{
sector = 0;
texturemiddle = "DRDC34";
scalex_mid = 1.400000;
}

sidedef
{
sector = 0;
texturemiddle = "DRDC34";
offsetx_mid = 62;
scalex_mid = 2.100000;
}

sidedef
{
sector = 34;
}

sidedef
{
sector = 8;
texturemiddle = "DRDC10";
offsetx_mid = 48;
}

sidedef
{
sector = 8;
texturemiddle = "DRDC10";
}

sidedef
{
sector = 5;
texturemiddle = "DRDC27";
offsetx_mid = 1;
}

sidedef
{
sector = 5;
texturemiddle = "DRDC27";
}

sidedef
{
sector = 5;
texturemiddle = "DRDC27";
offsetx_mid = 15;
}

sidedef
{
sector = 5;
texturemiddle = "DRDC27";
offsetx_mid = 32;
}

sidedef
{
sector = 52;
texturemiddle = "DRDC6";
}

sidedef
{
sector = 11;
}

sidedef
{
sector = 5;
texturemiddle = "DRDC28";
}

sidedef
{
sector = 1;
texturemiddle = "DRDC35";
}

sidedef
{
sector = 40;
}

sidedef
{
sector = 5;
texturemiddle = "DRDC27";
offsetx_mid = 32;
}

sidedef
{
sector = 58;
}

sidedef
{
sector = 5;
texturemiddle = "DRDC27";
}

sidedef
{
sector = 5;
texturemiddle = "DRDC28";
}

sidedef
{
sector = 5;
texturemiddle = "DRDC29";
}

sidedef
{
sector = 0;
texturemiddle = "DRDC35";
}

sidedef
{
sector = 42;
}

sidedef
{
sector = 0;
texturemiddle = "DRDC27";
offsetx_mid = -48;
}

sidedef
{
sector = 5;
}

sidedef
{
sector = 42;
}

sidedef
{
sector = 36;
texturemiddle = "DRDC10";
}

sidedef
{
sector = 8;
}

sidedef
{
sector = 57;
}

sidedef
{
sector = 3;
texturemiddle = "DRDC27";
offsetx_mid = 13;
}

sidedef
{
sector = 0;
texturemiddle = "DRDC27";
offsetx_mid = -32;
}

sidedef
{
sector = 3;
texturemiddle = "DRDC27";
offsetx_mid = 7;
}

sidedef
{
sector = 53;
}

sidedef
{
sector = 5;
}

sidedef
{
sector = 3;
texturemiddle = "DRDC27";
}

sidedef
{
sector = 24;
texturemiddle = "DRDC10";
offsetx = -8;
offsetx_mid = -16;
}

sidedef
{
sector = 34;
}

sidedef
{
sector = 3;
texturemiddle = "DRDC46";
offsetx_mid = -1;
}

sidedef
{
sector = 3;
texturemiddle = "DRDC29";
}

sidedef
{
sector = 3;
texturemiddle = "DRDC48";
}

sidedef
{
sector = 3;
texturemiddle = "DRDC27";
offsetx_mid = 58;
}

sidedef
{
sector = 24;
texturemiddle = "DRDC6";
}

sidedef
{
sector = 35;
}

sidedef
{
sector = 19;
texturemiddle = "DRDC10";
}

sidedef
{
sector = 17;
texturetop = "DRDC4";
scalex_top = -1;
}

sidedef
{
sector = 18;
}

sidedef
{
sector = 18;
texturemiddle = "DRDC10";
offsetx = 8;
offsetx_mid = 16;
}

sidedef
{
sector = 3;
}

sidedef
{
sector = 19;
}

sidedef
{
sector = 25;
texturemiddle = "DRDC45A";
}

sidedef
{
sector = 19;
texturemiddle = "DRDC10";
offsetx = -8;
offsetx_mid = 48;
}

sidedef
{
sector = 19;
texturetop = "DRDC4";
}

sidedef
{
sector = 18;
}

sidedef
{
sector = 18;
texturemiddle = "DRDC10";
offsetx = 8;
offsetx_mid = 16;
}

sidedef
{
sector = 17;
texturemiddle = "DRDC10";
offsetx = -8;
offsetx_mid = 48;
}

sidedef
{
sector = 58;
texturemiddle = "DRDC28";
}

sidedef
{
sector = 3;
texturemiddle = "DRDC46";
offsetx_mid = -1;
scalex_mid = -1;
}

sidedef
{
sector = 22;
texturemiddle = "DRDC10";
}

sidedef
{
sector = 20;
texturetop = "DRDC5";
scalex_top = -1;
}

sidedef
{
sector = 21;
}

sidedef
{
sector = 21;
texturemiddle = "DRDC10";
offsetx = 8;
offsetx_mid = 16;
}

sidedef
{
sector = 15;
texturemiddle = "DRDC47A";
scalex_mid = -1.000000;
}

sidedef
{
sector = 20;
texturemiddle = "DRDC10";
}

sidedef
{
sector = 22;
texturemiddle = "DRDC10";
offsetx = -8;
offsetx_mid = 48;
}

sidedef
{
sector = 22;
texturetop = "DRDC5";
}

sidedef
{
sector = 21;
}

sidedef
{
sector = 21;
texturemiddle = "DRDC10";
offsetx = 8;
offsetx_mid = 16;
}

sidedef
{
sector = 20;
texturemiddle = "DRDC10";
offsetx = -8;
offsetx_mid = 48;
}

sidedef
{
sector = 20;
}

sidedef
{
sector = 3;
}

sidedef
{
sector = 3;
texturemiddle = "DRDC48";
scalex_mid = -1;
}

sidedef
{
sector = 55;
}

sidedef
{
sector = 25;
texturemiddle = "DRDC45A";
}

sidedef
{
sector = 25;
texturemiddle = "DRDC45A";
}

sidedef
{
sector = 25;
texturemiddle = "DRDC45A";
scalex_mid = -1.000000;
}

sidedef
{
sector = 60;
texturemiddle = "DRDC41A";
scalex_mid = -1.000000;
}

sidedef
{
sector = 58;
texturemiddle = "DRDC27";
offsetx_mid = -13;
}

sidedef
{
sector = 25;
texturemiddle = "DRDC45A";
scalex_mid = -1.000000;
}

sidedef
{
sector = 58;
texturemiddle = "DRDC27";
offsetx_mid = 32;
}

sidedef
{
sector = 58;
texturemiddle = "DRDC27";
offsetx_mid = 13;
}

sidedef
{
sector = 60;
texturemiddle = "DRDC41A";
}

sidedef
{
sector = 58;
texturemiddle = "DRDC27";
}

sidedef
{
sector = 9;
}

sidedef
{
sector = 58;
texturemiddle = "DRDC27";
}

sidedef
{
sector = 58;
texturemiddle = "DRDC28";
}

sidedef
{
sector = 58;
texturemiddle = "DRDC28";
}

sidedef
{
sector = 42;
}

sidedef
{
sector = 3;
}

sidedef
{
sector = 31;
}

sidedef
{
sector = 58;
}

sidedef
{
sector = 3;
}

sidedef
{
sector = 58;
texturemiddle = "DRDC28";
offsetx = 128;
}

sidedef
{
sector = 55;
}

sidedef
{
sector = 28;
}

sidedef
{
sector = 58;
}

sidedef
{
sector = 55;
}

sidedef
{
sector = 30;
texturemiddle = "DRDC10";
}

sidedef
{
sector = 28;
texturetop = "DRDC0";
}

sidedef
{
sector = 29;
}

sidedef
{
sector = 29;
texturemiddle = "DRDC10";
offsetx = 8;
offsetx_mid = -48;
}

sidedef
{
sector = 55;
}

sidedef
{
sector = 28;
texturemiddle = "DRDC10";
}

sidedef
{
sector = 30;
texturemiddle = "DRDC10";
offsetx = -8;
offsetx_mid = -16;
}

sidedef
{
sector = 30;
texturetop = "DRDC0";
scalex_top = -1.000000;
}

sidedef
{
sector = 29;
}

sidedef
{
sector = 29;
texturemiddle = "DRDC10";
offsetx = 8;
offsetx_mid = 16;
}

sidedef
{
sector = 28;
texturemiddle = "DRDC10";
offsetx = -8;
offsetx_mid = 48;
}

sidedef
{
sector = 33;
texturemiddle = "DRDC10";
}

sidedef
{
sector = 31;
texturetop = "DRDC0";
}

sidedef
{
sector = 32;
}

sidedef
{
sector = 32;
texturemiddle = "DRDC10";
offsetx = 8;
offsetx_mid = 16;
}

sidedef
{
sector = 7;
}

sidedef
{
sector = 31;
texturemiddle = "DRDC10";
}

sidedef
{
sector = 33;
texturemiddle = "DRDC10";
offsetx = -8;
offsetx_mid = 48;
}

sidedef
{
sector = 33;
texturetop = "DRDC0";
scalex_top = -1.000000;
}

sidedef
{
sector = 32;
}

sidedef
{
sector = 32;
texturemiddle = "DRDC10";
offsetx = 8;
offsetx_mid = 16;
}

sidedef
{
sector = 31;
texturemiddle = "DRDC10";
offsetx = -8;
offsetx_mid = 48;
}

sidedef
{
sector = 15;
texturemiddle = "DRDC47A";
scalex_mid = -1.000000;
}

sidedef
{
sector = 22;
}

sidedef
{
sector = 15;
}

sidedef
{
sector = 15;
texturemiddle = "DRDC47A";
}

sidedef
{
sector = 34;
texturemiddle = "DRDC27";
}

sidedef
{
sector = 34;
texturemiddle = "DRDC27";
offsetx_mid = -13;
}

sidedef
{
sector = 15;
texturemiddle = "DRDC47A";
scalex_mid = -1.000000;
}

sidedef
{
sector = 34;
texturemiddle = "DRDC27";
offsetx_mid = 32;
}

sidedef
{
sector = 34;
texturemiddle = "DRDC27";
offsetx_mid = 13;
}

sidedef
{
sector = 17;
}

sidedef
{
sector = 25;
}

sidedef
{
sector = 34;
texturemiddle = "DRDC28";
}

sidedef
{
sector = 34;
texturemiddle = "DRDC34";
}

sidedef
{
sector = 34;
texturemiddle = "DRDC28";
}

sidedef
{
sector = 34;
texturemiddle = "DRDC27";
}

sidedef
{
sector = 24;
}

sidedef
{
sector = 10;
}

sidedef
{
sector = 39;
texturemiddle = "DRDC10";
offsetx = 8;
offsetx_mid = 16;
}

sidedef
{
sector = 51;
texturemiddle = "DRDC10";
offsetx = 8;
offsetx_mid = 16;
}

sidedef
{
sector = 45;
texturemiddle = "DRDC10";
offsetx = 8;
offsetx_mid = 16;
}

sidedef
{
sector = 34;
texturemiddle = "DRDC28";
}

sidedef
{
sector = 34;
texturemiddle = "DRDC28";
}

sidedef
{
sector = 34;
texturemiddle = "DRDC34";
}

sidedef
{
sector = 38;
}

sidedef
{
sector = 34;
}

sidedef
{
sector = 38;
texturemiddle = "DRDC10";
offsetx = -8;
offsetx_mid = 48;
}

sidedef
{
sector = 38;
texturetop = "DRDC0";
}

sidedef
{
sector = 39;
}

sidedef
{
sector = 37;
texturemiddle = "DRDC10";
offsetx = -8;
offsetx_mid = 48;
}

sidedef
{
sector = 39;
texturemiddle = "DRDC10";
offsetx = 8;
offsetx_mid = 16;
}

sidedef
{
sector = 37;
texturemiddle = "DRDC10";
}

sidedef
{
sector = 26;
}

sidedef
{
sector = 38;
texturemiddle = "DRDC10";
}

sidedef
{
sector = 37;
texturetop = "DRDC0";
scalex_top = -1;
}

sidedef
{
sector = 39;
}

sidedef
{
sector = 41;
}

sidedef
{
sector = 37;
}

sidedef
{
sector = 41;
texturemiddle = "DRDC10";
offsetx = -8;
offsetx_mid = 48;
}

sidedef
{
sector = 41;
texturemiddle = "DRDC6";
}

sidedef
{
sector = 26;
}

sidedef
{
sector = 0;
}

sidedef
{
sector = 46;
}

sidedef
{
sector = 58;
texturemiddle = "DRDC34";
offsetx = 64;
}

sidedef
{
sector = 46;
}

sidedef
{
sector = 41;
texturemiddle = "DRDC10";
}

sidedef
{
sector = 56;
}

sidedef
{
sector = 34;
}

sidedef
{
sector = 44;
}

sidedef
{
sector = 44;
texturemiddle = "DRDC10";
offsetx = -8;
offsetx_mid = 48;
}

sidedef
{
sector = 44;
texturetop = "DRDC0";
}

sidedef
{
sector = 45;
}

sidedef
{
sector = 43;
texturemiddle = "DRDC10";
offsetx = -8;
offsetx_mid = 48;
}

sidedef
{
sector = 45;
texturemiddle = "DRDC10";
offsetx = 8;
offsetx_mid = 16;
}

sidedef
{
sector = 43;
texturemiddle = "DRDC10";
}

sidedef
{
sector = 1;
}

sidedef
{
sector = 44;
texturemiddle = "DRDC10";
}

sidedef
{
sector = 43;
texturetop = "DRDC0";
scalex_top = -1;
}

sidedef
{
sector = 45;
}

sidedef
{
sector = 43;
}

sidedef
{
sector = 47;
}

sidedef
{
sector = 47;
texturemiddle = "DRDC10";
offsetx = -8;
offsetx_mid = 48;
}

sidedef
{
sector = 47;
texturemiddle = "DRDC6";
}

sidedef
{
sector = 5;
}

sidedef
{
sector = 17;
texturemiddle = "DRDC10";
}

sidedef
{
sector = 27;
}

sidedef
{
sector = 25;
texturemiddle = "DRDC45A";
scalex_mid = -1.000000;
}

sidedef
{
sector = 27;
}

sidedef
{
sector = 47;
texturemiddle = "DRDC10";
}

sidedef
{
sector = 5;
}

sidedef
{
sector = 11;
}

sidedef
{
sector = 50;
texturemiddle = "DRDC10";
offsetx = -8;
offsetx_mid = 48;
}

sidedef
{
sector = 50;
texturetop = "DRDC0";
scalex_top = -1;
}

sidedef
{
sector = 51;
}

sidedef
{
sector = 49;
texturemiddle = "DRDC10";
offsetx = -8;
offsetx_mid = 48;
}

sidedef
{
sector = 51;
texturemiddle = "DRDC10";
offsetx = 8;
offsetx_mid = 16;
}

sidedef
{
sector = 49;
texturemiddle = "DRDC10";
}

sidedef
{
sector = 49;
}

sidedef
{
sector = 34;
}

sidedef
{
sector = 50;
texturemiddle = "DRDC10";
}

sidedef
{
sector = 49;
texturetop = "DRDC0";
}

sidedef
{
sector = 51;
}

sidedef
{
sector = 35;
}

sidedef
{
sector = 6;
texturemiddle = "DRDC28";
offsetx = 128;
}

sidedef
{
sector = 34;
}

sidedef
{
sector = 52;
texturemiddle = "DRDC10";
offsetx = -8;
offsetx_mid = 48;
}

sidedef
{
sector = 35;
}

sidedef
{
sector = 52;
texturemiddle = "DRDC10";
}

sidedef
{
sector = 52;
}

sidedef
{
sector = 50;
}

sidedef
{
sector = 1;
texturemiddle = "DRDC35";
}

sidedef
{
sector = 53;
}

sidedef
{
sector = 15;
texturemiddle = "DRDC47A";
scalex_mid = -1.000000;
}

sidedef
{
sector = 26;
texturemiddle = "DRDC27";
offsetx_mid = -32;
}

sidedef
{
sector = 0;
texturemiddle = "DRDC27";
offsetx_mid = 1;
}

sidedef
{
sector = 0;
texturemiddle = "DRDC27";
}

sidedef
{
sector = 0;
texturemiddle = "DRDC35";
offsetx_mid = -32;
}

sidedef
{
sector = 34;
}

sidedef
{
sector = 3;
}

sidedef
{
sector = 60;
texturemiddle = "DRDC41A";
scalex_mid = -1.000000;
}

sidedef
{
sector = 16;
texturemiddle = "DRDC27";
offsetx_mid = 5;
}

sidedef
{
sector = 46;
texturemiddle = "DRDC27";
}

sidedef
{
sector = 16;
texturemiddle = "DRDC27";
offsetx_mid = 32;
}

sidedef
{
sector = 46;
texturemiddle = "DRDC27";
offsetx_mid = 32;
}

sidedef
{
sector = 9;
texturemiddle = "DRDC27";
offsetx_mid = 32;
}

sidedef
{
sector = 16;
texturemiddle = "DRDC27";
}

sidedef
{
sector = 0;
texturemiddle = "DRDC34";
offsetx_mid = -1;
scalex_mid = 2.100000;
}

sidedef
{
sector = 59;
texturemiddle = "DRDC10";
}

sidedef
{
sector = 16;
texturemiddle = "DRDC42";
}

sidedef
{
sector = 16;
texturemiddle = "DRDC29";
}

sidedef
{
sector = 16;
texturemiddle = "DRDC44";
}

sidedef
{
sector = 16;
texturemiddle = "DRDC27";
offsetx_mid = -32;
}

sidedef
{
sector = 42;
}

sidedef
{
sector = 62;
texturemiddle = "DRDC10";
}

sidedef
{
sector = 60;
texturetop = "DRDC2";
}

sidedef
{
sector = 61;
}

sidedef
{
sector = 61;
texturemiddle = "DRDC10";
offsetx = 8;
offsetx_mid = 16;
}

sidedef
{
sector = 16;
}

sidedef
{
sector = 62;
}

sidedef
{
sector = 60;
texturemiddle = "DRDC41A";
}

sidedef
{
sector = 62;
texturemiddle = "DRDC10";
offsetx = -8;
offsetx_mid = 48;
}

sidedef
{
sector = 62;
texturetop = "DRDC2";
scalex_top = -1;
}

sidedef
{
sector = 61;
}

sidedef
{
sector = 61;
texturemiddle = "DRDC10";
offsetx = 8;
offsetx_mid = 16;
}

sidedef
{
sector = 60;
texturemiddle = "DRDC10";
offsetx = -8;
offsetx_mid = 48;
}

sidedef
{
sector = 56;
texturemiddle = "DRDC43A";
scalex_mid = -1.000000;
}

sidedef
{
sector = 16;
texturemiddle = "DRDC42";
scalex_mid = -1;
}

sidedef
{
sector = 56;
texturemiddle = "DRDC43A";
}

sidedef
{
sector = 63;
texturetop = "DRDC3";
}

sidedef
{
sector = 64;
}

sidedef
{
sector = 64;
texturemiddle = "DRDC10";
offsetx = 8;
offsetx_mid = 16;
}

sidedef
{
sector = 56;
texturemiddle = "DRDC43A";
scalex_mid = -1.000000;
}

sidedef
{
sector = 63;
texturemiddle = "DRDC10";
}

sidedef
{
sector = 36;
texturemiddle = "DRDC10";
offsetx = -8;
offsetx_mid = 48;
}

sidedef
{
sector = 36;
texturetop = "DRDC3";
scalex_top = -1;
}

sidedef
{
sector = 64;
}

sidedef
{
sector = 64;
texturemiddle = "DRDC10";
offsetx = 8;
offsetx_mid = -48;
}

sidedef
{
sector = 63;
texturemiddle = "DRDC10";
offsetx = -8;
offsetx_mid = -16;
}

sidedef
{
sector = 63;
}

sidedef
{
sector = 16;
}

sidedef
{
sector = 16;
texturemiddle = "DRDC44";
scalex_mid = -1;
}

sidedef
{
sector = 6;
texturemiddle = "DRDC28";
offsetx = 128;
}

sidedef
{
sector = 6;
texturemiddle = "drdc34";
offsetx = 64;
}

sidedef
{
sector = 3;
texturemiddle = "DRDC29";
}

sidedef
{
sector = 3;
texturemiddle = "CGR_TXT1";
}

sidedef
{
sector = 60;
texturemiddle = "DRDC6";
scalex_mid = -1;
}

sidedef
{
sector = 16;
texturemiddle = "CGR_TXT1";
}

sidedef
{
sector = 0;
}

sidedef
{
sector = 54;
texturemiddle = "DRDC10";
}

sidedef
{
sector = 10;
texturemiddle = "DRDC10";
offsetx = -8;
offsetx_mid = 48;
}

sidedef
{
sector = 10;
texturetop = "DRDC0";
scalex_top = -1.000000;
}

sidedef
{
sector = 14;
}

sidedef
{
sector = 16;
texturemiddle = "DRDC29";
}

sidedef
{
sector = 6;
texturemiddle = "DRDC27";
offsetx_mid = 32;
}

sidedef
{
sector = 14;
texturemiddle = "DRDC10";
offsetx = 8;
offsetx_mid = 16;
}

sidedef
{
sector = 6;
texturemiddle = "DRDC27";
offsetx_mid = 13;
}

sidedef
{
sector = 16;
}

sidedef
{
sector = 56;
texturemiddle = "DRDC43A";
scalex_mid = -1.000000;
}

sidedef
{
sector = 6;
texturemiddle = "DRDC27";
}

sidedef
{
sector = 60;
texturemiddle = "DRDC41A";
}

sidedef
{
sector = 54;
texturemiddle = "DRDC10";
offsetx = -8;
offsetx_mid = 48;
}

sidedef
{
sector = 56;
texturemiddle = "DRDC43A";
}

sidedef
{
sector = 15;
texturemiddle = "DRDC47A";
}

sidedef
{
sector = 6;
texturemiddle = "DRDC28";
}

sidedef
{
sector = 6;
texturemiddle = "DRDC27";
}

sidedef
{
sector = 24;
texturemiddle = "DRDC10";
}

sidedef
{
sector = 6;
texturemiddle = "DRDC27";
offsetx_mid = 45;
}

sidedef
{
sector = 6;
texturemiddle = "DRDC28";
}

sidedef
{
sector = 6;
texturemiddle = "DRDC37";
}

sidedef
{
sector = 0;
}

sidedef
{
sector = 56;
texturemiddle = "DRDC43A";
scalex_mid = -1.000000;
}

sidedef
{
sector = 54;
}

sidedef
{
sector = 6;
}

sidedef
{
sector = 35;
}

sidedef
{
sector = 11;
}

sidedef
{
sector = 60;
texturemiddle = "DRDC10";
}

sidedef
{
sector = 2;
}

sidedef
{
sector = 6;
}

sidedef
{
sector = 58;
}

sidedef
{
sector = 57;
texturemiddle = "DRDC10";
}

sidedef
{
sector = 2;
texturetop = "DRDC0";
}

sidedef
{
sector = 23;
}

sidedef
{
sector = 23;
texturemiddle = "DRDC10";
offsetx = 8;
offsetx_mid = -48;
}

sidedef
{
sector = 8;
texturemiddle = "DRDC6";
}

sidedef
{
sector = 58;
}

sidedef
{
sector = 2;
texturemiddle = "DRDC10";
}

sidedef
{
sector = 57;
texturemiddle = "DRDC10";
offsetx = -8;
offsetx_mid = -16;
}

sidedef
{
sector = 57;
texturetop = "DRDC0";
scalex_top = -1.000000;
}

sidedef
{
sector = 23;
}

sidedef
{
sector = 23;
texturemiddle = "DRDC10";
offsetx = 8;
offsetx_mid = 16;
}

sidedef
{
sector = 2;
texturemiddle = "DRDC10";
offsetx = -8;
offsetx_mid = 48;
}

sidedef
{
sector = 10;
texturemiddle = "DRDC10";
}

sidedef
{
sector = 54;
texturetop = "DRDC0";
}

sidedef
{
sector = 14;
}

sidedef
{
sector = 14;
texturemiddle = "DRDC10";
offsetx = 8;
offsetx_mid = 16;
}

sidedef
{
sector = 5;
texturemiddle = "DRDC31";
}

sidedef
{
sector = 5;
texturemiddle = "DRDC29";
}

sidedef
{
sector = 13;
}

sidedef
{
sector = 30;
}

sidedef
{
sector = 13;
texturemiddle = "DRDC10";
offsetx = -8;
offsetx_mid = 48;
}

sidedef
{
sector = 13;
texturemiddle = "DRDC6";
}

sidedef
{
sector = 3;
}

sidedef
{
sector = 26;
}

sidedef
{
sector = 3;
}

sidedef
{
sector = 16;
}

sidedef
{
sector = 5;
}

sidedef
{
sector = 13;
texturemiddle = "DRDC10";
}

sidedef
{
sector = 0;
}

sidedef
{
sector = 59;
}

sidedef
{
sector = 33;
}

sidedef
{
sector = 59;
texturemiddle = "DRDC10";
offsetx = -8;
offsetx_mid = -16;
}

sidedef
{
sector = 59;
texturemiddle = "DRDC6";
}

sidedef
{
sector = 53;
}

sidedef
{
sector = 0;
}

sidedef
{
sector = 9;
}

sidedef
{
sector = 9;
texturemiddle = "DRDC27";
}

sidedef
{
sector = 0;
}

sidedef
{
sector = 1;
}

sidedef
{
sector = 0;
}

sidedef
{
sector = 46;
}

sidedef
{
sector = 5;
texturemiddle = "CGR_LC1";
}

sidedef
{
sector = 5;
texturemiddle = "DRDC28";
}

sidedef
{
sector = 5;
texturemiddle = "DRDC34";
}

sidedef
{
sector = 5;
texturemiddle = "DRDC28";
}

sidedef
{
sector = 26;
}

sidedef
{
sector = 0;
}

sidedef
{
sector = 12;
}

sidedef
{
sector = 12;
}

sidedef
{
sector = 48;
}

sidedef
{
sector = 48;
}

sidedef
{
sector = 26;
}

sidedef
{
sector = 26;
}

sidedef
{
sector = 9;
}

sidedef
{
sector = 9;
}

sidedef
{
sector = 16;
}

sidedef
{
sector = 16;
}

sidedef
{
sector = 6;
}

sidedef
{
sector = 6;
}

sidedef
{
sector = 26;
}

sidedef
{
sector = 26;
}

sidedef
{
sector = 26;
}

sidedef
{
sector = 26;
}

sidedef
{
sector = 26;
texturemiddle = "CGR_TXT1";
offsetx_mid = -1;
}

sidedef
{
sector = 26;
texturemiddle = "DRDC29";
offsetx_mid = 32;
}

sidedef
{
sector = 26;
texturemiddle = "CGR_TXT1";
}

sidedef
{
sector = 26;
texturemiddle = "DRDC29";
}

sidedef
{
sector = 26;
texturemiddle = "DRDC27";
}

sidedef
{
sector = 26;
texturemiddle = "DRDC29";
}

sidedef
{
sector = 26;
texturemiddle = "DRDC29";
offsetx_mid = 32;
}

sidedef
{
sector = 26;
texturemiddle = "DRDC34";
offsetx_mid = 1;
}

sidedef
{
sector = 58;
texturemiddle = "DRDC27";
offsetx = 32;
offsetx_mid = -45;
}

sidedef
{
sector = 25;
texturemiddle = "DRDC45A";
}

sidedef
{
sector = 34;
texturemiddle = "DRDC27";
offsetx = 32;
offsetx_mid = -45;
}

sidedef
{
sector = 15;
texturemiddle = "DRDC47A";
}

sidedef
{
sector = 58;
texturemiddle = "DRDC28";
offsetx = 128;
}

sidedef
{
sector = 58;
texturemiddle = "DRDC34";
offsetx = 64;
}

sidedef
{
sector = 56;
texturemiddle = "DRDC43A";
}

sidedef
{
sector = 6;
texturemiddle = "DRDC27";
offsetx = 32;
offsetx_mid = 32;
}

sidedef
{
sector = 6;
texturemiddle = "drdc34";
offsetx = 64;
}

sector
{
texturefloor = "DRDC67";
textureceiling = "DRDC51";
heightceiling = 64;
lightlevel = 200;
rotationfloor = 270.000000;
}

sector
{
texturefloor = "DRDC67";
textureceiling = "DRDC53";
heightceiling = 64;
lightlevel = 200;
rotationfloor = 270.000000;
}

sector
{
texturefloor = "DRDC67";
textureceiling = "DRDC62";
heightceiling = 64;
lightlevel = 200;
rotationfloor = 270.000000;
}

sector
{
texturefloor = "DRDC67";
textureceiling = "DRDC51";
heightceiling = 64;
lightlevel = 200;
rotationfloor = 270.000000;
}

sector
{
texturefloor = "DRDC68";
textureceiling = "DRDC62";
heightceiling = 64;
lightlevel = 200;
rotationfloor = 270.000000;
}

sector
{
texturefloor = "DRDC67";
textureceiling = "DRDC51";
heightceiling = 64;
lightlevel = 200;
rotationfloor = 270.000000;
}

sector
{
texturefloor = "DRDC67";
textureceiling = "DRDC51";
heightceiling = 64;
lightlevel = 200;
rotationfloor = 270.000000;
}

sector
{
texturefloor = "DRDC68";
textureceiling = "DRDC62";
heightceiling = 64;
lightlevel = 200;
rotationfloor = 270.000000;
}

sector
{
texturefloor = "DRDC68";
textureceiling = "DRDC62";
heightceiling = 64;
lightlevel = 200;
rotationfloor = 270.000000;
}

sector
{
texturefloor = "DRDC67";
textureceiling = "DRDC53";
heightceiling = 64;
lightlevel = 200;
rotationfloor = 270.000000;
}

sector
{
texturefloor = "DRDC68";
textureceiling = "DRDC62";
heightceiling = 64;
lightlevel = 200;
rotationfloor = 270.000000;
}

sector
{
texturefloor = "DRDC67";
textureceiling = "DRDC53";
heightceiling = 64;
lightlevel = 200;
rotationfloor = 270.000000;
}

sector
{
texturefloor = "DRDC67";
textureceiling = "DRDC53";
heightceiling = 64;
lightlevel = 200;
rotationfloor = 270.000000;
}

sector
{
texturefloor = "DRDC68";
textureceiling = "DRDC62";
heightceiling = 64;
lightlevel = 200;
rotationfloor = 270.000000;
}

sector
{
texturefloor = "DRDC10B";
textureceiling = "FLAT20";
lightlevel = 200;
}

sector
{
texturefloor = "DRDC68";
textureceiling = "DRDC62";
heightceiling = 64;
lightlevel = 200;
rotationfloor = 270.000000;
}

sector
{
texturefloor = "DRDC67";
textureceiling = "DRDC51";
heightceiling = 64;
lightlevel = 200;
rotationfloor = 270.000000;
}

sector
{
texturefloor = "DRDC67";
textureceiling = "DRDC51";
heightceiling = 64;
lightlevel = 200;
rotationfloor = 270.000000;
}

sector
{
texturefloor = "DRDC10B";
textureceiling = "FLAT20";
lightlevel = 200;
rotationfloor = 90.000000;
}

sector
{
texturefloor = "DRDC67";
textureceiling = "DRDC51";
heightceiling = 64;
lightlevel = 200;
rotationfloor = 270.000000;
}

sector
{
texturefloor = "DRDC67";
textureceiling = "DRDC51";
heightceiling = 64;
lightlevel = 200;
rotationfloor = 270.000000;
}

sector
{
texturefloor = "DRDC10B";
textureceiling = "FLAT20";
lightlevel = 200;
rotationfloor = 90.000000;
}

sector
{
texturefloor = "DRDC67";
textureceiling = "DRDC51";
heightceiling = 64;
lightlevel = 200;
rotationfloor = 270.000000;
}

sector
{
texturefloor = "DRDC10B";
textureceiling = "FLAT20";
lightlevel = 200;
}

sector
{
texturefloor = "DRDC68";
textureceiling = "DRDC62";
heightceiling = 64;
lightlevel = 200;
rotationfloor = 270.000000;
}

sector
{
texturefloor = "DRDC68";
textureceiling = "DRDC62";
heightceiling = 64;
lightlevel = 200;
rotationfloor = 270.000000;
}

sector
{
texturefloor = "DRDC67";
textureceiling = "DRDC51";
heightceiling = 64;
lightlevel = 200;
rotationfloor = 270.000000;
}

sector
{
texturefloor = "DRDC67";
textureceiling = "DRDC53";
heightceiling = 64;
lightlevel = 200;
rotationfloor = 270.000000;
}

sector
{
texturefloor = "DRDC67";
textureceiling = "DRDC62";
heightceiling = 64;
lightlevel = 200;
rotationfloor = 270.000000;
}

sector
{
texturefloor = "DRDC10B";
textureceiling = "FLAT20";
lightlevel = 200;
}

sector
{
texturefloor = "DRDC68";
textureceiling = "DRDC62";
heightceiling = 64;
lightlevel = 200;
rotationfloor = 270.000000;
}

sector
{
texturefloor = "DRDC67";
textureceiling = "DRDC62";
heightceiling = 64;
lightlevel = 200;
rotationfloor = 270.000000;
}

sector
{
texturefloor = "DRDC10B";
textureceiling = "FLAT20";
lightlevel = 200;
}

sector
{
texturefloor = "DRDC68";
textureceiling = "DRDC62";
heightceiling = 64;
lightlevel = 200;
rotationfloor = 270.000000;
}

sector
{
texturefloor = "DRDC67";
textureceiling = "DRDC51";
heightceiling = 64;
lightlevel = 200;
rotationfloor = 270.000000;
}

sector
{
texturefloor = "DRDC67";
textureceiling = "DRDC53";
heightceiling = 64;
lightlevel = 200;
rotationfloor = 270.000000;
}

sector
{
texturefloor = "DRDC67";
textureceiling = "DRDC51";
heightceiling = 64;
lightlevel = 200;
rotationfloor = 270.000000;
}

sector
{
texturefloor = "DRDC68";
textureceiling = "DRDC62";
heightceiling = 64;
lightlevel = 200;
rotationfloor = 270.000000;
}

sector
{
texturefloor = "DRDC67";
textureceiling = "DRDC62";
heightceiling = 64;
lightlevel = 200;
rotationfloor = 270.000000;
}

sector
{
texturefloor = "DRDC10B";
textureceiling = "FLAT20";
lightlevel = 200;
}

sector
{
texturefloor = "DRDC67";
textureceiling = "DRDC53";
heightceiling = 64;
lightlevel = 200;
rotationfloor = 270.000000;
}

sector
{
texturefloor = "DRDC68";
textureceiling = "DRDC62";
heightceiling = 64;
lightlevel = 200;
rotationfloor = 270.000000;
}

sector
{
texturefloor = "DRDC67";
textureceiling = "DRDC53";
heightceiling = 64;
lightlevel = 200;
rotationfloor = 270.000000;
}

sector
{
texturefloor = "DRDC68";
textureceiling = "DRDC62";
heightceiling = 64;
lightlevel = 200;
rotationfloor = 270.000000;
}

sector
{
texturefloor = "DRDC67";
textureceiling = "DRDC62";
heightceiling = 64;
lightlevel = 200;
rotationfloor = 270.000000;
}

sector
{
texturefloor = "DRDC10B";
textureceiling = "FLAT20";
lightlevel = 200;
rotationfloor = 90.000000;
}

sector
{
texturefloor = "DRDC67";
textureceiling = "DRDC53";
heightceiling = 64;
lightlevel = 200;
rotationfloor = 270.000000;
}

sector
{
texturefloor = "DRDC68";
textureceiling = "DRDC62";
heightceiling = 64;
lightlevel = 200;
rotationfloor = 270.000000;
}

sector
{
texturefloor = "DRDC67";
textureceiling = "DRDC53";
heightceiling = 64;
lightlevel = 200;
rotationfloor = 270.000000;
}

sector
{
texturefloor = "DRDC67";
textureceiling = "DRDC62";
heightceiling = 64;
lightlevel = 200;
rotationfloor = 270.000000;
}

sector
{
texturefloor = "DRDC68";
textureceiling = "DRDC62";
heightceiling = 64;
lightlevel = 200;
rotationfloor = 270.000000;
}

sector
{
texturefloor = "DRDC10B";
textureceiling = "FLAT20";
lightlevel = 200;
rotationfloor = 90.000000;
}

sector
{
texturefloor = "DRDC68";
textureceiling = "DRDC62";
heightceiling = 64;
lightlevel = 200;
rotationfloor = 270.000000;
}

sector
{
texturefloor = "DRDC67";
textureceiling = "DRDC53";
heightceiling = 64;
lightlevel = 200;
rotationfloor = 270.000000;
}

sector
{
texturefloor = "DRDC67";
textureceiling = "DRDC62";
heightceiling = 64;
lightlevel = 200;
rotationfloor = 270.000000;
}

sector
{
texturefloor = "DRDC67";
textureceiling = "DRDC53";
heightceiling = 64;
lightlevel = 200;
rotationfloor = 270.000000;
}

sector
{
texturefloor = "DRDC68";
textureceiling = "DRDC62";
heightceiling = 64;
lightlevel = 200;
rotationfloor = 270.000000;
}

sector
{
texturefloor = "DRDC68";
textureceiling = "DRDC62";
heightceiling = 64;
lightlevel = 200;
rotationfloor = 270.000000;
}

sector
{
texturefloor = "DRDC67";
textureceiling = "DRDC51";
heightceiling = 64;
lightlevel = 200;
rotationfloor = 270.000000;
}

sector
{
texturefloor = "DRDC68";
textureceiling = "DRDC62";
heightceiling = 64;
lightlevel = 200;
rotationfloor = 270.000000;
}

sector
{
texturefloor = "DRDC68";
textureceiling = "DRDC62";
heightceiling = 64;
lightlevel = 200;
rotationfloor = 270.000000;
}

sector
{
texturefloor = "DRDC10B";
textureceiling = "FLAT20";
lightlevel = 200;
rotationfloor = 90.000000;
}

sector
{
texturefloor = "DRDC67";
textureceiling = "DRDC51";
heightceiling = 64;
lightlevel = 200;
rotationfloor = 270.000000;
}

sector
{
texturefloor = "DRDC67";
textureceiling = "DRDC51";
heightceiling = 64;
lightlevel = 200;
rotationfloor = 270.000000;
}

sector
{
texturefloor = "DRDC10B";
textureceiling = "FLAT20";
lightlevel = 200;
rotationfloor = 90.000000;
}

