namespace = "zdoom";
thing
{
x = 608.000;
y = 1888.000;
type = 1;
coop = true;
dm = true;
single = true;
skill1 = true;
skill2 = true;
skill3 = true;
skill4 = true;
skill5 = true;
}

thing
{
x = 736.000;
y = 1824.000;
type = 10624;
skill1 = true;
skill2 = true;
skill3 = true;
skill4 = true;
skill5 = true;
skill6 = true;
skill7 = true;
skill8 = true;
single = true;
coop = true;
dm = true;
class1 = true;
class2 = true;
class3 = true;
class4 = true;
class5 = true;
}

thing
{
x = 736.000;
y = 1696.000;
type = 2013;
skill1 = true;
skill2 = true;
skill3 = true;
skill4 = true;
skill5 = true;
skill6 = true;
skill7 = true;
skill8 = true;
single = true;
coop = true;
dm = true;
class1 = true;
class2 = true;
class3 = true;
class4 = true;
class5 = true;
}

thing
{
x = 736.000;
y = 1568.000;
type = 10621;
skill1 = true;
skill2 = true;
skill3 = true;
skill4 = true;
skill5 = true;
skill6 = true;
skill7 = true;
skill8 = true;
single = true;
coop = true;
dm = true;
class1 = true;
class2 = true;
class3 = true;
class4 = true;
class5 = true;
}

thing
{
x = 736.000;
y = 1504.000;
type = 10621;
skill1 = true;
skill2 = true;
skill3 = true;
skill4 = true;
skill5 = true;
skill6 = true;
skill7 = true;
skill8 = true;
single = true;
coop = true;
dm = true;
class1 = true;
class2 = true;
class3 = true;
class4 = true;
class5 = true;
}

thing
{
x = 736.000;
y = 1376.000;
type = 2019;
skill1 = true;
skill2 = true;
skill3 = true;
skill4 = true;
skill5 = true;
skill6 = true;
skill7 = true;
skill8 = true;
single = true;
coop = true;
dm = true;
class1 = true;
class2 = true;
class3 = true;
class4 = true;
class5 = true;
}

thing
{
x = 736.000;
y = 1248.000;
type = 6;
skill1 = true;
skill2 = true;
skill3 = true;
skill4 = true;
skill5 = true;
class2 = true;
class3 = true;
renderstyle = "";
single = true;
coop = true;
dm = true;
class1 = true;
}

thing
{
x = 736.000;
y = 1120.000;
type = 10557;
skill1 = true;
skill2 = true;
skill3 = true;
skill4 = true;
skill5 = true;
skill6 = true;
skill7 = true;
skill8 = true;
single = true;
coop = true;
dm = true;
class1 = true;
class2 = true;
class3 = true;
class4 = true;
class5 = true;
}

thing
{
x = 736.000;
y = 992.000;
type = 10600;
skill1 = true;
skill2 = true;
skill3 = true;
skill4 = true;
skill5 = true;
skill6 = true;
skill7 = true;
skill8 = true;
single = true;
coop = true;
dm = true;
class1 = true;
class2 = true;
class3 = true;
class4 = true;
class5 = true;
}

thing
{
x = 736.000;
y = 864.000;
type = 10601;
skill1 = true;
skill2 = true;
skill3 = true;
skill4 = true;
skill5 = true;
skill6 = true;
skill7 = true;
skill8 = true;
single = true;
coop = true;
dm = true;
class1 = true;
class2 = true;
class3 = true;
class4 = true;
class5 = true;
}

thing
{
x = 736.000;
y = 736.000;
type = 10610;
skill1 = true;
skill2 = true;
skill3 = true;
skill4 = true;
skill5 = true;
skill6 = true;
skill7 = true;
skill8 = true;
single = true;
coop = true;
dm = true;
class1 = true;
class2 = true;
class3 = true;
class4 = true;
class5 = true;
}

thing
{
x = 736.000;
y = 608.000;
type = 2007;
skill1 = true;
skill2 = true;
skill3 = true;
skill4 = true;
skill5 = true;
skill6 = true;
skill7 = true;
skill8 = true;
single = true;
coop = true;
dm = true;
class1 = true;
class2 = true;
class3 = true;
class4 = true;
class5 = true;
}

thing
{
x = 736.000;
y = 480.000;
type = 2008;
skill1 = true;
skill2 = true;
skill3 = true;
skill4 = true;
skill5 = true;
skill6 = true;
skill7 = true;
skill8 = true;
single = true;
coop = true;
dm = true;
class1 = true;
class2 = true;
class3 = true;
class4 = true;
class5 = true;
}

thing
{
x = 736.000;
y = 352.000;
type = 2010;
skill1 = true;
skill2 = true;
skill3 = true;
skill4 = true;
skill5 = true;
skill6 = true;
skill7 = true;
skill8 = true;
single = true;
coop = true;
dm = true;
class1 = true;
class2 = true;
class3 = true;
class4 = true;
class5 = true;
}

thing
{
x = 736.000;
y = 224.000;
type = 2047;
skill1 = true;
skill2 = true;
skill3 = true;
skill4 = true;
skill5 = true;
skill6 = true;
skill7 = true;
skill8 = true;
single = true;
coop = true;
dm = true;
class1 = true;
class2 = true;
class3 = true;
class4 = true;
class5 = true;
}

thing
{
x = 800.000;
y = 1824.000;
type = 10624;
skill1 = true;
skill2 = true;
skill3 = true;
skill4 = true;
skill5 = true;
skill6 = true;
skill7 = true;
skill8 = true;
single = true;
coop = true;
dm = true;
class1 = true;
class2 = true;
class3 = true;
class4 = true;
class5 = true;
}

thing
{
x = 800.000;
y = 1696.000;
type = 2013;
skill1 = true;
skill2 = true;
skill3 = true;
skill4 = true;
skill5 = true;
skill6 = true;
skill7 = true;
skill8 = true;
single = true;
coop = true;
dm = true;
class1 = true;
class2 = true;
class3 = true;
class4 = true;
class5 = true;
}

thing
{
x = 800.000;
y = 1568.000;
type = 10621;
skill1 = true;
skill2 = true;
skill3 = true;
skill4 = true;
skill5 = true;
skill6 = true;
skill7 = true;
skill8 = true;
single = true;
coop = true;
dm = true;
class1 = true;
class2 = true;
class3 = true;
class4 = true;
class5 = true;
}

thing
{
x = 800.000;
y = 1504.000;
type = 10621;
skill1 = true;
skill2 = true;
skill3 = true;
skill4 = true;
skill5 = true;
skill6 = true;
skill7 = true;
skill8 = true;
single = true;
coop = true;
dm = true;
class1 = true;
class2 = true;
class3 = true;
class4 = true;
class5 = true;
}

thing
{
x = 800.000;
y = 1376.000;
type = 2019;
skill1 = true;
skill2 = true;
skill3 = true;
skill4 = true;
skill5 = true;
skill6 = true;
skill7 = true;
skill8 = true;
single = true;
coop = true;
dm = true;
class1 = true;
class2 = true;
class3 = true;
class4 = true;
class5 = true;
}

thing
{
x = 800.000;
y = 1248.000;
type = 10622;
skill1 = true;
skill2 = true;
skill3 = true;
skill4 = true;
skill5 = true;
skill6 = true;
skill7 = true;
skill8 = true;
single = true;
coop = true;
dm = true;
class1 = true;
class2 = true;
class3 = true;
class4 = true;
class5 = true;
}

thing
{
x = 800.000;
y = 1120.000;
type = 10556;
skill1 = true;
skill2 = true;
skill3 = true;
skill4 = true;
skill5 = true;
skill6 = true;
skill7 = true;
skill8 = true;
single = true;
coop = true;
dm = true;
class1 = true;
class2 = true;
class3 = true;
class4 = true;
class5 = true;
}

thing
{
x = 800.000;
y = 992.000;
type = 10600;
skill1 = true;
skill2 = true;
skill3 = true;
skill4 = true;
skill5 = true;
skill6 = true;
skill7 = true;
skill8 = true;
single = true;
coop = true;
dm = true;
class1 = true;
class2 = true;
class3 = true;
class4 = true;
class5 = true;
}

thing
{
x = 800.000;
y = 864.000;
type = 10601;
skill1 = true;
skill2 = true;
skill3 = true;
skill4 = true;
skill5 = true;
skill6 = true;
skill7 = true;
skill8 = true;
single = true;
coop = true;
dm = true;
class1 = true;
class2 = true;
class3 = true;
class4 = true;
class5 = true;
}

thing
{
x = 800.000;
y = 736.000;
type = 10610;
skill1 = true;
skill2 = true;
skill3 = true;
skill4 = true;
skill5 = true;
skill6 = true;
skill7 = true;
skill8 = true;
single = true;
coop = true;
dm = true;
class1 = true;
class2 = true;
class3 = true;
class4 = true;
class5 = true;
}

thing
{
x = 800.000;
y = 608.000;
type = 2007;
skill1 = true;
skill2 = true;
skill3 = true;
skill4 = true;
skill5 = true;
skill6 = true;
skill7 = true;
skill8 = true;
single = true;
coop = true;
dm = true;
class1 = true;
class2 = true;
class3 = true;
class4 = true;
class5 = true;
}

thing
{
x = 800.000;
y = 480.000;
type = 2008;
skill1 = true;
skill2 = true;
skill3 = true;
skill4 = true;
skill5 = true;
skill6 = true;
skill7 = true;
skill8 = true;
single = true;
coop = true;
dm = true;
class1 = true;
class2 = true;
class3 = true;
class4 = true;
class5 = true;
}

thing
{
x = 800.000;
y = 352.000;
type = 2010;
skill1 = true;
skill2 = true;
skill3 = true;
skill4 = true;
skill5 = true;
skill6 = true;
skill7 = true;
skill8 = true;
single = true;
coop = true;
dm = true;
class1 = true;
class2 = true;
class3 = true;
class4 = true;
class5 = true;
}

thing
{
x = 800.000;
y = 224.000;
type = 2047;
skill1 = true;
skill2 = true;
skill3 = true;
skill4 = true;
skill5 = true;
skill6 = true;
skill7 = true;
skill8 = true;
single = true;
coop = true;
dm = true;
class1 = true;
class2 = true;
class3 = true;
class4 = true;
class5 = true;
}

thing
{
x = 864.000;
y = 1824.000;
type = 10624;
skill1 = true;
skill2 = true;
skill3 = true;
skill4 = true;
skill5 = true;
skill6 = true;
skill7 = true;
skill8 = true;
single = true;
coop = true;
dm = true;
class1 = true;
class2 = true;
class3 = true;
class4 = true;
class5 = true;
}

thing
{
x = 864.000;
y = 1696.000;
type = 2013;
skill1 = true;
skill2 = true;
skill3 = true;
skill4 = true;
skill5 = true;
skill6 = true;
skill7 = true;
skill8 = true;
single = true;
coop = true;
dm = true;
class1 = true;
class2 = true;
class3 = true;
class4 = true;
class5 = true;
}

thing
{
x = 864.000;
y = 1568.000;
type = 10621;
skill1 = true;
skill2 = true;
skill3 = true;
skill4 = true;
skill5 = true;
skill6 = true;
skill7 = true;
skill8 = true;
single = true;
coop = true;
dm = true;
class1 = true;
class2 = true;
class3 = true;
class4 = true;
class5 = true;
}

thing
{
x = 864.000;
y = 1504.000;
type = 10621;
skill1 = true;
skill2 = true;
skill3 = true;
skill4 = true;
skill5 = true;
skill6 = true;
skill7 = true;
skill8 = true;
single = true;
coop = true;
dm = true;
class1 = true;
class2 = true;
class3 = true;
class4 = true;
class5 = true;
}

thing
{
x = 864.000;
y = 1376.000;
type = 2018;
skill1 = true;
skill2 = true;
skill3 = true;
skill4 = true;
skill5 = true;
skill6 = true;
skill7 = true;
skill8 = true;
single = true;
coop = true;
dm = true;
class1 = true;
class2 = true;
class3 = true;
class4 = true;
class5 = true;
}

thing
{
x = 864.000;
y = 1248.000;
type = 5;
skill1 = true;
skill2 = true;
skill3 = true;
skill4 = true;
skill5 = true;
class2 = true;
class3 = true;
renderstyle = "";
single = true;
coop = true;
dm = true;
class1 = true;
}

thing
{
x = 864.000;
y = 1120.000;
type = 2001;
skill1 = true;
skill2 = true;
skill3 = true;
skill4 = true;
skill5 = true;
skill6 = true;
skill7 = true;
skill8 = true;
single = true;
coop = true;
dm = true;
class1 = true;
class2 = true;
class3 = true;
class4 = true;
class5 = true;
}

thing
{
x = 864.000;
y = 992.000;
type = 10600;
skill1 = true;
skill2 = true;
skill3 = true;
skill4 = true;
skill5 = true;
skill6 = true;
skill7 = true;
skill8 = true;
single = true;
coop = true;
dm = true;
class1 = true;
class2 = true;
class3 = true;
class4 = true;
class5 = true;
}

thing
{
x = 864.000;
y = 864.000;
type = 10601;
skill1 = true;
skill2 = true;
skill3 = true;
skill4 = true;
skill5 = true;
skill6 = true;
skill7 = true;
skill8 = true;
single = true;
coop = true;
dm = true;
class1 = true;
class2 = true;
class3 = true;
class4 = true;
class5 = true;
}

thing
{
x = 864.000;
y = 736.000;
type = 10610;
skill1 = true;
skill2 = true;
skill3 = true;
skill4 = true;
skill5 = true;
skill6 = true;
skill7 = true;
skill8 = true;
single = true;
coop = true;
dm = true;
class1 = true;
class2 = true;
class3 = true;
class4 = true;
class5 = true;
}

thing
{
x = 864.000;
y = 608.000;
type = 2007;
skill1 = true;
skill2 = true;
skill3 = true;
skill4 = true;
skill5 = true;
skill6 = true;
skill7 = true;
skill8 = true;
single = true;
coop = true;
dm = true;
class1 = true;
class2 = true;
class3 = true;
class4 = true;
class5 = true;
}

thing
{
x = 864.000;
y = 480.000;
type = 2049;
skill1 = true;
skill2 = true;
skill3 = true;
skill4 = true;
skill5 = true;
skill6 = true;
skill7 = true;
skill8 = true;
single = true;
coop = true;
dm = true;
class1 = true;
class2 = true;
class3 = true;
class4 = true;
class5 = true;
}

thing
{
x = 864.000;
y = 352.000;
type = 2046;
skill1 = true;
skill2 = true;
skill3 = true;
skill4 = true;
skill5 = true;
skill6 = true;
skill7 = true;
skill8 = true;
single = true;
coop = true;
dm = true;
class1 = true;
class2 = true;
class3 = true;
class4 = true;
class5 = true;
}

thing
{
x = 864.000;
y = 224.000;
type = 17;
skill1 = true;
skill2 = true;
skill3 = true;
skill4 = true;
skill5 = true;
skill6 = true;
skill7 = true;
skill8 = true;
single = true;
coop = true;
dm = true;
class1 = true;
class2 = true;
class3 = true;
class4 = true;
class5 = true;
}

thing
{
x = 928.000;
y = 1824.000;
type = 10624;
skill1 = true;
skill2 = true;
skill3 = true;
skill4 = true;
skill5 = true;
skill6 = true;
skill7 = true;
skill8 = true;
single = true;
coop = true;
dm = true;
class1 = true;
class2 = true;
class3 = true;
class4 = true;
class5 = true;
}

thing
{
x = 928.000;
y = 1696.000;
type = 2013;
skill1 = true;
skill2 = true;
skill3 = true;
skill4 = true;
skill5 = true;
skill6 = true;
skill7 = true;
skill8 = true;
single = true;
coop = true;
dm = true;
class1 = true;
class2 = true;
class3 = true;
class4 = true;
class5 = true;
}

thing
{
x = 928.000;
y = 1568.000;
type = 10621;
skill1 = true;
skill2 = true;
skill3 = true;
skill4 = true;
skill5 = true;
skill6 = true;
skill7 = true;
skill8 = true;
single = true;
coop = true;
dm = true;
class1 = true;
class2 = true;
class3 = true;
class4 = true;
class5 = true;
}

thing
{
x = 928.000;
y = 1504.000;
type = 10621;
skill1 = true;
skill2 = true;
skill3 = true;
skill4 = true;
skill5 = true;
skill6 = true;
skill7 = true;
skill8 = true;
single = true;
coop = true;
dm = true;
class1 = true;
class2 = true;
class3 = true;
class4 = true;
class5 = true;
}

thing
{
x = 928.000;
y = 1376.000;
type = 2018;
skill1 = true;
skill2 = true;
skill3 = true;
skill4 = true;
skill5 = true;
skill6 = true;
skill7 = true;
skill8 = true;
single = true;
coop = true;
dm = true;
class1 = true;
class2 = true;
class3 = true;
class4 = true;
class5 = true;
}

thing
{
x = 928.000;
y = 1248.000;
type = 13;
skill1 = true;
skill2 = true;
skill3 = true;
skill4 = true;
skill5 = true;
class2 = true;
class3 = true;
renderstyle = "";
single = true;
coop = true;
dm = true;
class1 = true;
}

thing
{
x = 928.000;
y = 1120.000;
type = 2002;
skill1 = true;
skill2 = true;
skill3 = true;
skill4 = true;
skill5 = true;
skill6 = true;
skill7 = true;
skill8 = true;
single = true;
coop = true;
dm = true;
class1 = true;
class2 = true;
class3 = true;
class4 = true;
class5 = true;
}

thing
{
x = 928.000;
y = 992.000;
type = 10600;
skill1 = true;
skill2 = true;
skill3 = true;
skill4 = true;
skill5 = true;
skill6 = true;
skill7 = true;
skill8 = true;
single = true;
coop = true;
dm = true;
class1 = true;
class2 = true;
class3 = true;
class4 = true;
class5 = true;
}

thing
{
x = 928.000;
y = 864.000;
type = 10601;
skill1 = true;
skill2 = true;
skill3 = true;
skill4 = true;
skill5 = true;
skill6 = true;
skill7 = true;
skill8 = true;
single = true;
coop = true;
dm = true;
class1 = true;
class2 = true;
class3 = true;
class4 = true;
class5 = true;
}

thing
{
x = 928.000;
y = 736.000;
type = 10611;
skill1 = true;
skill2 = true;
skill3 = true;
skill4 = true;
skill5 = true;
skill6 = true;
skill7 = true;
skill8 = true;
single = true;
coop = true;
dm = true;
class1 = true;
class2 = true;
class3 = true;
class4 = true;
class5 = true;
}

thing
{
x = 928.000;
y = 608.000;
type = 2048;
skill1 = true;
skill2 = true;
skill3 = true;
skill4 = true;
skill5 = true;
skill6 = true;
skill7 = true;
skill8 = true;
single = true;
coop = true;
dm = true;
class1 = true;
class2 = true;
class3 = true;
class4 = true;
class5 = true;
}

thing
{
x = 928.000;
y = 480.000;
type = 2049;
skill1 = true;
skill2 = true;
skill3 = true;
skill4 = true;
skill5 = true;
skill6 = true;
skill7 = true;
skill8 = true;
single = true;
coop = true;
dm = true;
class1 = true;
class2 = true;
class3 = true;
class4 = true;
class5 = true;
}

thing
{
x = 928.000;
y = 352.000;
type = 2046;
skill1 = true;
skill2 = true;
skill3 = true;
skill4 = true;
skill5 = true;
skill6 = true;
skill7 = true;
skill8 = true;
single = true;
coop = true;
dm = true;
class1 = true;
class2 = true;
class3 = true;
class4 = true;
class5 = true;
}

thing
{
x = 928.000;
y = 224.000;
type = 17;
skill1 = true;
skill2 = true;
skill3 = true;
skill4 = true;
skill5 = true;
skill6 = true;
skill7 = true;
skill8 = true;
single = true;
coop = true;
dm = true;
class1 = true;
class2 = true;
class3 = true;
class4 = true;
class5 = true;
}

thing
{
x = 992.000;
y = 1824.000;
type = 10624;
skill1 = true;
skill2 = true;
skill3 = true;
skill4 = true;
skill5 = true;
skill6 = true;
skill7 = true;
skill8 = true;
single = true;
coop = true;
dm = true;
class1 = true;
class2 = true;
class3 = true;
class4 = true;
class5 = true;
}

thing
{
x = 992.000;
y = 1696.000;
type = 2013;
skill1 = true;
skill2 = true;
skill3 = true;
skill4 = true;
skill5 = true;
skill6 = true;
skill7 = true;
skill8 = true;
single = true;
coop = true;
dm = true;
class1 = true;
class2 = true;
class3 = true;
class4 = true;
class5 = true;
}

thing
{
x = 992.000;
y = 1568.000;
type = 10621;
skill1 = true;
skill2 = true;
skill3 = true;
skill4 = true;
skill5 = true;
skill6 = true;
skill7 = true;
skill8 = true;
single = true;
coop = true;
dm = true;
class1 = true;
class2 = true;
class3 = true;
class4 = true;
class5 = true;
}

thing
{
x = 992.000;
y = 1504.000;
type = 10621;
skill1 = true;
skill2 = true;
skill3 = true;
skill4 = true;
skill5 = true;
skill6 = true;
skill7 = true;
skill8 = true;
single = true;
coop = true;
dm = true;
class1 = true;
class2 = true;
class3 = true;
class4 = true;
class5 = true;
}

thing
{
x = 992.000;
y = 1376.000;
type = 2015;
skill1 = true;
skill2 = true;
skill3 = true;
skill4 = true;
skill5 = true;
skill6 = true;
skill7 = true;
skill8 = true;
single = true;
coop = true;
dm = true;
class1 = true;
class2 = true;
class3 = true;
class4 = true;
class5 = true;
}

thing
{
x = 992.000;
y = 1248.000;
type = 2014;
skill1 = true;
skill2 = true;
skill3 = true;
skill4 = true;
skill5 = true;
skill6 = true;
skill7 = true;
skill8 = true;
single = true;
coop = true;
dm = true;
class1 = true;
class2 = true;
class3 = true;
class4 = true;
class5 = true;
}

thing
{
x = 992.000;
y = 1120.000;
type = 82;
skill1 = true;
skill2 = true;
skill3 = true;
skill4 = true;
skill5 = true;
skill6 = true;
skill7 = true;
skill8 = true;
single = true;
coop = true;
dm = true;
class1 = true;
class2 = true;
class3 = true;
class4 = true;
class5 = true;
}

thing
{
x = 992.000;
y = 992.000;
type = 10600;
skill1 = true;
skill2 = true;
skill3 = true;
skill4 = true;
skill5 = true;
skill6 = true;
skill7 = true;
skill8 = true;
single = true;
coop = true;
dm = true;
class1 = true;
class2 = true;
class3 = true;
class4 = true;
class5 = true;
}

thing
{
x = 992.000;
y = 864.000;
type = 10601;
skill1 = true;
skill2 = true;
skill3 = true;
skill4 = true;
skill5 = true;
skill6 = true;
skill7 = true;
skill8 = true;
single = true;
coop = true;
dm = true;
class1 = true;
class2 = true;
class3 = true;
class4 = true;
class5 = true;
}

thing
{
x = 992.000;
y = 736.000;
type = 10611;
skill1 = true;
skill2 = true;
skill3 = true;
skill4 = true;
skill5 = true;
skill6 = true;
skill7 = true;
skill8 = true;
single = true;
coop = true;
dm = true;
class1 = true;
class2 = true;
class3 = true;
class4 = true;
class5 = true;
}

thing
{
x = 992.000;
y = 608.000;
type = 2048;
skill1 = true;
skill2 = true;
skill3 = true;
skill4 = true;
skill5 = true;
skill6 = true;
skill7 = true;
skill8 = true;
single = true;
coop = true;
dm = true;
class1 = true;
class2 = true;
class3 = true;
class4 = true;
class5 = true;
}

thing
{
x = 992.000;
y = 480.000;
type = 2049;
skill1 = true;
skill2 = true;
skill3 = true;
skill4 = true;
skill5 = true;
skill6 = true;
skill7 = true;
skill8 = true;
single = true;
coop = true;
dm = true;
class1 = true;
class2 = true;
class3 = true;
class4 = true;
class5 = true;
}

thing
{
x = 992.000;
y = 352.000;
type = 2046;
skill1 = true;
skill2 = true;
skill3 = true;
skill4 = true;
skill5 = true;
skill6 = true;
skill7 = true;
skill8 = true;
single = true;
coop = true;
dm = true;
class1 = true;
class2 = true;
class3 = true;
class4 = true;
class5 = true;
}

thing
{
x = 992.000;
y = 224.000;
type = 17;
skill1 = true;
skill2 = true;
skill3 = true;
skill4 = true;
skill5 = true;
skill6 = true;
skill7 = true;
skill8 = true;
single = true;
coop = true;
dm = true;
class1 = true;
class2 = true;
class3 = true;
class4 = true;
class5 = true;
}

thing
{
x = 1056.000;
y = 1824.000;
type = 10624;
skill1 = true;
skill2 = true;
skill3 = true;
skill4 = true;
skill5 = true;
skill6 = true;
skill7 = true;
skill8 = true;
single = true;
coop = true;
dm = true;
class1 = true;
class2 = true;
class3 = true;
class4 = true;
class5 = true;
}

thing
{
x = 1056.000;
y = 1696.000;
type = 10623;
skill1 = true;
skill2 = true;
skill3 = true;
skill4 = true;
skill5 = true;
skill6 = true;
skill7 = true;
skill8 = true;
single = true;
coop = true;
dm = true;
class1 = true;
class2 = true;
class3 = true;
class4 = true;
class5 = true;
}

thing
{
x = 1056.000;
y = 1568.000;
type = 10621;
skill1 = true;
skill2 = true;
skill3 = true;
skill4 = true;
skill5 = true;
skill6 = true;
skill7 = true;
skill8 = true;
single = true;
coop = true;
dm = true;
class1 = true;
class2 = true;
class3 = true;
class4 = true;
class5 = true;
}

thing
{
x = 1056.000;
y = 1504.000;
type = 10621;
skill1 = true;
skill2 = true;
skill3 = true;
skill4 = true;
skill5 = true;
skill6 = true;
skill7 = true;
skill8 = true;
single = true;
coop = true;
dm = true;
class1 = true;
class2 = true;
class3 = true;
class4 = true;
class5 = true;
}

thing
{
x = 1056.000;
y = 1376.000;
type = 2015;
skill1 = true;
skill2 = true;
skill3 = true;
skill4 = true;
skill5 = true;
skill6 = true;
skill7 = true;
skill8 = true;
single = true;
coop = true;
dm = true;
class1 = true;
class2 = true;
class3 = true;
class4 = true;
class5 = true;
}

thing
{
x = 1056.000;
y = 1248.000;
type = 2014;
skill1 = true;
skill2 = true;
skill3 = true;
skill4 = true;
skill5 = true;
skill6 = true;
skill7 = true;
skill8 = true;
single = true;
coop = true;
dm = true;
class1 = true;
class2 = true;
class3 = true;
class4 = true;
class5 = true;
}

thing
{
x = 1056.000;
y = 1120.000;
type = 2004;
skill1 = true;
skill2 = true;
skill3 = true;
skill4 = true;
skill5 = true;
skill6 = true;
skill7 = true;
skill8 = true;
single = true;
coop = true;
dm = true;
class1 = true;
class2 = true;
class3 = true;
class4 = true;
class5 = true;
}

thing
{
x = 1056.000;
y = 992.000;
type = 10600;
skill1 = true;
skill2 = true;
skill3 = true;
skill4 = true;
skill5 = true;
skill6 = true;
skill7 = true;
skill8 = true;
single = true;
coop = true;
dm = true;
class1 = true;
class2 = true;
class3 = true;
class4 = true;
class5 = true;
}

thing
{
x = 1056.000;
y = 864.000;
type = 10601;
skill1 = true;
skill2 = true;
skill3 = true;
skill4 = true;
skill5 = true;
skill6 = true;
skill7 = true;
skill8 = true;
single = true;
coop = true;
dm = true;
class1 = true;
class2 = true;
class3 = true;
class4 = true;
class5 = true;
}

thing
{
x = 1056.000;
y = 736.000;
type = 10611;
skill1 = true;
skill2 = true;
skill3 = true;
skill4 = true;
skill5 = true;
skill6 = true;
skill7 = true;
skill8 = true;
single = true;
coop = true;
dm = true;
class1 = true;
class2 = true;
class3 = true;
class4 = true;
class5 = true;
}

thing
{
x = 1056.000;
y = 608.000;
type = 2048;
skill1 = true;
skill2 = true;
skill3 = true;
skill4 = true;
skill5 = true;
skill6 = true;
skill7 = true;
skill8 = true;
single = true;
coop = true;
dm = true;
class1 = true;
class2 = true;
class3 = true;
class4 = true;
class5 = true;
}

thing
{
x = 1056.000;
y = 480.000;
type = 2049;
skill1 = true;
skill2 = true;
skill3 = true;
skill4 = true;
skill5 = true;
skill6 = true;
skill7 = true;
skill8 = true;
single = true;
coop = true;
dm = true;
class1 = true;
class2 = true;
class3 = true;
class4 = true;
class5 = true;
}

thing
{
x = 1056.000;
y = 352.000;
type = 2046;
skill1 = true;
skill2 = true;
skill3 = true;
skill4 = true;
skill5 = true;
skill6 = true;
skill7 = true;
skill8 = true;
single = true;
coop = true;
dm = true;
class1 = true;
class2 = true;
class3 = true;
class4 = true;
class5 = true;
}

thing
{
x = 1056.000;
y = 224.000;
type = 17;
skill1 = true;
skill2 = true;
skill3 = true;
skill4 = true;
skill5 = true;
skill6 = true;
skill7 = true;
skill8 = true;
single = true;
coop = true;
dm = true;
class1 = true;
class2 = true;
class3 = true;
class4 = true;
class5 = true;
}

thing
{
x = 1120.000;
y = 1696.000;
type = 10623;
skill1 = true;
skill2 = true;
skill3 = true;
skill4 = true;
skill5 = true;
skill6 = true;
skill7 = true;
skill8 = true;
single = true;
coop = true;
dm = true;
class1 = true;
class2 = true;
class3 = true;
class4 = true;
class5 = true;
}

thing
{
x = 1120.000;
y = 1568.000;
type = 10621;
skill1 = true;
skill2 = true;
skill3 = true;
skill4 = true;
skill5 = true;
skill6 = true;
skill7 = true;
skill8 = true;
single = true;
coop = true;
dm = true;
class1 = true;
class2 = true;
class3 = true;
class4 = true;
class5 = true;
}

thing
{
x = 1120.000;
y = 1504.000;
type = 10621;
skill1 = true;
skill2 = true;
skill3 = true;
skill4 = true;
skill5 = true;
skill6 = true;
skill7 = true;
skill8 = true;
single = true;
coop = true;
dm = true;
class1 = true;
class2 = true;
class3 = true;
class4 = true;
class5 = true;
}

thing
{
x = 1120.000;
y = 1376.000;
type = 2015;
skill1 = true;
skill2 = true;
skill3 = true;
skill4 = true;
skill5 = true;
skill6 = true;
skill7 = true;
skill8 = true;
single = true;
coop = true;
dm = true;
class1 = true;
class2 = true;
class3 = true;
class4 = true;
class5 = true;
}

thing
{
x = 1120.000;
y = 1248.000;
type = 2014;
skill1 = true;
skill2 = true;
skill3 = true;
skill4 = true;
skill5 = true;
skill6 = true;
skill7 = true;
skill8 = true;
single = true;
coop = true;
dm = true;
class1 = true;
class2 = true;
class3 = true;
class4 = true;
class5 = true;
}

thing
{
x = 1120.000;
y = 1120.000;
type = 2003;
skill1 = true;
skill2 = true;
skill3 = true;
skill4 = true;
skill5 = true;
skill6 = true;
skill7 = true;
skill8 = true;
single = true;
coop = true;
dm = true;
class1 = true;
class2 = true;
class3 = true;
class4 = true;
class5 = true;
}

thing
{
x = 1120.000;
y = 992.000;
type = 10600;
skill1 = true;
skill2 = true;
skill3 = true;
skill4 = true;
skill5 = true;
skill6 = true;
skill7 = true;
skill8 = true;
single = true;
coop = true;
dm = true;
class1 = true;
class2 = true;
class3 = true;
class4 = true;
class5 = true;
}

thing
{
x = 1120.000;
y = 864.000;
type = 10601;
skill1 = true;
skill2 = true;
skill3 = true;
skill4 = true;
skill5 = true;
skill6 = true;
skill7 = true;
skill8 = true;
single = true;
coop = true;
dm = true;
class1 = true;
class2 = true;
class3 = true;
class4 = true;
class5 = true;
}

thing
{
x = 1120.000;
y = 736.000;
type = 10611;
skill1 = true;
skill2 = true;
skill3 = true;
skill4 = true;
skill5 = true;
skill6 = true;
skill7 = true;
skill8 = true;
single = true;
coop = true;
dm = true;
class1 = true;
class2 = true;
class3 = true;
class4 = true;
class5 = true;
}

thing
{
x = 1120.000;
y = 608.000;
type = 2048;
skill1 = true;
skill2 = true;
skill3 = true;
skill4 = true;
skill5 = true;
skill6 = true;
skill7 = true;
skill8 = true;
single = true;
coop = true;
dm = true;
class1 = true;
class2 = true;
class3 = true;
class4 = true;
class5 = true;
}

thing
{
x = 1120.000;
y = 480.000;
type = 2049;
skill1 = true;
skill2 = true;
skill3 = true;
skill4 = true;
skill5 = true;
skill6 = true;
skill7 = true;
skill8 = true;
single = true;
coop = true;
dm = true;
class1 = true;
class2 = true;
class3 = true;
class4 = true;
class5 = true;
}

thing
{
x = 1120.000;
y = 352.000;
type = 2046;
skill1 = true;
skill2 = true;
skill3 = true;
skill4 = true;
skill5 = true;
skill6 = true;
skill7 = true;
skill8 = true;
single = true;
coop = true;
dm = true;
class1 = true;
class2 = true;
class3 = true;
class4 = true;
class5 = true;
}

thing
{
x = 1120.000;
y = 224.000;
type = 17;
skill1 = true;
skill2 = true;
skill3 = true;
skill4 = true;
skill5 = true;
skill6 = true;
skill7 = true;
skill8 = true;
single = true;
coop = true;
dm = true;
class1 = true;
class2 = true;
class3 = true;
class4 = true;
class5 = true;
}

thing
{
x = 1184.000;
y = 1696.000;
type = 10623;
skill1 = true;
skill2 = true;
skill3 = true;
skill4 = true;
skill5 = true;
skill6 = true;
skill7 = true;
skill8 = true;
single = true;
coop = true;
dm = true;
class1 = true;
class2 = true;
class3 = true;
class4 = true;
class5 = true;
}

thing
{
x = 1184.000;
y = 1568.000;
type = 10621;
skill1 = true;
skill2 = true;
skill3 = true;
skill4 = true;
skill5 = true;
skill6 = true;
skill7 = true;
skill8 = true;
single = true;
coop = true;
dm = true;
class1 = true;
class2 = true;
class3 = true;
class4 = true;
class5 = true;
}

thing
{
x = 1184.000;
y = 1504.000;
type = 10621;
skill1 = true;
skill2 = true;
skill3 = true;
skill4 = true;
skill5 = true;
skill6 = true;
skill7 = true;
skill8 = true;
single = true;
coop = true;
dm = true;
class1 = true;
class2 = true;
class3 = true;
class4 = true;
class5 = true;
}

thing
{
x = 1184.000;
y = 1376.000;
type = 2015;
skill1 = true;
skill2 = true;
skill3 = true;
skill4 = true;
skill5 = true;
skill6 = true;
skill7 = true;
skill8 = true;
single = true;
coop = true;
dm = true;
class1 = true;
class2 = true;
class3 = true;
class4 = true;
class5 = true;
}

thing
{
x = 1184.000;
y = 1248.000;
type = 2014;
skill1 = true;
skill2 = true;
skill3 = true;
skill4 = true;
skill5 = true;
skill6 = true;
skill7 = true;
skill8 = true;
single = true;
coop = true;
dm = true;
class1 = true;
class2 = true;
class3 = true;
class4 = true;
class5 = true;
}

thing
{
x = 1184.000;
y = 1120.000;
type = 2006;
skill1 = true;
skill2 = true;
skill3 = true;
skill4 = true;
skill5 = true;
skill6 = true;
skill7 = true;
skill8 = true;
single = true;
coop = true;
dm = true;
class1 = true;
class2 = true;
class3 = true;
class4 = true;
class5 = true;
}

thing
{
x = 1184.000;
y = 992.000;
type = 10600;
skill1 = true;
skill2 = true;
skill3 = true;
skill4 = true;
skill5 = true;
skill6 = true;
skill7 = true;
skill8 = true;
single = true;
coop = true;
dm = true;
class1 = true;
class2 = true;
class3 = true;
class4 = true;
class5 = true;
}

thing
{
x = 1184.000;
y = 864.000;
type = 10601;
skill1 = true;
skill2 = true;
skill3 = true;
skill4 = true;
skill5 = true;
skill6 = true;
skill7 = true;
skill8 = true;
single = true;
coop = true;
dm = true;
class1 = true;
class2 = true;
class3 = true;
class4 = true;
class5 = true;
}

thing
{
x = 1184.000;
y = 736.000;
type = 10611;
skill1 = true;
skill2 = true;
skill3 = true;
skill4 = true;
skill5 = true;
skill6 = true;
skill7 = true;
skill8 = true;
single = true;
coop = true;
dm = true;
class1 = true;
class2 = true;
class3 = true;
class4 = true;
class5 = true;
}

thing
{
x = 1184.000;
y = 608.000;
type = 2048;
skill1 = true;
skill2 = true;
skill3 = true;
skill4 = true;
skill5 = true;
skill6 = true;
skill7 = true;
skill8 = true;
single = true;
coop = true;
dm = true;
class1 = true;
class2 = true;
class3 = true;
class4 = true;
class5 = true;
}

thing
{
x = 1184.000;
y = 480.000;
type = 2049;
skill1 = true;
skill2 = true;
skill3 = true;
skill4 = true;
skill5 = true;
skill6 = true;
skill7 = true;
skill8 = true;
single = true;
coop = true;
dm = true;
class1 = true;
class2 = true;
class3 = true;
class4 = true;
class5 = true;
}

thing
{
x = 1184.000;
y = 352.000;
type = 2046;
skill1 = true;
skill2 = true;
skill3 = true;
skill4 = true;
skill5 = true;
skill6 = true;
skill7 = true;
skill8 = true;
single = true;
coop = true;
dm = true;
class1 = true;
class2 = true;
class3 = true;
class4 = true;
class5 = true;
}

thing
{
x = 1184.000;
y = 224.000;
type = 17;
skill1 = true;
skill2 = true;
skill3 = true;
skill4 = true;
skill5 = true;
skill6 = true;
skill7 = true;
skill8 = true;
single = true;
coop = true;
dm = true;
class1 = true;
class2 = true;
class3 = true;
class4 = true;
class5 = true;
}

thing
{
x = 1248.000;
y = 1696.000;
type = 10623;
skill1 = true;
skill2 = true;
skill3 = true;
skill4 = true;
skill5 = true;
skill6 = true;
skill7 = true;
skill8 = true;
single = true;
coop = true;
dm = true;
class1 = true;
class2 = true;
class3 = true;
class4 = true;
class5 = true;
}

thing
{
x = 1248.000;
y = 1568.000;
type = 10620;
skill1 = true;
skill2 = true;
skill3 = true;
skill4 = true;
skill5 = true;
skill6 = true;
skill7 = true;
skill8 = true;
single = true;
coop = true;
dm = true;
class1 = true;
class2 = true;
class3 = true;
class4 = true;
class5 = true;
}

thing
{
x = 1248.000;
y = 1504.000;
type = 10620;
skill1 = true;
skill2 = true;
skill3 = true;
skill4 = true;
skill5 = true;
skill6 = true;
skill7 = true;
skill8 = true;
single = true;
coop = true;
dm = true;
class1 = true;
class2 = true;
class3 = true;
class4 = true;
class5 = true;
}

thing
{
x = 1248.000;
y = 1376.000;
type = 2015;
skill1 = true;
skill2 = true;
skill3 = true;
skill4 = true;
skill5 = true;
skill6 = true;
skill7 = true;
skill8 = true;
single = true;
coop = true;
dm = true;
class1 = true;
class2 = true;
class3 = true;
class4 = true;
class5 = true;
}

thing
{
x = 1248.000;
y = 1248.000;
type = 2014;
skill1 = true;
skill2 = true;
skill3 = true;
skill4 = true;
skill5 = true;
skill6 = true;
skill7 = true;
skill8 = true;
single = true;
coop = true;
dm = true;
class1 = true;
class2 = true;
class3 = true;
class4 = true;
class5 = true;
}

thing
{
x = 1248.000;
y = 1120.000;
type = 2014;
skill1 = true;
skill2 = true;
skill3 = true;
skill4 = true;
skill5 = true;
skill6 = true;
skill7 = true;
skill8 = true;
single = true;
coop = true;
dm = true;
class1 = true;
class2 = true;
class3 = true;
class4 = true;
class5 = true;
}

thing
{
x = 1248.000;
y = 992.000;
type = 10600;
skill1 = true;
skill2 = true;
skill3 = true;
skill4 = true;
skill5 = true;
skill6 = true;
skill7 = true;
skill8 = true;
single = true;
coop = true;
dm = true;
class1 = true;
class2 = true;
class3 = true;
class4 = true;
class5 = true;
}

thing
{
x = 1248.000;
y = 864.000;
type = 10601;
skill1 = true;
skill2 = true;
skill3 = true;
skill4 = true;
skill5 = true;
skill6 = true;
skill7 = true;
skill8 = true;
single = true;
coop = true;
dm = true;
class1 = true;
class2 = true;
class3 = true;
class4 = true;
class5 = true;
}

thing
{
x = 1248.000;
y = 736.000;
type = 10611;
skill1 = true;
skill2 = true;
skill3 = true;
skill4 = true;
skill5 = true;
skill6 = true;
skill7 = true;
skill8 = true;
single = true;
coop = true;
dm = true;
class1 = true;
class2 = true;
class3 = true;
class4 = true;
class5 = true;
}

thing
{
x = 1248.000;
y = 608.000;
type = 2048;
skill1 = true;
skill2 = true;
skill3 = true;
skill4 = true;
skill5 = true;
skill6 = true;
skill7 = true;
skill8 = true;
single = true;
coop = true;
dm = true;
class1 = true;
class2 = true;
class3 = true;
class4 = true;
class5 = true;
}

thing
{
x = 1248.000;
y = 480.000;
type = 2049;
skill1 = true;
skill2 = true;
skill3 = true;
skill4 = true;
skill5 = true;
skill6 = true;
skill7 = true;
skill8 = true;
single = true;
coop = true;
dm = true;
class1 = true;
class2 = true;
class3 = true;
class4 = true;
class5 = true;
}

thing
{
x = 1248.000;
y = 352.000;
type = 2046;
skill1 = true;
skill2 = true;
skill3 = true;
skill4 = true;
skill5 = true;
skill6 = true;
skill7 = true;
skill8 = true;
single = true;
coop = true;
dm = true;
class1 = true;
class2 = true;
class3 = true;
class4 = true;
class5 = true;
}

thing
{
x = 1248.000;
y = 224.000;
type = 17;
skill1 = true;
skill2 = true;
skill3 = true;
skill4 = true;
skill5 = true;
skill6 = true;
skill7 = true;
skill8 = true;
single = true;
coop = true;
dm = true;
class1 = true;
class2 = true;
class3 = true;
class4 = true;
class5 = true;
}

thing
{
x = 1312.000;
y = 1696.000;
type = 10623;
skill1 = true;
skill2 = true;
skill3 = true;
skill4 = true;
skill5 = true;
skill6 = true;
skill7 = true;
skill8 = true;
single = true;
coop = true;
dm = true;
class1 = true;
class2 = true;
class3 = true;
class4 = true;
class5 = true;
}

thing
{
x = 1312.000;
y = 1568.000;
type = 10620;
skill1 = true;
skill2 = true;
skill3 = true;
skill4 = true;
skill5 = true;
skill6 = true;
skill7 = true;
skill8 = true;
single = true;
coop = true;
dm = true;
class1 = true;
class2 = true;
class3 = true;
class4 = true;
class5 = true;
}

thing
{
x = 1312.000;
y = 1504.000;
type = 10620;
skill1 = true;
skill2 = true;
skill3 = true;
skill4 = true;
skill5 = true;
skill6 = true;
skill7 = true;
skill8 = true;
single = true;
coop = true;
dm = true;
class1 = true;
class2 = true;
class3 = true;
class4 = true;
class5 = true;
}

thing
{
x = 1312.000;
y = 1376.000;
type = 2015;
skill1 = true;
skill2 = true;
skill3 = true;
skill4 = true;
skill5 = true;
skill6 = true;
skill7 = true;
skill8 = true;
single = true;
coop = true;
dm = true;
class1 = true;
class2 = true;
class3 = true;
class4 = true;
class5 = true;
}

thing
{
x = 1312.000;
y = 1248.000;
type = 2014;
skill1 = true;
skill2 = true;
skill3 = true;
skill4 = true;
skill5 = true;
skill6 = true;
skill7 = true;
skill8 = true;
single = true;
coop = true;
dm = true;
class1 = true;
class2 = true;
class3 = true;
class4 = true;
class5 = true;
}

thing
{
x = 1312.000;
y = 1120.000;
type = 2014;
skill1 = true;
skill2 = true;
skill3 = true;
skill4 = true;
skill5 = true;
skill6 = true;
skill7 = true;
skill8 = true;
single = true;
coop = true;
dm = true;
class1 = true;
class2 = true;
class3 = true;
class4 = true;
class5 = true;
}

thing
{
x = 1312.000;
y = 992.000;
type = 10600;
skill1 = true;
skill2 = true;
skill3 = true;
skill4 = true;
skill5 = true;
skill6 = true;
skill7 = true;
skill8 = true;
single = true;
coop = true;
dm = true;
class1 = true;
class2 = true;
class3 = true;
class4 = true;
class5 = true;
}

thing
{
x = 1312.000;
y = 864.000;
type = 10601;
skill1 = true;
skill2 = true;
skill3 = true;
skill4 = true;
skill5 = true;
skill6 = true;
skill7 = true;
skill8 = true;
single = true;
coop = true;
dm = true;
class1 = true;
class2 = true;
class3 = true;
class4 = true;
class5 = true;
}

thing
{
x = 1312.000;
y = 736.000;
type = 10611;
skill1 = true;
skill2 = true;
skill3 = true;
skill4 = true;
skill5 = true;
skill6 = true;
skill7 = true;
skill8 = true;
single = true;
coop = true;
dm = true;
class1 = true;
class2 = true;
class3 = true;
class4 = true;
class5 = true;
}

thing
{
x = 1312.000;
y = 608.000;
type = 2048;
skill1 = true;
skill2 = true;
skill3 = true;
skill4 = true;
skill5 = true;
skill6 = true;
skill7 = true;
skill8 = true;
single = true;
coop = true;
dm = true;
class1 = true;
class2 = true;
class3 = true;
class4 = true;
class5 = true;
}

thing
{
x = 1312.000;
y = 480.000;
type = 2049;
skill1 = true;
skill2 = true;
skill3 = true;
skill4 = true;
skill5 = true;
skill6 = true;
skill7 = true;
skill8 = true;
single = true;
coop = true;
dm = true;
class1 = true;
class2 = true;
class3 = true;
class4 = true;
class5 = true;
}

thing
{
x = 1312.000;
y = 352.000;
type = 2046;
skill1 = true;
skill2 = true;
skill3 = true;
skill4 = true;
skill5 = true;
skill6 = true;
skill7 = true;
skill8 = true;
single = true;
coop = true;
dm = true;
class1 = true;
class2 = true;
class3 = true;
class4 = true;
class5 = true;
}

thing
{
x = 1312.000;
y = 224.000;
type = 17;
skill1 = true;
skill2 = true;
skill3 = true;
skill4 = true;
skill5 = true;
skill6 = true;
skill7 = true;
skill8 = true;
single = true;
coop = true;
dm = true;
class1 = true;
class2 = true;
class3 = true;
class4 = true;
class5 = true;
}

thing
{
x = 1440.000;
y = 1888.000;
type = 10250;
skill1 = true;
skill2 = true;
skill3 = true;
skill4 = true;
skill5 = true;
skill6 = true;
skill7 = true;
skill8 = true;
single = true;
coop = true;
dm = true;
class1 = true;
class2 = true;
class3 = true;
class4 = true;
class5 = true;
}

thing
{
x = 1440.000;
y = 1824.000;
type = 10251;
skill1 = true;
skill2 = true;
skill3 = true;
skill4 = true;
skill5 = true;
skill6 = true;
skill7 = true;
skill8 = true;
single = true;
coop = true;
dm = true;
class1 = true;
class2 = true;
class3 = true;
class4 = true;
class5 = true;
}

thing
{
x = 1440.000;
y = 1760.000;
type = 10701;
skill1 = true;
skill2 = true;
skill3 = true;
skill4 = true;
skill5 = true;
skill6 = true;
skill7 = true;
skill8 = true;
single = true;
coop = true;
dm = true;
class1 = true;
class2 = true;
class3 = true;
class4 = true;
class5 = true;
}

thing
{
x = 1440.000;
y = 1568.000;
type = 10705;
skill1 = true;
skill2 = true;
skill3 = true;
skill4 = true;
skill5 = true;
skill6 = true;
skill7 = true;
skill8 = true;
single = true;
coop = true;
dm = true;
class1 = true;
class2 = true;
class3 = true;
class4 = true;
class5 = true;
}

thing
{
x = 1440.000;
y = 1504.000;
type = 10705;
skill1 = true;
skill2 = true;
skill3 = true;
skill4 = true;
skill5 = true;
skill6 = true;
skill7 = true;
skill8 = true;
single = true;
coop = true;
dm = true;
class1 = true;
class2 = true;
class3 = true;
class4 = true;
class5 = true;
}

thing
{
x = 1440.000;
y = 1440.000;
type = 10705;
skill1 = true;
skill2 = true;
skill3 = true;
skill4 = true;
skill5 = true;
skill6 = true;
skill7 = true;
skill8 = true;
single = true;
coop = true;
dm = true;
class1 = true;
class2 = true;
class3 = true;
class4 = true;
class5 = true;
}

thing
{
x = 1440.000;
y = 1376.000;
type = 10766;
skill1 = true;
skill2 = true;
skill3 = true;
skill4 = true;
skill5 = true;
skill6 = true;
skill7 = true;
skill8 = true;
single = true;
coop = true;
dm = true;
class1 = true;
class2 = true;
class3 = true;
class4 = true;
class5 = true;
}

thing
{
x = 1440.000;
y = 1312.000;
type = 10766;
skill1 = true;
skill2 = true;
skill3 = true;
skill4 = true;
skill5 = true;
skill6 = true;
skill7 = true;
skill8 = true;
single = true;
coop = true;
dm = true;
class1 = true;
class2 = true;
class3 = true;
class4 = true;
class5 = true;
}

thing
{
x = 1440.000;
y = 1248.000;
type = 10766;
skill1 = true;
skill2 = true;
skill3 = true;
skill4 = true;
skill5 = true;
skill6 = true;
skill7 = true;
skill8 = true;
single = true;
coop = true;
dm = true;
class1 = true;
class2 = true;
class3 = true;
class4 = true;
class5 = true;
}

thing
{
x = 1440.000;
y = 1184.000;
type = 10766;
skill1 = true;
skill2 = true;
skill3 = true;
skill4 = true;
skill5 = true;
skill6 = true;
skill7 = true;
skill8 = true;
single = true;
coop = true;
dm = true;
class1 = true;
class2 = true;
class3 = true;
class4 = true;
class5 = true;
}

thing
{
x = 1440.000;
y = 1120.000;
type = 10766;
skill1 = true;
skill2 = true;
skill3 = true;
skill4 = true;
skill5 = true;
skill6 = true;
skill7 = true;
skill8 = true;
single = true;
coop = true;
dm = true;
class1 = true;
class2 = true;
class3 = true;
class4 = true;
class5 = true;
}

thing
{
x = 1440.000;
y = 992.000;
type = 10701;
skill1 = true;
skill2 = true;
skill3 = true;
skill4 = true;
skill5 = true;
skill6 = true;
skill7 = true;
skill8 = true;
single = true;
coop = true;
dm = true;
class1 = true;
class2 = true;
class3 = true;
class4 = true;
class5 = true;
}

thing
{
x = 1440.000;
y = 736.000;
type = 10701;
skill1 = true;
skill2 = true;
skill3 = true;
skill4 = true;
skill5 = true;
skill6 = true;
skill7 = true;
skill8 = true;
single = true;
coop = true;
dm = true;
class1 = true;
class2 = true;
class3 = true;
class4 = true;
class5 = true;
}

thing
{
x = 1440.000;
y = 480.000;
type = 10701;
skill1 = true;
skill2 = true;
skill3 = true;
skill4 = true;
skill5 = true;
skill6 = true;
skill7 = true;
skill8 = true;
single = true;
coop = true;
dm = true;
class1 = true;
class2 = true;
class3 = true;
class4 = true;
class5 = true;
}

thing
{
x = 1440.000;
y = 224.000;
type = 10701;
skill1 = true;
skill2 = true;
skill3 = true;
skill4 = true;
skill5 = true;
skill6 = true;
skill7 = true;
skill8 = true;
single = true;
coop = true;
dm = true;
class1 = true;
class2 = true;
class3 = true;
class4 = true;
class5 = true;
}

vertex
{
x = 1472.000;
y = 128.000;
}

vertex
{
x = 576.000;
y = 128.000;
}

vertex
{
x = 1472.000;
y = 1920.000;
}

vertex
{
x = 576.000;
y = 1920.000;
}

linedef
{
v1 = 0;
v2 = 1;
sidefront = 0;
}

linedef
{
v1 = 2;
v2 = 0;
sidefront = 1;
}

linedef
{
v1 = 1;
v2 = 3;
sidefront = 2;
}

linedef
{
v1 = 3;
v2 = 2;
sidefront = 3;
}

sidedef
{
sector = 0;
texturemiddle = "drdc11";
}

sidedef
{
sector = 0;
texturemiddle = "drdc11";
}

sidedef
{
sector = 0;
texturemiddle = "drdc11";
}

sidedef
{
sector = 0;
texturemiddle = "drdc11";
}

sector
{
texturefloor = "floor";
textureceiling = "ceiling";
heightceiling = 64;
}

