// Written by SLADE3
namespace="zdoom";
thing//#0
{
x=0.000;
y=32.000;
type=1;
angle=90;
coop=true;
dm=true;
single=true;
skill1=true;
skill2=true;
skill3=true;
skill4=true;
skill5=true;
renderstyle="";
dormant=true;
standing=true;
}

thing//#1
{
x=64.000;
y=-32.000;
type=2;
coop=true;
dm=true;
single=true;
skill1=true;
skill2=true;
skill3=true;
skill4=true;
skill5=true;
renderstyle="";
dormant=true;
standing=true;
}

thing//#2
{
x=0.000;
y=-32.000;
type=11;
angle=90;
coop=true;
dm=true;
single=true;
skill1=true;
skill2=true;
skill3=true;
skill4=true;
skill5=true;
renderstyle="";
dormant=true;
standing=true;
}

thing//#3
{
x=-64.000;
y=-32.000;
type=4;
angle=180;
coop=true;
dm=true;
single=true;
skill1=true;
skill2=true;
skill3=true;
skill4=true;
skill5=true;
renderstyle="";
dormant=true;
standing=true;
}

thing//#4
{
x=0.000;
y=-96.000;
type=3;
angle=270;
coop=true;
dm=true;
single=true;
skill1=true;
skill2=true;
skill3=true;
skill4=true;
skill5=true;
renderstyle="";
dormant=true;
standing=true;
}

thing//#5
{
x=-64.000;
y=32.000;
type=4001;
angle=135;
coop=true;
dm=true;
single=true;
skill1=true;
skill2=true;
skill3=true;
skill4=true;
skill5=true;
renderstyle="";
dormant=true;
standing=true;
}

thing//#6
{
x=64.000;
y=32.000;
type=4002;
angle=45;
coop=true;
dm=true;
single=true;
skill1=true;
skill2=true;
skill3=true;
skill4=true;
skill5=true;
renderstyle="";
dormant=true;
standing=true;
}

thing//#7
{
x=64.000;
y=-96.000;
type=4004;
angle=315;
coop=true;
dm=true;
single=true;
skill1=true;
skill2=true;
skill3=true;
skill4=true;
skill5=true;
renderstyle="";
dormant=true;
standing=true;
}

thing//#8
{
x=-64.000;
y=-96.000;
type=4003;
angle=225;
coop=true;
dm=true;
single=true;
skill1=true;
skill2=true;
skill3=true;
skill4=true;
skill5=true;
renderstyle="";
dormant=true;
standing=true;
}

linedef//#0
{
v1=0;
v2=1;
sidefront=0;
blocking=true;
}

linedef//#1
{
v1=1;
v2=2;
sidefront=1;
blocking=true;
}

linedef//#2
{
v1=2;
v2=3;
sidefront=2;
blocking=true;
}

linedef//#3
{
v1=3;
v2=0;
sidefront=3;
blocking=true;
}

sidedef//#0
{
sector=0;
texturemiddle="STONE2";
}

sidedef//#1
{
sector=0;
texturemiddle="STONE2";
}

sidedef//#2
{
sector=0;
texturemiddle="STONE2";
}

sidedef//#3
{
sector=0;
texturemiddle="STONE2";
}

vertex//#0
{
x=-192.000;
y=-192.000;
}

vertex//#1
{
x=-192.000;
y=128.000;
}

vertex//#2
{
x=192.000;
y=128.000;
}

vertex//#3
{
x=192.000;
y=-192.000;
}

sector//#0
{
texturefloor="MFLR8_1";
textureceiling="MFLR8_1";
heightceiling=128;
lightlevel=0;
}

